Component: ARM Compiler 5.05 update 2 (build 169) Tool: armlink [4d0f33]

==============================================================================

Section Cross References

    main.o(i.main) refers to system_stm32f10x_1.o(i.SystemInit) for SystemInit
    main.o(i.main) refers to usart1.o(i.USART1_Config) for USART1_Config
    main.o(i.main) refers to led.o(i.LED_GPIO_Config) for LED_GPIO_Config
    main.o(i.main) refers to noretval__2printf.o(.text) for __2printf
    main.o(i.main) refers to can.o(i.USER_CAN_Init) for USER_CAN_Init
    main.o(i.main) refers to can.o(i.USER_CAN_Test) for USER_CAN_Test
    can.o(i.CAN_GPIO_Config) refers to stm32f10x_rcc.o(i.RCC_APB2PeriphClockCmd) for RCC_APB2PeriphClockCmd
    can.o(i.CAN_GPIO_Config) refers to stm32f10x_rcc.o(i.RCC_APB1PeriphClockCmd) for RCC_APB1PeriphClockCmd
    can.o(i.CAN_GPIO_Config) refers to stm32f10x_gpio.o(i.GPIO_Init) for GPIO_Init
    can.o(i.CAN_GPIO_Config) refers to stm32f10x_gpio.o(i.GPIO_PinRemapConfig) for GPIO_PinRemapConfig
    can.o(i.CAN_Interrupt) refers to stm32f10x_can.o(i.CAN_DeInit) for CAN_DeInit
    can.o(i.CAN_Interrupt) refers to stm32f10x_can.o(i.CAN_StructInit) for CAN_StructInit
    can.o(i.CAN_Interrupt) refers to stm32f10x_can.o(i.CAN_Init) for CAN_Init
    can.o(i.CAN_Interrupt) refers to stm32f10x_can.o(i.CAN_FilterInit) for CAN_FilterInit
    can.o(i.CAN_Interrupt) refers to stm32f10x_can.o(i.CAN_ITConfig) for CAN_ITConfig
    can.o(i.CAN_Interrupt) refers to stm32f10x_can.o(i.CAN_Transmit) for CAN_Transmit
    can.o(i.CAN_Interrupt) refers to can.o(.data) for ret
    can.o(i.CAN_NVIC_Configuration) refers to misc.o(i.NVIC_Init) for NVIC_Init
    can.o(i.CAN_Polling) refers to stm32f10x_can.o(i.CAN_DeInit) for CAN_DeInit
    can.o(i.CAN_Polling) refers to stm32f10x_can.o(i.CAN_StructInit) for CAN_StructInit
    can.o(i.CAN_Polling) refers to stm32f10x_can.o(i.CAN_Init) for CAN_Init
    can.o(i.CAN_Polling) refers to stm32f10x_can.o(i.CAN_FilterInit) for CAN_FilterInit
    can.o(i.CAN_Polling) refers to stm32f10x_can.o(i.CAN_Transmit) for CAN_Transmit
    can.o(i.CAN_Polling) refers to stm32f10x_can.o(i.CAN_TransmitStatus) for CAN_TransmitStatus
    can.o(i.CAN_Polling) refers to stm32f10x_can.o(i.CAN_MessagePending) for CAN_MessagePending
    can.o(i.CAN_Polling) refers to stm32f10x_can.o(i.CAN_Receive) for CAN_Receive
    can.o(i.USER_CAN_Init) refers to can.o(i.CAN_NVIC_Configuration) for CAN_NVIC_Configuration
    can.o(i.USER_CAN_Init) refers to can.o(i.CAN_GPIO_Config) for CAN_GPIO_Config
    can.o(i.USER_CAN_Test) refers to can.o(i.CAN_Polling) for CAN_Polling
    can.o(i.USER_CAN_Test) refers to stm32f10x_gpio.o(i.GPIO_SetBits) for GPIO_SetBits
    can.o(i.USER_CAN_Test) refers to stm32f10x_gpio.o(i.GPIO_ResetBits) for GPIO_ResetBits
    can.o(i.USER_CAN_Test) refers to can.o(i.CAN_Interrupt) for CAN_Interrupt
    can.o(i.USER_CAN_Test) refers to can.o(.data) for TestRx
    led.o(i.LED_GPIO_Config) refers to stm32f10x_rcc.o(i.RCC_APB2PeriphClockCmd) for RCC_APB2PeriphClockCmd
    led.o(i.LED_GPIO_Config) refers to stm32f10x_gpio.o(i.GPIO_Init) for GPIO_Init
    led.o(i.LED_GPIO_Config) refers to stm32f10x_gpio.o(i.GPIO_SetBits) for GPIO_SetBits
    usart1.o(i.USART1_Config) refers to stm32f10x_rcc.o(i.RCC_APB2PeriphClockCmd) for RCC_APB2PeriphClockCmd
    usart1.o(i.USART1_Config) refers to stm32f10x_gpio.o(i.GPIO_Init) for GPIO_Init
    usart1.o(i.USART1_Config) refers to stm32f10x_usart.o(i.USART_Init) for USART_Init
    usart1.o(i.USART1_Config) refers to stm32f10x_usart.o(i.USART_Cmd) for USART_Cmd
    usart1.o(i.USART1_printf) refers to stm32f10x_usart.o(i.USART_SendData) for USART_SendData
    usart1.o(i.USART1_printf) refers to stm32f10x_usart.o(i.USART_GetFlagStatus) for USART_GetFlagStatus
    usart1.o(i.USART1_printf) refers to usart1.o(i.itoa) for itoa
    usart1.o(i.fputc) refers to stm32f10x_usart.o(i.USART_SendData) for USART_SendData
    stm32f10x_it.o(i.USB_LP_CAN1_RX0_IRQHandler) refers to stm32f10x_can.o(i.CAN_Receive) for CAN_Receive
    stm32f10x_it.o(i.USB_LP_CAN1_RX0_IRQHandler) refers to can.o(.data) for ret
    stm32f10x_gpio.o(i.GPIO_AFIODeInit) refers to stm32f10x_rcc.o(i.RCC_APB2PeriphResetCmd) for RCC_APB2PeriphResetCmd
    stm32f10x_gpio.o(i.GPIO_DeInit) refers to stm32f10x_rcc.o(i.RCC_APB2PeriphResetCmd) for RCC_APB2PeriphResetCmd
    stm32f10x_usart.o(i.USART_DeInit) refers to stm32f10x_rcc.o(i.RCC_APB2PeriphResetCmd) for RCC_APB2PeriphResetCmd
    stm32f10x_usart.o(i.USART_DeInit) refers to stm32f10x_rcc.o(i.RCC_APB1PeriphResetCmd) for RCC_APB1PeriphResetCmd
    stm32f10x_usart.o(i.USART_Init) refers to stm32f10x_rcc.o(i.RCC_GetClocksFreq) for RCC_GetClocksFreq
    stm32f10x_rcc.o(i.RCC_GetClocksFreq) refers to stm32f10x_rcc.o(.data) for APBAHBPrescTable
    stm32f10x_rcc.o(i.RCC_WaitForHSEStartUp) refers to stm32f10x_rcc.o(i.RCC_GetFlagStatus) for RCC_GetFlagStatus
[...]
    libinit.o(.ARM.Collect$$libinit$$00000000) refers (Special) to libinit2.o(.ARM.Collect$$libinit$$0000001B) for __rt_lib_init_atexit_1
    libinit.o(.ARM.Collect$$libinit$$00000000) refers (Special) to libinit2.o(.ARM.Collect$$libinit$$00000021) for __rt_lib_init_clock_1
    libinit.o(.ARM.Collect$$libinit$$00000000) refers (Special) to libinit2.o(.ARM.Collect$$libinit$$00000032) for __rt_lib_init_cpp_1
    libinit.o(.ARM.Collect$$libinit$$00000000) refers (Special) to libinit2.o(.ARM.Collect$$libinit$$00000030) for __rt_lib_init_exceptions_1
    libinit.o(.ARM.Collect$$libinit$$00000000) refers (Special) to libinit2.o(.ARM.Collect$$libinit$$00000002) for __rt_lib_init_fp_1
    libinit.o(.ARM.Collect$$libinit$$00000000) refers (Special) to libinit2.o(.ARM.Collect$$libinit$$0000001F) for __rt_lib_init_fp_trap_1
    libinit.o(.ARM.Collect$$libinit$$00000000) refers (Special) to libinit2.o(.ARM.Collect$$libinit$$00000023) for __rt_lib_init_getenv_1
    libinit.o(.ARM.Collect$$libinit$$00000000) refers (Special) to libinit2.o(.ARM.Collect$$libinit$$0000000A) for __rt_lib_init_heap_1
    libinit.o(.ARM.Collect$$libinit$$00000000) refers (Special) to libinit2.o(.ARM.Collect$$libinit$$00000011) for __rt_lib_init_lc_collate_1
    libinit.o(.ARM.Collect$$libinit$$00000000) refers (Special) to libinit2.o(.ARM.Collect$$libinit$$00000013) for __rt_lib_init_lc_ctype_1
    libinit.o(.ARM.Collect$$libinit$$00000000) refers (Special) to libinit2.o(.ARM.Collect$$libinit$$00000015) for __rt_lib_init_lc_monetary_1
    libinit.o(.ARM.Collect$$libinit$$00000000) refers (Special) to libinit2.o(.ARM.Collect$$libinit$$00000017) for __rt_lib_init_lc_numeric_1
    libinit.o(.ARM.Collect$$libinit$$00000000) refers (Special) to libinit2.o(.ARM.Collect$$libinit$$00000019) for __rt_lib_init_lc_time_1
    libinit.o(.ARM.Collect$$libinit$$00000000) refers (Special) to libinit2.o(.ARM.Collect$$libinit$$00000004) for __rt_lib_init_preinit_1
    libinit.o(.ARM.Collect$$libinit$$00000000) refers (Special) to libinit2.o(.ARM.Collect$$libinit$$0000000E) for __rt_lib_init_rand_1
    libinit.o(.ARM.Collect$$libinit$$00000000) refers (Special) to libinit2.o(.ARM.Collect$$libinit$$00000033) for __rt_lib_init_return
    libinit.o(.ARM.Collect$$libinit$$00000000) refers (Special) to libinit2.o(.ARM.Collect$$libinit$$0000001D) for __rt_lib_init_signal_1
    libinit.o(.ARM.Collect$$libinit$$00000000) refers (Special) to libinit2.o(.ARM.Collect$$libinit$$00000025) for __rt_lib_init_stdio_1
    libinit.o(.ARM.Collect$$libinit$$00000000) refers (Special) to libinit2.o(.ARM.Collect$$libinit$$0000000C) for __rt_lib_init_user_alloc_1
    libinit2.o(.ARM.Collect$$libinit$$00000005) refers (Weak) to init_alloc.o(.text) for _init_alloc
    libinit2.o(.ARM.Collect$$libinit$$00000010) refers to libinit2.o(.ARM.Collect$$libinit$$0000000F) for .ARM.Collect$$libinit$$0000000F
    libinit2.o(.ARM.Collect$$libinit$$00000012) refers to libinit2.o(.ARM.Collect$$libinit$$0000000F) for .ARM.Collect$$libinit$$0000000F
    libinit2.o(.ARM.Collect$$libinit$$00000014) refers to libinit2.o(.ARM.Collect$$libinit$$0000000F) for .ARM.Collect$$libinit$$0000000F
    libinit2.o(.ARM.Collect$$libinit$$00000016) refers to libinit2.o(.ARM.Collect$$libinit$$0000000F) for .ARM.Collect$$libinit$$0000000F
    libinit2.o(.ARM.Collect$$libinit$$00000018) refers to libinit2.o(.ARM.Collect$$libinit$$0000000F) for .ARM.Collect$$libinit$$0000000F
    libinit2.o(.ARM.Collect$$libinit$$00000024) refers (Weak) to initio.o(.text) for _initio
    libinit2.o(.ARM.Collect$$libinit$$00000026) refers to argv_veneer.o(.emb_text) for __ARM_argv_veneer
    libinit2.o(.ARM.Collect$$libinit$$00000027) refers to argv_veneer.o(.emb_text) for __ARM_argv_veneer
    libshutdown2.o(.ARM.Collect$$libshutdown$$00000002) refers (Weak) to initio.o(.text) for _terminateio
    libshutdown2.o(.ARM.Collect$$libshutdown$$0000000C) refers (Weak) to term_alloc.o(.text) for _terminate_alloc
    libspace.o(.text) refers to libspace.o(.bss) for __libspace_start
    rtexit.o(.ARM.Collect$$rtexit$$00000000) refers (Special) to rtexit2.o(.ARM.Collect$$rtexit$$00000004) for __rt_exit_exit
    rtexit.o(.ARM.Collect$$rtexit$$00000000) refers (Special) to rtexit2.o(.ARM.Collect$$rtexit$$00000003) for __rt_exit_ls
    rtexit.o(.ARM.Collect$$rtexit$$00000000) refers (Special) to rtexit2.o(.ARM.Collect$$rtexit$$00000002) for __rt_exit_prels_1
    rtexit.o(.ARM.exidx) refers (Special) to rtexit2.o(.ARM.Collect$$rtexit$$00000004) for __rt_exit_exit
    rtexit.o(.ARM.exidx) refers (Special) to rtexit2.o(.ARM.Collect$$rtexit$$00000003) for __rt_exit_ls
    rtexit.o(.ARM.exidx) refers (Special) to rtexit2.o(.ARM.Collect$$rtexit$$00000002) for __rt_exit_prels_1
    rtexit.o(.ARM.exidx) refers to rtexit.o(.ARM.Collect$$rtexit$$00000000) for .ARM.Collect$$rtexit$$00000000
    rt_raise.o(.text) refers to __raise.o(.text) for __raise
    rt_raise.o(.text) refers to sys_exit.o(.text) for _sys_exit
    rt_heap_descriptor.o(.text) refers to rt_heap_descriptor.o(.bss) for __rt_heap_descriptor_data
    rt_heap_descriptor_intlibspace.o(.text) refers to libspace.o(.bss) for __libspace_start
    init_alloc.o(.text) refers (Special) to hguard.o(.text) for __heap$guard
    init_alloc.o(.text) refers (Special) to libinit2.o(.ARM.Collect$$libinit$$00000005) for __rt_lib_init_heap_2
    init_alloc.o(.text) refers (Special) to maybetermalloc1.o(.emb_text) for _maybe_terminate_alloc
    init_alloc.o(.text) refers to h1_extend.o(.text) for __Heap_ProvideMemory
    init_alloc.o(.text) refers to defsig_rtmem_outer.o(.text) for __rt_SIGRTMEM
    init_alloc.o(.text) refers to rt_heap_descriptor_intlibspace.o(.text) for __rt_heap_descriptor
    init_alloc.o(.text) refers to h1_init.o(.text) for __Heap_Initialize
    malloc.o(.text) refers (Special) to hguard.o(.text) for __heap$guard
    malloc.o(.text) refers (Special) to init_alloc.o(.text) for _init_alloc
    malloc.o(.text) refers to rt_heap_descriptor_intlibspace.o(.text) for __rt_heap_descriptor
    malloc.o(.text) refers to heapstubs.o(.text) for __Heap_Alloc
    h1_alloc.o(.text) refers (Special) to h1_init.o(.text) for __Heap_Initialize
    h1_alloc.o(.text) refers to rt_heap_descriptor_intlibspace.o(.text) for __rt_heap_descriptor
    h1_alloc.o(.text) refers to init_alloc.o(.text) for __Heap_Full
    h1_alloc_mt.o(.text) refers (Special) to h1_init.o(.text) for __Heap_Initialize
    h1_alloc_mt.o(.text) refers to init_alloc.o(.text) for __Heap_Full
    h1_alloc_mt.o(.text) refers to rt_heap_descriptor_intlibspace.o(.text) for __rt_heap_descriptor
    fseek.o(.text) refers to sys_io.o(.text) for _sys_istty
    fseek.o(.text) refers to ftell.o(.text) for _ftell_internal
    fseek.o(.text) refers to stdio.o(.text) for _seterr
    stdio.o(.text) refers to sys_io.o(.text) for _sys_seek
    defsig_exit.o(.text) refers to sys_exit.o(.text) for _sys_exit
    defsig_rtred_inner.o(.text) refers to defsig_general.o(.text) for __default_signal_display
    argv_veneer.o(.emb_text) refers to no_argv.o(.text) for __ARM_get_argv
    sys_exit.o(.text) refers (Special) to use_no_semi.o(.text) for __I$use$semihosting
    sys_exit.o(.text) refers (Special) to indicate_semi.o(.text) for __semihosting_library_function
    rtexit2.o(.ARM.Collect$$rtexit$$00000003) refers to libshutdown.o(.ARM.Collect$$libshutdown$$00000000) for __rt_lib_shutdown
    rtexit2.o(.ARM.Collect$$rtexit$$00000004) refers to sys_exit.o(.text) for _sys_exit
    rtexit2.o(.ARM.exidx) refers to rtexit2.o(.ARM.Collect$$rtexit$$00000001) for .ARM.Collect$$rtexit$$00000001
    rtexit2.o(.ARM.exidx) refers to rtexit2.o(.ARM.Collect$$rtexit$$00000003) for .ARM.Collect$$rtexit$$00000003
    rtexit2.o(.ARM.exidx) refers to rtexit2.o(.ARM.Collect$$rtexit$$00000004) for .ARM.Collect$$rtexit$$00000004
    maybetermalloc2.o(.emb_text) refers (Special) to term_alloc.o(.text) for _terminate_alloc
    h1_extend.o(.text) refers to h1_free.o(.text) for free
    h1_init_mt.o(.text) refers to mutex_dummy.o(.text) for _mutex_initialize
    h1_extend_mt.o(.text) refers to h1_free_mt.o(.text) for _free_internal
    ftell.o(.text) refers to rt_errno_addr_intlibspace.o(.text) for __aeabi_errno_addr
    __raise.o(.text) refers to defsig.o(CL$$defsig) for __default_signal_handler
    defsig_general.o(.text) refers to sys_wrch.o(.text) for _ttywrch
    defsig_rtmem_outer.o(.text) refers to defsig_rtmem_inner.o(.text) for __rt_SIGRTMEM_inner
    defsig_rtmem_outer.o(.text) refers to defsig_exit.o(.text) for __sig_exit
    defsig_rtmem_formal.o(.text) refers to rt_raise.o(.text) for __rt_raise
    heapauxa.o(.text) refers to heapauxa.o(.data) for .data
    _get_argv.o(.text) refers (Special) to hrguard.o(.text) for __heap_region$guard
    _get_argv.o(.text) refers to h1_alloc.o(.text) for malloc
    _get_argv.o(.text) refers to defsig_rtmem_outer.o(.text) for __rt_SIGRTMEM
    _get_argv.o(.text) refers to sys_command.o(.text) for _sys_command_string
    _get_argv_nomalloc.o(.text) refers (Special) to hrguard.o(.text) for __heap_region$guard
    _get_argv_nomalloc.o(.text) refers to defsig_rtmem_outer.o(.text) for __rt_SIGRTMEM
    _get_argv_nomalloc.o(.text) refers to sys_command.o(.text) for _sys_command_string
    sys_wrch.o(.text) refers (Special) to use_no_semi.o(.text) for __I$use$semihosting
    sys_wrch.o(.text) refers (Special) to indicate_semi.o(.text) for __semihosting_library_function
    sys_command.o(.text) refers (Special) to use_no_semi.o(.text) for __I$use$semihosting
    sys_command.o(.text) refers (Special) to indicate_semi.o(.text) for __semihosting_library_function
    rt_errno_addr.o(.text) refers to rt_errno_addr.o(.bss) for __aeabi_errno_addr_data
    rt_errno_addr_intlibspace.o(.text) refers to libspace.o(.bss) for __libspace_start
    term_alloc.o(.text) refers (Special) to libshutdown2.o(.ARM.Collect$$libshutdown$$0000000D) for __rt_lib_shutdown_heap_2
    term_alloc.o(.text) refers to rt_heap_descriptor_intlibspace.o(.text) for __rt_heap_descriptor
    term_alloc.o(.text) refers to h1_final.o(.text) for __Heap_Finalize
    defsig_rtmem_inner.o(.text) refers to defsig_general.o(.text) for __default_signal_display
    defsig.o(CL$$defsig) refers to defsig_rtred_inner.o(.text) for __rt_SIGRTRED_inner
    defsig.o(CL$$defsig) refers to defsig_rtmem_inner.o(.text) for __rt_SIGRTMEM_inner
    libshutdown.o(.ARM.Collect$$libshutdown$$00000000) refers (Special) to libshutdown2.o(.ARM.Collect$$libshutdown$$00000006) for __rt_lib_shutdown_fp_trap_1
    libshutdown.o(.ARM.Collect$$libshutdown$$00000000) refers (Special) to libshutdown2.o(.ARM.Collect$$libshutdown$$0000000E) for __rt_lib_shutdown_heap_1
    libshutdown.o(.ARM.Collect$$libshutdown$$00000000) refers (Special) to libshutdown2.o(.ARM.Collect$$libshutdown$$0000000F) for __rt_lib_shutdown_return
    libshutdown.o(.ARM.Collect$$libshutdown$$00000000) refers (Special) to libshutdown2.o(.ARM.Collect$$libshutdown$$00000009) for __rt_lib_shutdown_signal_1
    libshutdown.o(.ARM.Collect$$libshutdown$$00000000) refers (Special) to libshutdown2.o(.ARM.Collect$$libshutdown$$00000003) for __rt_lib_shutdown_stdio_1
    libshutdown.o(.ARM.Collect$$libshutdown$$00000000) refers (Special) to libshutdown2.o(.ARM.Collect$$libshutdown$$0000000B) for __rt_lib_shutdown_user_alloc_1
    defsig_abrt_inner.o(.text) refers to defsig_general.o(.text) for __default_signal_display
    defsig_fpe_inner.o(.text) refers to defsig_general.o(.text) for __default_signal_display
    defsig_stak_inner.o(.text) refers to defsig_general.o(.text) for __default_signal_display
    defsig_pvfn_inner.o(.text) refers to defsig_general.o(.text) for __default_signal_display
    defsig_cppl_inner.o(.text) refers to defsig_general.o(.text) for __default_signal_display
    defsig_segv_inner.o(.text) refers to defsig_general.o(.text) for __default_signal_display
    defsig_other.o(.text) refers to defsig_general.o(.text) for __default_signal_display


==============================================================================

Removing Unused input sections from the image.

    Removing usart1.o(i.USART1_printf), (262 bytes).
    Removing usart1.o(i.itoa), (98 bytes).
    Removing misc.o(i.NVIC_PriorityGroupConfig), (20 bytes).
    Removing misc.o(i.NVIC_SetVectorTable), (20 bytes).
    Removing misc.o(i.NVIC_SystemLPConfig), (32 bytes).
    Removing misc.o(i.SysTick_CLKSourceConfig), (40 bytes).
    Removing stm32f10x_gpio.o(i.GPIO_AFIODeInit), (20 bytes).
    Removing stm32f10x_gpio.o(i.GPIO_DeInit), (196 bytes).
    Removing stm32f10x_gpio.o(i.GPIO_EXTILineConfig), (64 bytes).
    Removing stm32f10x_gpio.o(i.GPIO_EventOutputCmd), (12 bytes).
    Removing stm32f10x_gpio.o(i.GPIO_EventOutputConfig), (32 bytes).
    Removing stm32f10x_gpio.o(i.GPIO_PinLockConfig), (18 bytes).
    Removing stm32f10x_gpio.o(i.GPIO_ReadInputData), (8 bytes).
    Removing stm32f10x_gpio.o(i.GPIO_ReadInputDataBit), (18 bytes).
    Removing stm32f10x_gpio.o(i.GPIO_ReadOutputData), (8 bytes).
    Removing stm32f10x_gpio.o(i.GPIO_ReadOutputDataBit), (18 bytes).
    Removing stm32f10x_gpio.o(i.GPIO_StructInit), (16 bytes).
    Removing stm32f10x_gpio.o(i.GPIO_Write), (4 bytes).
    Removing stm32f10x_gpio.o(i.GPIO_WriteBit), (10 bytes).
    Removing stm32f10x_usart.o(i.USART_ClearFlag), (6 bytes).
    Removing stm32f10x_usart.o(i.USART_ClearITPendingBit), (20 bytes).
    Removing stm32f10x_usart.o(i.USART_ClockInit), (34 bytes).
    Removing stm32f10x_usart.o(i.USART_ClockStructInit), (12 bytes).
    Removing stm32f10x_usart.o(i.USART_DMACmd), (18 bytes).
    Removing stm32f10x_usart.o(i.USART_DeInit), (156 bytes).
    Removing stm32f10x_usart.o(i.USART_GetFlagStatus), (18 bytes).
    Removing stm32f10x_usart.o(i.USART_GetITStatus), (76 bytes).
    Removing stm32f10x_usart.o(i.USART_HalfDuplexCmd), (24 bytes).
    Removing stm32f10x_usart.o(i.USART_ITConfig), (64 bytes).
    Removing stm32f10x_usart.o(i.USART_IrDACmd), (24 bytes).
    Removing stm32f10x_usart.o(i.USART_IrDAConfig), (18 bytes).
    Removing stm32f10x_usart.o(i.USART_LINBreakDetectLengthConfig), (18 bytes).
    Removing stm32f10x_usart.o(i.USART_LINCmd), (24 bytes).
    Removing stm32f10x_usart.o(i.USART_ReceiveData), (10 bytes).
    Removing stm32f10x_usart.o(i.USART_ReceiverWakeUpCmd), (24 bytes).
    Removing stm32f10x_usart.o(i.USART_SendBreak), (10 bytes).
    Removing stm32f10x_usart.o(i.USART_SetAddress), (18 bytes).
    Removing stm32f10x_usart.o(i.USART_SetGuardTime), (16 bytes).
    Removing stm32f10x_usart.o(i.USART_SetPrescaler), (16 bytes).
    Removing stm32f10x_usart.o(i.USART_SmartCardCmd), (24 bytes).
    Removing stm32f10x_usart.o(i.USART_SmartCardNACKCmd), (24 bytes).
    Removing stm32f10x_usart.o(i.USART_StructInit), (24 bytes).
    Removing stm32f10x_usart.o(i.USART_WakeUpConfig), (18 bytes).
    Removing stm32f10x_rcc.o(i.RCC_ADCCLKConfig), (24 bytes).
    Removing stm32f10x_rcc.o(i.RCC_AHBPeriphClockCmd), (32 bytes).
    Removing stm32f10x_rcc.o(i.RCC_APB2PeriphResetCmd), (32 bytes).
    Removing stm32f10x_rcc.o(i.RCC_AdjustHSICalibrationValue), (24 bytes).
    Removing stm32f10x_rcc.o(i.RCC_BackupResetCmd), (12 bytes).
    Removing stm32f10x_rcc.o(i.RCC_ClearFlag), (20 bytes).
    Removing stm32f10x_rcc.o(i.RCC_ClearITPendingBit), (12 bytes).
    Removing stm32f10x_rcc.o(i.RCC_ClockSecuritySystemCmd), (12 bytes).
    Removing stm32f10x_rcc.o(i.RCC_DeInit), (76 bytes).
    Removing stm32f10x_rcc.o(i.RCC_GetFlagStatus), (60 bytes).
    Removing stm32f10x_rcc.o(i.RCC_GetITStatus), (24 bytes).
    Removing stm32f10x_rcc.o(i.RCC_GetSYSCLKSource), (16 bytes).
    Removing stm32f10x_rcc.o(i.RCC_HCLKConfig), (24 bytes).
    Removing stm32f10x_rcc.o(i.RCC_HSEConfig), (76 bytes).
    Removing stm32f10x_rcc.o(i.RCC_HSICmd), (12 bytes).
    Removing stm32f10x_rcc.o(i.RCC_ITConfig), (32 bytes).
    Removing stm32f10x_rcc.o(i.RCC_LSEConfig), (52 bytes).
    Removing stm32f10x_rcc.o(i.RCC_LSICmd), (12 bytes).
    Removing stm32f10x_rcc.o(i.RCC_MCOConfig), (12 bytes).
    Removing stm32f10x_rcc.o(i.RCC_PCLK1Config), (24 bytes).
    Removing stm32f10x_rcc.o(i.RCC_PCLK2Config), (24 bytes).
    Removing stm32f10x_rcc.o(i.RCC_PLLCmd), (12 bytes).
    Removing stm32f10x_rcc.o(i.RCC_PLLConfig), (28 bytes).
    Removing stm32f10x_rcc.o(i.RCC_RTCCLKCmd), (12 bytes).
    Removing stm32f10x_rcc.o(i.RCC_RTCCLKConfig), (16 bytes).
    Removing stm32f10x_rcc.o(i.RCC_SYSCLKConfig), (24 bytes).
    Removing stm32f10x_rcc.o(i.RCC_USBCLKConfig), (12 bytes).
    Removing stm32f10x_rcc.o(i.RCC_WaitForHSEStartUp), (54 bytes).
    Removing stm32f10x_can.o(i.CAN_CancelTransmit), (48 bytes).
    Removing stm32f10x_can.o(i.CAN_ClearFlag), (8 bytes).
    Removing stm32f10x_can.o(i.CAN_ClearITPendingBit), (166 bytes).
    Removing stm32f10x_can.o(i.CAN_DBGFreeze), (22 bytes).
    Removing stm32f10x_can.o(i.CAN_GetFlagStatus), (18 bytes).
    Removing stm32f10x_can.o(i.CAN_GetITStatus), (238 bytes).
    Removing stm32f10x_can.o(i.CAN_Sleep), (30 bytes).
    Removing stm32f10x_can.o(i.CAN_WakeUp), (48 bytes).
    Removing stm32f10x_can.o(i.CheckITStatus), (18 bytes).
    Removing core_cm3.o(.emb_text), (32 bytes).
    Removing system_stm32f10x_1.o(.constdata), (20 bytes).

82 unused section(s) (total 3010 bytes) removed from the image.

==============================================================================

Image Symbol Table

    Local Symbols

    Symbol Name                              Value     Ov Type        Size  Object(Section)

    ../clib/angel/boardlib.s                 0x00000000   Number         0  boardinit1.o ABSOLUTE
    ../clib/angel/boardlib.s                 0x00000000   Number         0  boardinit3.o ABSOLUTE
    ../clib/angel/boardlib.s                 0x00000000   Number         0  boardshut.o ABSOLUTE
    ../clib/angel/boardlib.s                 0x00000000   Number         0  boardinit2.o ABSOLUTE
    ../clib/angel/handlers.s                 0x00000000   Number         0  __scatter_copy.o ABSOLUTE
    ../clib/angel/handlers.s                 0x00000000   Number         0  __scatter_zi.o ABSOLUTE
    ../clib/angel/kernel.s                   0x00000000   Number         0  rtexit.o ABSOLUTE
    ../clib/angel/kernel.s                   0x00000000   Number         0  __rtentry.o ABSOLUTE
    ../clib/angel/kernel.s                   0x00000000   Number         0  __rtentry2.o ABSOLUTE
    ../clib/angel/kernel.s                   0x00000000   Number         0  rtexit2.o ABSOLUTE
    ../clib/angel/kernel.s                   0x00000000   Number         0  __rtentry4.o ABSOLUTE
    ../clib/angel/rt.s                       0x00000000   Number         0  rt_heap_descriptor.o ABSOLUTE
    ../clib/angel/rt.s                       0x00000000   Number         0  rt_heap_descriptor_intlibspace.o ABSOLUTE
    ../clib/angel/rt.s                       0x00000000   Number         0  rt_raise.o ABSOLUTE
    ../clib/angel/rt.s                       0x00000000   Number         0  rt_errno_addr.o ABSOLUTE
    ../clib/angel/rt.s                       0x00000000   Number         0  rt_errno_addr_intlibspace.o ABSOLUTE
    ../clib/angel/scatter.s                  0x00000000   Number         0  __scatter.o ABSOLUTE
    ../clib/angel/startup.s                  0x00000000   Number         0  __main.o ABSOLUTE
    ../clib/angel/sys.s                      0x00000000   Number         0  sys_stackheap_outer.o ABSOLUTE
    ../clib/angel/sys.s                      0x00000000   Number         0  mutex_dummy.o ABSOLUTE
    ../clib/angel/sys.s                      0x00000000   Number         0  libspace.o ABSOLUTE
    ../clib/angel/sys.s                      0x00000000   Number         0  use_no_semi.o ABSOLUTE
    ../clib/angel/sys.s                      0x00000000   Number         0  indicate_semi.o ABSOLUTE
    ../clib/angel/sysapp.c                   0x00000000   Number         0  sys_wrch.o ABSOLUTE
    ../clib/angel/sysapp.c                   0x00000000   Number         0  sys_io.o ABSOLUTE
    ../clib/angel/sysapp.c                   0x00000000   Number         0  sys_command.o ABSOLUTE
    ../clib/angel/sysapp.c                   0x00000000   Number         0  sys_exit.o ABSOLUTE
    ../clib/armsys.c                         0x00000000   Number         0  _get_argv.o ABSOLUTE
    ../clib/armsys.c                         0x00000000   Number         0  no_argv.o ABSOLUTE
    ../clib/armsys.c                         0x00000000   Number         0  _get_argv_nomalloc.o ABSOLUTE
    ../clib/armsys.c                         0x00000000   Number         0  argv_veneer.o ABSOLUTE
    ../clib/armsys.c                         0x00000000   Number         0  argv_veneer.o ABSOLUTE
    ../clib/heap1.c                          0x00000000   Number         0  h1_init_mt.o ABSOLUTE
    ../clib/heap1.c                          0x00000000   Number         0  h1_extend.o ABSOLUTE
    ../clib/heap1.c                          0x00000000   Number         0  h1_init.o ABSOLUTE
    ../clib/heap1.c                          0x00000000   Number         0  h1_free.o ABSOLUTE
    ../clib/heap1.c                          0x00000000   Number         0  h1_alloc.o ABSOLUTE
    ../clib/heap1.c                          0x00000000   Number         0  h1_free_mt.o ABSOLUTE
    ../clib/heap1.c                          0x00000000   Number         0  h1_extend_mt.o ABSOLUTE
    ../clib/heap1.c                          0x00000000   Number         0  h1_final_mt.o ABSOLUTE
    ../clib/heap1.c                          0x00000000   Number         0  h1_final.o ABSOLUTE
    ../clib/heap1.c                          0x00000000   Number         0  h1_alloc_mt.o ABSOLUTE
    ../clib/heap2.c                          0x00000000   Number         0  fdtree.o ABSOLUTE
    ../clib/heap2.c                          0x00000000   Number         0  heap2.o ABSOLUTE
    ../clib/heap2.c                          0x00000000   Number         0  heap2mt.o ABSOLUTE
    ../clib/heapalloc.c                      0x00000000   Number         0  maybetermalloc2.o ABSOLUTE
    ../clib/heapalloc.c                      0x00000000   Number         0  maybetermalloc2.o ABSOLUTE
    ../clib/heapalloc.c                      0x00000000   Number         0  malloc.o ABSOLUTE
    ../clib/heapalloc.c                      0x00000000   Number         0  init_alloc.o ABSOLUTE
    ../clib/heapalloc.c                      0x00000000   Number         0  hguard.o ABSOLUTE
    ../clib/heapalloc.c                      0x00000000   Number         0  maybetermalloc1.o ABSOLUTE
    ../clib/heapalloc.c                      0x00000000   Number         0  free.o ABSOLUTE
    ../clib/heapalloc.c                      0x00000000   Number         0  term_alloc.o ABSOLUTE
    ../clib/heapalloc.c                      0x00000000   Number         0  hrguard.o ABSOLUTE
    ../clib/heapalloc.c                      0x00000000   Number         0  maybetermalloc1.o ABSOLUTE
    ../clib/heapalloc.c                      0x00000000   Number         0  heapstubs.o ABSOLUTE
    ../clib/heapaux.c                        0x00000000   Number         0  heapauxi.o ABSOLUTE
    ../clib/heapaux.c                        0x00000000   Number         0  heapauxa.o ABSOLUTE
    ../clib/libinit.s                        0x00000000   Number         0  libinit.o ABSOLUTE
    ../clib/libinit.s                        0x00000000   Number         0  libinit2.o ABSOLUTE
    ../clib/libinit.s                        0x00000000   Number         0  libshutdown2.o ABSOLUTE
    ../clib/libinit.s                        0x00000000   Number         0  libshutdown.o ABSOLUTE
    ../clib/memcpset.s                       0x00000000   Number         0  rt_memcpy_w.o ABSOLUTE
    ../clib/memcpset.s                       0x00000000   Number         0  rt_memclr_w.o ABSOLUTE
    ../clib/printf.c                         0x00000000   Number         0  noretval__2printf.o ABSOLUTE
    ../clib/printf.c                         0x00000000   Number         0  __printf_nopercent.o ABSOLUTE
    ../clib/printf.c                         0x00000000   Number         0  __2printf.o ABSOLUTE
    ../clib/printf.c                         0x00000000   Number         0  _printf_char_file.o ABSOLUTE
    ../clib/printf.c                         0x00000000   Number         0  _printf_char_common.o ABSOLUTE
    ../clib/signal.c                         0x00000000   Number         0  defsig_rtred_outer.o ABSOLUTE
    ../clib/signal.c                         0x00000000   Number         0  __raise.o ABSOLUTE
    ../clib/signal.c                         0x00000000   Number         0  defsig_pvfn_inner.o ABSOLUTE
    ../clib/signal.c                         0x00000000   Number         0  defsig_stak_inner.o ABSOLUTE
    ../clib/signal.c                         0x00000000   Number         0  defsig_other.o ABSOLUTE
    ../clib/signal.c                         0x00000000   Number         0  defsig_segv_inner.o ABSOLUTE
    ../clib/signal.c                         0x00000000   Number         0  defsig_abrt_inner.o ABSOLUTE
    ../clib/signal.c                         0x00000000   Number         0  defsig_rtred_inner.o ABSOLUTE
    ../clib/signal.c                         0x00000000   Number         0  defsig_exit.o ABSOLUTE
    ../clib/signal.c                         0x00000000   Number         0  defsig_rtmem_inner.o ABSOLUTE
    ../clib/signal.c                         0x00000000   Number         0  defsig_rtred_formal.o ABSOLUTE
    ../clib/signal.c                         0x00000000   Number         0  defsig_rtmem_formal.o ABSOLUTE
    ../clib/signal.c                         0x00000000   Number         0  defsig_rtmem_outer.o ABSOLUTE
    ../clib/signal.c                         0x00000000   Number         0  defsig_general.o ABSOLUTE
    ../clib/signal.c                         0x00000000   Number         0  defsig_cppl_inner.o ABSOLUTE
    ../clib/signal.c                         0x00000000   Number         0  defsig_fpe_inner.o ABSOLUTE
    ../clib/signal.s                         0x00000000   Number         0  defsig.o ABSOLUTE
    ../clib/stdio.c                          0x00000000   Number         0  fclose.o ABSOLUTE
    ../clib/stdio.c                          0x00000000   Number         0  streamlock.o ABSOLUTE
    ../clib/stdio.c                          0x00000000   Number         0  setvbuf.o ABSOLUTE
    ../clib/stdio.c                          0x00000000   Number         0  stdio.o ABSOLUTE
    ../clib/stdio.c                          0x00000000   Number         0  fseek.o ABSOLUTE
    ../clib/stdio.c                          0x00000000   Number         0  fopen.o ABSOLUTE
    ../clib/stdio.c                          0x00000000   Number         0  stdio_streams.o ABSOLUTE
    ../clib/stdio.c                          0x00000000   Number         0  ftell.o ABSOLUTE
    ../clib/stdio.c                          0x00000000   Number         0  ferror.o ABSOLUTE
    ../clib/stdio.c                          0x00000000   Number         0  initio.o ABSOLUTE
    ../clib/stdio.c                          0x00000000   Number         0  ferror_locked.o ABSOLUTE
    ../clib/stdio.c                          0x00000000   Number         0  initio_locked.o ABSOLUTE
    ../clib/stdio.c                          0x00000000   Number         0  fopen_locked.o ABSOLUTE
    ../clib/stdio.c                          0x00000000   Number         0  setvbuf_locked.o ABSOLUTE
    ../clib/stdlib.c                         0x00000000   Number         0  exit.o ABSOLUTE
    ../clib/string.c                         0x00000000   Number         0  strlen.o ABSOLUTE
    ../fplib/fpinit.s                        0x00000000   Number         0  fpinit.o ABSOLUTE
    CMSIS\\core_cm3.c                        0x00000000   Number         0  core_cm3.o ABSOLUTE
    CMSIS\core_cm3.c                         0x00000000   Number         0  core_cm3.o ABSOLUTE
    FWlib\src\misc.c                         0x00000000   Number         0  misc.o ABSOLUTE
    FWlib\src\stm32f10x_can.c                0x00000000   Number         0  stm32f10x_can.o ABSOLUTE
    FWlib\src\stm32f10x_gpio.c               0x00000000   Number         0  stm32f10x_gpio.o ABSOLUTE
    FWlib\src\stm32f10x_rcc.c                0x00000000   Number         0  stm32f10x_rcc.o ABSOLUTE
    FWlib\src\stm32f10x_usart.c              0x00000000   Number         0  stm32f10x_usart.o ABSOLUTE
    RTE\Device\STM32F103C8\startup_stm32f10x_md.s 0x00000000   Number         0  startup_stm32f10x_md.o ABSOLUTE
    RTE\Device\STM32F103C8\system_stm32f10x.c 0x00000000   Number         0  system_stm32f10x_1.o ABSOLUTE
    USER\can.c                               0x00000000   Number         0  can.o ABSOLUTE
    USER\led.c                               0x00000000   Number         0  led.o ABSOLUTE
    USER\stm32f10x_it.c                      0x00000000   Number         0  stm32f10x_it.o ABSOLUTE
    USER\usart1.c                            0x00000000   Number         0  usart1.o ABSOLUTE
    dc.s                                     0x00000000   Number         0  dc.o ABSOLUTE
    main.c                                   0x00000000   Number         0  main.o ABSOLUTE
    RESET                                    0x08000000   Section      236  startup_stm32f10x_md.o(RESET)
    !!!main                                  0x080000ec   Section        8  __main.o(!!!main)
    !!!scatter                               0x080000f4   Section       52  __scatter.o(!!!scatter)
    !!handler_copy                           0x08000128   Section       26  __scatter_copy.o(!!handler_copy)
    !!handler_zi                             0x08000144   Section       28  __scatter_zi.o(!!handler_zi)
    .ARM.Collect$$libinit$$00000000          0x08000160   Section        2  libinit.o(.ARM.Collect$$libinit$$00000000)
    .ARM.Collect$$libinit$$00000002          0x08000162   Section        0  libinit2.o(.ARM.Collect$$libinit$$00000002)
    .ARM.Collect$$libinit$$00000004          0x08000162   Section        0  libinit2.o(.ARM.Collect$$libinit$$00000004)
    .ARM.Collect$$libinit$$00000005          0x08000162   Section        8  libinit2.o(.ARM.Collect$$libinit$$00000005)
    .ARM.Collect$$libinit$$0000000A          0x0800016a   Section        0  libinit2.o(.ARM.Collect$$libinit$$0000000A)
    .ARM.Collect$$libinit$$0000000C          0x0800016a   Section        0  libinit2.o(.ARM.Collect$$libinit$$0000000C)
    .ARM.Collect$$libinit$$0000000E          0x0800016a   Section        0  libinit2.o(.ARM.Collect$$libinit$$0000000E)
    .ARM.Collect$$libinit$$00000011          0x0800016a   Section        0  libinit2.o(.ARM.Collect$$libinit$$00000011)
    .ARM.Collect$$libinit$$00000013          0x0800016a   Section        0  libinit2.o(.ARM.Collect$$libinit$$00000013)
    .ARM.Collect$$libinit$$00000015          0x0800016a   Section        0  libinit2.o(.ARM.Collect$$libinit$$00000015)
    .ARM.Collect$$libinit$$00000017          0x0800016a   Section        0  libinit2.o(.ARM.Collect$$libinit$$00000017)
    .ARM.Collect$$libinit$$00000019          0x0800016a   Section        0  libinit2.o(.ARM.Collect$$libinit$$00000019)
    .ARM.Collect$$libinit$$0000001B          0x0800016a   Section        0  libinit2.o(.ARM.Collect$$libinit$$0000001B)
    .ARM.Collect$$libinit$$0000001D          0x0800016a   Section        0  libinit2.o(.ARM.Collect$$libinit$$0000001D)
    .ARM.Collect$$libinit$$0000001F          0x0800016a   Section        0  libinit2.o(.ARM.Collect$$libinit$$0000001F)
    .ARM.Collect$$libinit$$00000021          0x0800016a   Section        0  libinit2.o(.ARM.Collect$$libinit$$00000021)
    .ARM.Collect$$libinit$$00000023          0x0800016a   Section        0  libinit2.o(.ARM.Collect$$libinit$$00000023)
    .ARM.Collect$$libinit$$00000024          0x0800016a   Section        4  libinit2.o(.ARM.Collect$$libinit$$00000024)
    .ARM.Collect$$libinit$$00000025          0x0800016e   Section        0  libinit2.o(.ARM.Collect$$libinit$$00000025)
    .ARM.Collect$$libinit$$0000002C          0x0800016e   Section        0  libinit2.o(.ARM.Collect$$libinit$$0000002C)
    .ARM.Collect$$libinit$$0000002E          0x0800016e   Section        0  libinit2.o(.ARM.Collect$$libinit$$0000002E)
    .ARM.Collect$$libinit$$00000030          0x0800016e   Section        0  libinit2.o(.ARM.Collect$$libinit$$00000030)
    .ARM.Collect$$libinit$$00000032          0x0800016e   Section        0  libinit2.o(.ARM.Collect$$libinit$$00000032)
    .ARM.Collect$$libinit$$00000033          0x0800016e   Section        2  libinit2.o(.ARM.Collect$$libinit$$00000033)
    .ARM.Collect$$libshutdown$$00000000      0x08000170   Section        2  libshutdown.o(.ARM.Collect$$libshutdown$$00000000)
    .ARM.Collect$$libshutdown$$00000002      0x08000172   Section        4  libshutdown2.o(.ARM.Collect$$libshutdown$$00000002)
    .ARM.Collect$$libshutdown$$00000003      0x08000176   Section        0  libshutdown2.o(.ARM.Collect$$libshutdown$$00000003)
    .ARM.Collect$$libshutdown$$00000006      0x08000176   Section        0  libshutdown2.o(.ARM.Collect$$libshutdown$$00000006)
    .ARM.Collect$$libshutdown$$00000009      0x08000176   Section        0  libshutdown2.o(.ARM.Collect$$libshutdown$$00000009)
    .ARM.Collect$$libshutdown$$0000000B      0x08000176   Section        0  libshutdown2.o(.ARM.Collect$$libshutdown$$0000000B)
    .ARM.Collect$$libshutdown$$0000000E      0x08000176   Section        0  libshutdown2.o(.ARM.Collect$$libshutdown$$0000000E)
    .ARM.Collect$$libshutdown$$0000000F      0x08000176   Section        2  libshutdown2.o(.ARM.Collect$$libshutdown$$0000000F)
    .ARM.Collect$$rtentry$$00000000          0x08000178   Section        0  __rtentry.o(.ARM.Collect$$rtentry$$00000000)
    .ARM.Collect$$rtentry$$00000002          0x08000178   Section        0  __rtentry2.o(.ARM.Collect$$rtentry$$00000002)
    .ARM.Collect$$rtentry$$00000004          0x08000178   Section        6  __rtentry4.o(.ARM.Collect$$rtentry$$00000004)
    .ARM.Collect$$rtentry$$00000009          0x0800017e   Section        0  __rtentry2.o(.ARM.Collect$$rtentry$$00000009)
    .ARM.Collect$$rtentry$$0000000A          0x0800017e   Section        4  __rtentry2.o(.ARM.Collect$$rtentry$$0000000A)
    .ARM.Collect$$rtentry$$0000000C          0x08000182   Section        0  __rtentry2.o(.ARM.Collect$$rtentry$$0000000C)
    .ARM.Collect$$rtentry$$0000000D          0x08000182   Section        8  __rtentry2.o(.ARM.Collect$$rtentry$$0000000D)
    .ARM.Collect$$rtexit$$00000000           0x0800018a   Section        2  rtexit.o(.ARM.Collect$$rtexit$$00000000)
    .ARM.Collect$$rtexit$$00000002           0x0800018c   Section        0  rtexit2.o(.ARM.Collect$$rtexit$$00000002)
    .ARM.Collect$$rtexit$$00000003           0x0800018c   Section        4  rtexit2.o(.ARM.Collect$$rtexit$$00000003)
    .ARM.Collect$$rtexit$$00000004           0x08000190   Section        6  rtexit2.o(.ARM.Collect$$rtexit$$00000004)
    .emb_text                                0x08000198   Section        0  maybetermalloc1.o(.emb_text)
    .text                                    0x08000198   Section       64  startup_stm32f10x_md.o(.text)
    .text                                    0x080001d8   Section        0  noretval__2printf.o(.text)
    .text                                    0x080001f0   Section        0  heapauxi.o(.text)
    .text                                    0x080001f8   Section        0  _printf_char_file.o(.text)
    .text                                    0x0800021c   Section        0  _printf_char_common.o(.text)
    _printf_input_char                       0x0800021d   Thumb Code    10  _printf_char_common.o(.text)
    .text                                    0x0800024c   Section        0  ferror.o(.text)
    .text                                    0x08000254   Section        0  initio.o(.text)
    .text                                    0x0800038c   Section        0  sys_io.o(.text)
    .text                                    0x080003f2   Section       74  sys_stackheap_outer.o(.text)
    .text                                    0x0800043c   Section        0  h1_free.o(.text)
    .text                                    0x0800048a   Section        0  __printf_nopercent.o(.text)
    .text                                    0x080004b2   Section        0  setvbuf.o(.text)
    .text                                    0x080004f8   Section        0  fopen.o(.text)
    _freopen_locked                          0x080004f9   Thumb Code     0  fopen.o(.text)
    .text                                    0x080005e4   Section        0  fclose.o(.text)
    .text                                    0x08000630   Section        0  exit.o(.text)
    .text                                    0x0800063c   Section        0  defsig_rtred_outer.o(.text)
    .text                                    0x0800064a   Section       78  rt_memclr_w.o(.text)
    .text                                    0x08000698   Section        8  libspace.o(.text)
    .text                                    0x080006a0   Section        2  use_no_semi.o(.text)
    .text                                    0x080006a2   Section        0  indicate_semi.o(.text)
    .text                                    0x080006a4   Section        8  rt_heap_descriptor_intlibspace.o(.text)
    .text                                    0x080006ac   Section        0  hguard.o(.text)
    .text                                    0x080006b0   Section        0  init_alloc.o(.text)
    .text                                    0x0800073a   Section        0  h1_alloc.o(.text)
    .text                                    0x08000798   Section        0  fseek.o(.text)
    .text                                    0x08000890   Section        0  stdio.o(.text)
    .text                                    0x08000980   Section        0  defsig_exit.o(.text)
    .text                                    0x0800098c   Section        0  defsig_rtred_inner.o(.text)
    .text                                    0x080009c0   Section        0  strlen.o(.text)
    .text                                    0x08000a00   Section        0  sys_exit.o(.text)
    .text                                    0x08000a0c   Section        0  h1_init.o(.text)
    .text                                    0x08000a1a   Section        0  h1_extend.o(.text)
    .text                                    0x08000a4e   Section        0  ftell.o(.text)
    .text                                    0x08000a90   Section        0  defsig_general.o(.text)
    .text                                    0x08000ac2   Section        0  defsig_rtmem_outer.o(.text)
    .text                                    0x08000ad0   Section        0  sys_wrch.o(.text)
    .text                                    0x08000ae0   Section        8  rt_errno_addr_intlibspace.o(.text)
    .text                                    0x08000ae8   Section        0  defsig_rtmem_inner.o(.text)
    i.BusFault_Handler                       0x08000b38   Section        0  stm32f10x_it.o(i.BusFault_Handler)
    i.CAN_DeInit                             0x08000b3c   Section        0  stm32f10x_can.o(i.CAN_DeInit)
    i.CAN_FIFORelease                        0x08000b64   Section        0  stm32f10x_can.o(i.CAN_FIFORelease)
    i.CAN_FilterInit                         0x08000b74   Section        0  stm32f10x_can.o(i.CAN_FilterInit)
    i.CAN_GPIO_Config                        0x08000c7c   Section        0  can.o(i.CAN_GPIO_Config)
    CAN_GPIO_Config                          0x08000c7d   Thumb Code    74  can.o(i.CAN_GPIO_Config)
    i.CAN_ITConfig                           0x08000ccc   Section        0  stm32f10x_can.o(i.CAN_ITConfig)
    i.CAN_Init                               0x08000cde   Section        0  stm32f10x_can.o(i.CAN_Init)
    i.CAN_Interrupt                          0x08000df8   Section        0  can.o(i.CAN_Interrupt)
    i.CAN_MessagePending                     0x08000f00   Section        0  stm32f10x_can.o(i.CAN_MessagePending)
    i.CAN_NVIC_Configuration                 0x08000f1e   Section        0  can.o(i.CAN_NVIC_Configuration)
    CAN_NVIC_Configuration                   0x08000f1f   Thumb Code    32  can.o(i.CAN_NVIC_Configuration)
    i.CAN_Polling                            0x08000f40   Section        0  can.o(i.CAN_Polling)
    i.CAN_Receive                            0x0800107c   Section        0  stm32f10x_can.o(i.CAN_Receive)
    i.CAN_StructInit                         0x08001166   Section        0  stm32f10x_can.o(i.CAN_StructInit)
    i.CAN_Transmit                           0x08001186   Section        0  stm32f10x_can.o(i.CAN_Transmit)
    i.CAN_TransmitStatus                     0x080012ac   Section        0  stm32f10x_can.o(i.CAN_TransmitStatus)
    i.DebugMon_Handler                       0x0800133a   Section        0  stm32f10x_it.o(i.DebugMon_Handler)
    i.GPIO_Init                              0x0800133c   Section        0  stm32f10x_gpio.o(i.GPIO_Init)
    i.GPIO_PinRemapConfig                    0x08001454   Section        0  stm32f10x_gpio.o(i.GPIO_PinRemapConfig)
    i.GPIO_ResetBits                         0x080014c4   Section        0  stm32f10x_gpio.o(i.GPIO_ResetBits)
    i.GPIO_SetBits                           0x080014c8   Section        0  stm32f10x_gpio.o(i.GPIO_SetBits)
    i.HardFault_Handler                      0x080014cc   Section        0  stm32f10x_it.o(i.HardFault_Handler)
    i.LED_GPIO_Config                        0x080014d0   Section        0  led.o(i.LED_GPIO_Config)
    i.MemManage_Handler                      0x08001504   Section        0  stm32f10x_it.o(i.MemManage_Handler)
    i.NMI_Handler                            0x08001508   Section        0  stm32f10x_it.o(i.NMI_Handler)
    i.NVIC_Init                              0x0800150c   Section        0  misc.o(i.NVIC_Init)
    i.PendSV_Handler                         0x0800157c   Section        0  stm32f10x_it.o(i.PendSV_Handler)
    i.RCC_APB1PeriphClockCmd                 0x08001580   Section        0  stm32f10x_rcc.o(i.RCC_APB1PeriphClockCmd)
    i.RCC_APB1PeriphResetCmd                 0x080015a0   Section        0  stm32f10x_rcc.o(i.RCC_APB1PeriphResetCmd)
    i.RCC_APB2PeriphClockCmd                 0x080015c0   Section        0  stm32f10x_rcc.o(i.RCC_APB2PeriphClockCmd)
    i.RCC_GetClocksFreq                      0x080015e0   Section        0  stm32f10x_rcc.o(i.RCC_GetClocksFreq)
    i.SVC_Handler                            0x080016b4   Section        0  stm32f10x_it.o(i.SVC_Handler)
    i.SetSysClock                            0x080016b6   Section        0  system_stm32f10x_1.o(i.SetSysClock)
    SetSysClock                              0x080016b7   Thumb Code     8  system_stm32f10x_1.o(i.SetSysClock)
    i.SetSysClockTo72                        0x080016c0   Section        0  system_stm32f10x_1.o(i.SetSysClockTo72)
    SetSysClockTo72                          0x080016c1   Thumb Code   220  system_stm32f10x_1.o(i.SetSysClockTo72)
    i.SysTick_Handler                        0x080017a4   Section        0  stm32f10x_it.o(i.SysTick_Handler)
    i.SystemInit                             0x080017a8   Section        0  system_stm32f10x_1.o(i.SystemInit)
    i.USART1_Config                          0x080017f8   Section        0  usart1.o(i.USART1_Config)
    i.USART_Cmd                              0x08001874   Section        0  stm32f10x_usart.o(i.USART_Cmd)
    i.USART_Init                             0x0800188c   Section        0  stm32f10x_usart.o(i.USART_Init)
    i.USART_SendData                         0x08001928   Section        0  stm32f10x_usart.o(i.USART_SendData)
    i.USB_LP_CAN1_RX0_IRQHandler             0x08001930   Section        0  stm32f10x_it.o(i.USB_LP_CAN1_RX0_IRQHandler)
    i.USER_CAN_Init                          0x080019a0   Section        0  can.o(i.USER_CAN_Init)
    i.USER_CAN_Test                          0x080019ac   Section        0  can.o(i.USER_CAN_Test)
    i.UsageFault_Handler                     0x080019f8   Section        0  stm32f10x_it.o(i.UsageFault_Handler)
    i.fputc                                  0x080019fc   Section        0  usart1.o(i.fputc)
    i.main                                   0x08001a20   Section        0  main.o(i.main)
    .constdata                               0x08001aa4   Section        4  sys_io.o(.constdata)
    .constdata                               0x08001aa8   Section        4  sys_io.o(.constdata)
    .constdata                               0x08001aac   Section        4  sys_io.o(.constdata)
    .data                                    0x20000000   Section        5  can.o(.data)
    .data                                    0x20000005   Section       20  stm32f10x_rcc.o(.data)
    APBAHBPrescTable                         0x20000005   Data          16  stm32f10x_rcc.o(.data)
    ADCPrescTable                            0x20000015   Data           4  stm32f10x_rcc.o(.data)
    .data                                    0x2000001c   Section        4  stdio_streams.o(.data)
    .data                                    0x20000020   Section        4  stdio_streams.o(.data)
    .data                                    0x20000024   Section        4  stdio_streams.o(.data)
    .bss                                     0x20000028   Section       84  stdio_streams.o(.bss)
    .bss                                     0x2000007c   Section       84  stdio_streams.o(.bss)
    .bss                                     0x200000d0   Section       84  stdio_streams.o(.bss)
    .bss                                     0x20000124   Section       96  libspace.o(.bss)
    HEAP                                     0x20000188   Section      512  startup_stm32f10x_md.o(HEAP)
    Heap_Mem                                 0x20000188   Data         512  startup_stm32f10x_md.o(HEAP)
    STACK                                    0x20000388   Section     1024  startup_stm32f10x_md.o(STACK)
    Stack_Mem                                0x20000388   Data        1024  startup_stm32f10x_md.o(STACK)
    __initial_sp                             0x20000788   Data           0  startup_stm32f10x_md.o(STACK)

    Global Symbols

    Symbol Name                              Value     Ov Type        Size  Object(Section)

    BuildAttributes$$THM_ISAv4$P$D$K$B$S$PE$A:L22UL41UL21$X:L11$S22US41US21$IEEE1$IW$USESV6$~STKCKD$USESV7$~SHL$OTIME$ROPI$EBA8$UX$STANDARDLIB$REQ8$PRES8$EABIv2 0x00000000   Number         0  anon$$obj.o ABSOLUTE
    __ARM_use_no_argv                        0x00000000   Number         0  main.o ABSOLUTE
    __ARM_exceptions_init                     - Undefined Weak Reference
    __alloca_initialize                       - Undefined Weak Reference
    __arm_preinit_                            - Undefined Weak Reference
    __cpp_initialize__aeabi_                  - Undefined Weak Reference
    __cxa_finalize                            - Undefined Weak Reference
    __rt_locale                               - Undefined Weak Reference
    __sigvec_lookup                           - Undefined Weak Reference
    __user_heap_extent                        - Undefined Weak Reference
    _atexit_init                              - Undefined Weak Reference
    _call_atexit_fns                          - Undefined Weak Reference
    _clock_init                               - Undefined Weak Reference
    _fp_trap_init                             - Undefined Weak Reference
    _fp_trap_shutdown                         - Undefined Weak Reference
    _get_lc_collate                           - Undefined Weak Reference
    _get_lc_ctype                             - Undefined Weak Reference
    _get_lc_monetary                          - Undefined Weak Reference
    _get_lc_numeric                           - Undefined Weak Reference
    _get_lc_time                              - Undefined Weak Reference
    _getenv_init                              - Undefined Weak Reference
    _handle_redirection                       - Undefined Weak Reference
    _mutex_acquire                            - Undefined Weak Reference
    _mutex_free                               - Undefined Weak Reference
    _mutex_release                            - Undefined Weak Reference
    _rand_init                                - Undefined Weak Reference
    _signal_finish                            - Undefined Weak Reference
    _signal_init                              - Undefined Weak Reference
    __Vectors_Size                           0x000000ec   Number         0  startup_stm32f10x_md.o ABSOLUTE
    __Vectors                                0x08000000   Data           4  startup_stm32f10x_md.o(RESET)
    __Vectors_End                            0x080000ec   Data           0  startup_stm32f10x_md.o(RESET)
    __main                                   0x080000ed   Thumb Code     8  __main.o(!!!main)
    __scatterload                            0x080000f5   Thumb Code     0  __scatter.o(!!!scatter)
    __scatterload_rt2                        0x080000f5   Thumb Code    44  __scatter.o(!!!scatter)
    __scatterload_rt2_thumb_only             0x080000f5   Thumb Code     0  __scatter.o(!!!scatter)
    __scatterload_null                       0x08000103   Thumb Code     0  __scatter.o(!!!scatter)
    __scatterload_copy                       0x08000129   Thumb Code    26  __scatter_copy.o(!!handler_copy)
    __scatterload_zeroinit                   0x08000145   Thumb Code    28  __scatter_zi.o(!!handler_zi)
    __rt_lib_init                            0x08000161   Thumb Code     0  libinit.o(.ARM.Collect$$libinit$$00000000)
    __rt_lib_init_fp_1                       0x08000163   Thumb Code     0  libinit2.o(.ARM.Collect$$libinit$$00000002)
    __rt_lib_init_heap_2                     0x08000163   Thumb Code     0  libinit2.o(.ARM.Collect$$libinit$$00000005)
    __rt_lib_init_preinit_1                  0x08000163   Thumb Code     0  libinit2.o(.ARM.Collect$$libinit$$00000004)
    __rt_lib_init_atexit_1                   0x0800016b   Thumb Code     0  libinit2.o(.ARM.Collect$$libinit$$0000001B)
    __rt_lib_init_clock_1                    0x0800016b   Thumb Code     0  libinit2.o(.ARM.Collect$$libinit$$00000021)
    __rt_lib_init_fp_trap_1                  0x0800016b   Thumb Code     0  libinit2.o(.ARM.Collect$$libinit$$0000001F)
    __rt_lib_init_getenv_1                   0x0800016b   Thumb Code     0  libinit2.o(.ARM.Collect$$libinit$$00000023)
    __rt_lib_init_heap_1                     0x0800016b   Thumb Code     0  libinit2.o(.ARM.Collect$$libinit$$0000000A)
    __rt_lib_init_lc_collate_1               0x0800016b   Thumb Code     0  libinit2.o(.ARM.Collect$$libinit$$00000011)
    __rt_lib_init_lc_ctype_1                 0x0800016b   Thumb Code     0  libinit2.o(.ARM.Collect$$libinit$$00000013)
    __rt_lib_init_lc_monetary_1              0x0800016b   Thumb Code     0  libinit2.o(.ARM.Collect$$libinit$$00000015)
    __rt_lib_init_lc_numeric_1               0x0800016b   Thumb Code     0  libinit2.o(.ARM.Collect$$libinit$$00000017)
    __rt_lib_init_lc_time_1                  0x0800016b   Thumb Code     0  libinit2.o(.ARM.Collect$$libinit$$00000019)
    __rt_lib_init_rand_1                     0x0800016b   Thumb Code     0  libinit2.o(.ARM.Collect$$libinit$$0000000E)
    __rt_lib_init_signal_1                   0x0800016b   Thumb Code     0  libinit2.o(.ARM.Collect$$libinit$$0000001D)
    __rt_lib_init_stdio_2                    0x0800016b   Thumb Code     0  libinit2.o(.ARM.Collect$$libinit$$00000024)
    __rt_lib_init_user_alloc_1               0x0800016b   Thumb Code     0  libinit2.o(.ARM.Collect$$libinit$$0000000C)
    __rt_lib_init_alloca_1                   0x0800016f   Thumb Code     0  libinit2.o(.ARM.Collect$$libinit$$0000002E)
    __rt_lib_init_argv_1                     0x0800016f   Thumb Code     0  libinit2.o(.ARM.Collect$$libinit$$0000002C)
    __rt_lib_init_cpp_1                      0x0800016f   Thumb Code     0  libinit2.o(.ARM.Collect$$libinit$$00000032)
    __rt_lib_init_exceptions_1               0x0800016f   Thumb Code     0  libinit2.o(.ARM.Collect$$libinit$$00000030)
    __rt_lib_init_return                     0x0800016f   Thumb Code     0  libinit2.o(.ARM.Collect$$libinit$$00000033)
    __rt_lib_init_stdio_1                    0x0800016f   Thumb Code     0  libinit2.o(.ARM.Collect$$libinit$$00000025)
    __rt_lib_shutdown                        0x08000171   Thumb Code     0  libshutdown.o(.ARM.Collect$$libshutdown$$00000000)
    __rt_lib_shutdown_stdio_2                0x08000173   Thumb Code     0  libshutdown2.o(.ARM.Collect$$libshutdown$$00000002)
    __rt_lib_shutdown_fp_trap_1              0x08000177   Thumb Code     0  libshutdown2.o(.ARM.Collect$$libshutdown$$00000006)
    __rt_lib_shutdown_heap_1                 0x08000177   Thumb Code     0  libshutdown2.o(.ARM.Collect$$libshutdown$$0000000E)
    __rt_lib_shutdown_return                 0x08000177   Thumb Code     0  libshutdown2.o(.ARM.Collect$$libshutdown$$0000000F)
    __rt_lib_shutdown_signal_1               0x08000177   Thumb Code     0  libshutdown2.o(.ARM.Collect$$libshutdown$$00000009)
    __rt_lib_shutdown_stdio_1                0x08000177   Thumb Code     0  libshutdown2.o(.ARM.Collect$$libshutdown$$00000003)
    __rt_lib_shutdown_user_alloc_1           0x08000177   Thumb Code     0  libshutdown2.o(.ARM.Collect$$libshutdown$$0000000B)
    __rt_entry                               0x08000179   Thumb Code     0  __rtentry.o(.ARM.Collect$$rtentry$$00000000)
    __rt_entry_presh_1                       0x08000179   Thumb Code     0  __rtentry2.o(.ARM.Collect$$rtentry$$00000002)
    __rt_entry_sh                            0x08000179   Thumb Code     0  __rtentry4.o(.ARM.Collect$$rtentry$$00000004)
    __rt_entry_li                            0x0800017f   Thumb Code     0  __rtentry2.o(.ARM.Collect$$rtentry$$0000000A)
    __rt_entry_postsh_1                      0x0800017f   Thumb Code     0  __rtentry2.o(.ARM.Collect$$rtentry$$00000009)
    __rt_entry_main                          0x08000183   Thumb Code     0  __rtentry2.o(.ARM.Collect$$rtentry$$0000000D)
    __rt_entry_postli_1                      0x08000183   Thumb Code     0  __rtentry2.o(.ARM.Collect$$rtentry$$0000000C)
    __rt_exit                                0x0800018b   Thumb Code     0  rtexit.o(.ARM.Collect$$rtexit$$00000000)
    __rt_exit_ls                             0x0800018d   Thumb Code     0  rtexit2.o(.ARM.Collect$$rtexit$$00000003)
    __rt_exit_prels_1                        0x0800018d   Thumb Code     0  rtexit2.o(.ARM.Collect$$rtexit$$00000002)
    __rt_exit_exit                           0x08000191   Thumb Code     0  rtexit2.o(.ARM.Collect$$rtexit$$00000004)
    Reset_Handler                            0x08000199   Thumb Code     8  startup_stm32f10x_md.o(.text)
    _maybe_terminate_alloc                   0x08000199   Thumb Code     0  maybetermalloc1.o(.emb_text)
    ADC1_2_IRQHandler                        0x080001b3   Thumb Code     0  startup_stm32f10x_md.o(.text)
    CAN1_RX1_IRQHandler                      0x080001b3   Thumb Code     0  startup_stm32f10x_md.o(.text)
    CAN1_SCE_IRQHandler                      0x080001b3   Thumb Code     0  startup_stm32f10x_md.o(.text)
    DMA1_Channel1_IRQHandler                 0x080001b3   Thumb Code     0  startup_stm32f10x_md.o(.text)
    DMA1_Channel2_IRQHandler                 0x080001b3   Thumb Code     0  startup_stm32f10x_md.o(.text)
    DMA1_Channel3_IRQHandler                 0x080001b3   Thumb Code     0  startup_stm32f10x_md.o(.text)
    DMA1_Channel4_IRQHandler                 0x080001b3   Thumb Code     0  startup_stm32f10x_md.o(.text)
    DMA1_Channel5_IRQHandler                 0x080001b3   Thumb Code     0  startup_stm32f10x_md.o(.text)
    DMA1_Channel6_IRQHandler                 0x080001b3   Thumb Code     0  startup_stm32f10x_md.o(.text)
    DMA1_Channel7_IRQHandler                 0x080001b3   Thumb Code     0  startup_stm32f10x_md.o(.text)
    EXTI0_IRQHandler                         0x080001b3   Thumb Code     0  startup_stm32f10x_md.o(.text)
    EXTI15_10_IRQHandler                     0x080001b3   Thumb Code     0  startup_stm32f10x_md.o(.text)
    EXTI1_IRQHandler                         0x080001b3   Thumb Code     0  startup_stm32f10x_md.o(.text)
    EXTI2_IRQHandler                         0x080001b3   Thumb Code     0  startup_stm32f10x_md.o(.text)
    EXTI3_IRQHandler                         0x080001b3   Thumb Code     0  startup_stm32f10x_md.o(.text)
    EXTI4_IRQHandler                         0x080001b3   Thumb Code     0  startup_stm32f10x_md.o(.text)
    EXTI9_5_IRQHandler                       0x080001b3   Thumb Code     0  startup_stm32f10x_md.o(.text)
    FLASH_IRQHandler                         0x080001b3   Thumb Code     0  startup_stm32f10x_md.o(.text)
    I2C1_ER_IRQHandler                       0x080001b3   Thumb Code     0  startup_stm32f10x_md.o(.text)
    I2C1_EV_IRQHandler                       0x080001b3   Thumb Code     0  startup_stm32f10x_md.o(.text)
    I2C2_ER_IRQHandler                       0x080001b3   Thumb Code     0  startup_stm32f10x_md.o(.text)
    I2C2_EV_IRQHandler                       0x080001b3   Thumb Code     0  startup_stm32f10x_md.o(.text)
    PVD_IRQHandler                           0x080001b3   Thumb Code     0  startup_stm32f10x_md.o(.text)
    RCC_IRQHandler                           0x080001b3   Thumb Code     0  startup_stm32f10x_md.o(.text)
    RTCAlarm_IRQHandler                      0x080001b3   Thumb Code     0  startup_stm32f10x_md.o(.text)
    RTC_IRQHandler                           0x080001b3   Thumb Code     0  startup_stm32f10x_md.o(.text)
    SPI1_IRQHandler                          0x080001b3   Thumb Code     0  startup_stm32f10x_md.o(.text)
    SPI2_IRQHandler                          0x080001b3   Thumb Code     0  startup_stm32f10x_md.o(.text)
    TAMPER_IRQHandler                        0x080001b3   Thumb Code     0  startup_stm32f10x_md.o(.text)
    TIM1_BRK_IRQHandler                      0x080001b3   Thumb Code     0  startup_stm32f10x_md.o(.text)
    TIM1_CC_IRQHandler                       0x080001b3   Thumb Code     0  startup_stm32f10x_md.o(.text)
    TIM1_TRG_COM_IRQHandler                  0x080001b3   Thumb Code     0  startup_stm32f10x_md.o(.text)
    TIM1_UP_IRQHandler                       0x080001b3   Thumb Code     0  startup_stm32f10x_md.o(.text)
    TIM2_IRQHandler                          0x080001b3   Thumb Code     0  startup_stm32f10x_md.o(.text)
    TIM3_IRQHandler                          0x080001b3   Thumb Code     0  startup_stm32f10x_md.o(.text)
    TIM4_IRQHandler                          0x080001b3   Thumb Code     0  startup_stm32f10x_md.o(.text)
    USART1_IRQHandler                        0x080001b3   Thumb Code     0  startup_stm32f10x_md.o(.text)
    USART2_IRQHandler                        0x080001b3   Thumb Code     0  startup_stm32f10x_md.o(.text)
    USART3_IRQHandler                        0x080001b3   Thumb Code     0  startup_stm32f10x_md.o(.text)
    USBWakeUp_IRQHandler                     0x080001b3   Thumb Code     0  startup_stm32f10x_md.o(.text)
    USB_HP_CAN1_TX_IRQHandler                0x080001b3   Thumb Code     0  startup_stm32f10x_md.o(.text)
    WWDG_IRQHandler                          0x080001b3   Thumb Code     0  startup_stm32f10x_md.o(.text)
    __user_initial_stackheap                 0x080001b5   Thumb Code     0  startup_stm32f10x_md.o(.text)
    __2printf                                0x080001d9   Thumb Code    20  noretval__2printf.o(.text)
    __use_two_region_memory                  0x080001f1   Thumb Code     2  heapauxi.o(.text)
    __rt_heap_escrow                         0x080001f3   Thumb Code     2  heapauxi.o(.text)
    __rt_heap_expand                         0x080001f5   Thumb Code     2  heapauxi.o(.text)
    _printf_char_file                        0x080001f9   Thumb Code    32  _printf_char_file.o(.text)
    _printf_char_common                      0x08000227   Thumb Code    32  _printf_char_common.o(.text)
    ferror                                   0x0800024d   Thumb Code     8  ferror.o(.text)
    _initio                                  0x08000255   Thumb Code   210  initio.o(.text)
    _terminateio                             0x08000327   Thumb Code    56  initio.o(.text)
    _sys_open                                0x0800038d   Thumb Code    20  sys_io.o(.text)
    _sys_close                               0x080003a1   Thumb Code    12  sys_io.o(.text)
    _sys_write                               0x080003ad   Thumb Code    16  sys_io.o(.text)
    _sys_read                                0x080003bd   Thumb Code    14  sys_io.o(.text)
    _sys_istty                               0x080003cb   Thumb Code    12  sys_io.o(.text)
    _sys_seek                                0x080003d7   Thumb Code    14  sys_io.o(.text)
    _sys_ensure                              0x080003e5   Thumb Code     2  sys_io.o(.text)
    _sys_flen                                0x080003e7   Thumb Code    12  sys_io.o(.text)
    __user_setup_stackheap                   0x080003f3   Thumb Code    74  sys_stackheap_outer.o(.text)
    free                                     0x0800043d   Thumb Code    78  h1_free.o(.text)
    __printf                                 0x0800048b   Thumb Code    40  __printf_nopercent.o(.text)
    setvbuf                                  0x080004b3   Thumb Code    70  setvbuf.o(.text)
    freopen                                  0x080004f9   Thumb Code   158  fopen.o(.text)
    fopen                                    0x08000597   Thumb Code    74  fopen.o(.text)
    _fclose_internal                         0x080005e5   Thumb Code    76  fclose.o(.text)
    fclose                                   0x080005e5   Thumb Code     0  fclose.o(.text)
    exit                                     0x08000631   Thumb Code    12  exit.o(.text)
    __rt_SIGRTRED                            0x0800063d   Thumb Code    14  defsig_rtred_outer.o(.text)
    __aeabi_memclr4                          0x0800064b   Thumb Code     0  rt_memclr_w.o(.text)
    __aeabi_memclr8                          0x0800064b   Thumb Code     0  rt_memclr_w.o(.text)
    __rt_memclr_w                            0x0800064b   Thumb Code    78  rt_memclr_w.o(.text)
    _memset_w                                0x0800064f   Thumb Code     0  rt_memclr_w.o(.text)
    __user_libspace                          0x08000699   Thumb Code     8  libspace.o(.text)
    __user_perproc_libspace                  0x08000699   Thumb Code     0  libspace.o(.text)
    __user_perthread_libspace                0x08000699   Thumb Code     0  libspace.o(.text)
    __I$use$semihosting                      0x080006a1   Thumb Code     0  use_no_semi.o(.text)
    __use_no_semihosting_swi                 0x080006a1   Thumb Code     2  use_no_semi.o(.text)
    __semihosting_library_function           0x080006a3   Thumb Code     0  indicate_semi.o(.text)
    __rt_heap_descriptor                     0x080006a5   Thumb Code     8  rt_heap_descriptor_intlibspace.o(.text)
    __use_no_heap                            0x080006ad   Thumb Code     2  hguard.o(.text)
    __heap$guard                             0x080006af   Thumb Code     2  hguard.o(.text)
    _terminate_user_alloc                    0x080006b1   Thumb Code     2  init_alloc.o(.text)
    _init_user_alloc                         0x080006b3   Thumb Code     2  init_alloc.o(.text)
    __Heap_Full                              0x080006b5   Thumb Code    34  init_alloc.o(.text)
    __Heap_Broken                            0x080006d7   Thumb Code     6  init_alloc.o(.text)
    _init_alloc                              0x080006dd   Thumb Code    94  init_alloc.o(.text)
    malloc                                   0x0800073b   Thumb Code    94  h1_alloc.o(.text)
    _fseek                                   0x08000799   Thumb Code   242  fseek.o(.text)
    fseek                                    0x08000799   Thumb Code     0  fseek.o(.text)
    _seterr                                  0x08000891   Thumb Code    20  stdio.o(.text)
    _writebuf                                0x080008a5   Thumb Code    84  stdio.o(.text)
    _fflush                                  0x080008f9   Thumb Code    70  stdio.o(.text)
    _deferredlazyseek                        0x0800093f   Thumb Code    60  stdio.o(.text)
    __sig_exit                               0x08000981   Thumb Code    10  defsig_exit.o(.text)
    __rt_SIGRTRED_inner                      0x0800098d   Thumb Code    14  defsig_rtred_inner.o(.text)
    strlen                                   0x080009c1   Thumb Code    62  strlen.o(.text)
    _sys_exit                                0x08000a01   Thumb Code     8  sys_exit.o(.text)
    __Heap_Initialize                        0x08000a0d   Thumb Code    10  h1_init.o(.text)
    __Heap_DescSize                          0x08000a17   Thumb Code     4  h1_init.o(.text)
    __Heap_ProvideMemory                     0x08000a1b   Thumb Code    52  h1_extend.o(.text)
    _ftell_internal                          0x08000a4f   Thumb Code    66  ftell.o(.text)
    ftell                                    0x08000a4f   Thumb Code     0  ftell.o(.text)
    __default_signal_display                 0x08000a91   Thumb Code    50  defsig_general.o(.text)
    __rt_SIGRTMEM                            0x08000ac3   Thumb Code    14  defsig_rtmem_outer.o(.text)
    _ttywrch                                 0x08000ad1   Thumb Code    14  sys_wrch.o(.text)
    __aeabi_errno_addr                       0x08000ae1   Thumb Code     8  rt_errno_addr_intlibspace.o(.text)
    __errno$intlibspace                      0x08000ae1   Thumb Code     0  rt_errno_addr_intlibspace.o(.text)
    __rt_errno_addr$intlibspace              0x08000ae1   Thumb Code     0  rt_errno_addr_intlibspace.o(.text)
    __rt_SIGRTMEM_inner                      0x08000ae9   Thumb Code    22  defsig_rtmem_inner.o(.text)
    BusFault_Handler                         0x08000b39   Thumb Code     4  stm32f10x_it.o(i.BusFault_Handler)
    CAN_DeInit                               0x08000b3d   Thumb Code    36  stm32f10x_can.o(i.CAN_DeInit)
    CAN_FIFORelease                          0x08000b65   Thumb Code    14  stm32f10x_can.o(i.CAN_FIFORelease)
    CAN_FilterInit                           0x08000b75   Thumb Code   258  stm32f10x_can.o(i.CAN_FilterInit)
    CAN_ITConfig                             0x08000ccd   Thumb Code    18  stm32f10x_can.o(i.CAN_ITConfig)
    CAN_Init                                 0x08000cdf   Thumb Code   280  stm32f10x_can.o(i.CAN_Init)
    CAN_Interrupt                            0x08000df9   Thumb Code   254  can.o(i.CAN_Interrupt)
    CAN_MessagePending                       0x08000f01   Thumb Code    30  stm32f10x_can.o(i.CAN_MessagePending)
    CAN_Polling                              0x08000f41   Thumb Code   312  can.o(i.CAN_Polling)
    CAN_Receive                              0x0800107d   Thumb Code   234  stm32f10x_can.o(i.CAN_Receive)
    CAN_StructInit                           0x08001167   Thumb Code    32  stm32f10x_can.o(i.CAN_StructInit)
    CAN_Transmit                             0x08001187   Thumb Code   294  stm32f10x_can.o(i.CAN_Transmit)
    CAN_TransmitStatus                       0x080012ad   Thumb Code   142  stm32f10x_can.o(i.CAN_TransmitStatus)
    DebugMon_Handler                         0x0800133b   Thumb Code     2  stm32f10x_it.o(i.DebugMon_Handler)
    GPIO_Init                                0x0800133d   Thumb Code   278  stm32f10x_gpio.o(i.GPIO_Init)
    GPIO_PinRemapConfig                      0x08001455   Thumb Code   106  stm32f10x_gpio.o(i.GPIO_PinRemapConfig)
    GPIO_ResetBits                           0x080014c5   Thumb Code     4  stm32f10x_gpio.o(i.GPIO_ResetBits)
    GPIO_SetBits                             0x080014c9   Thumb Code     4  stm32f10x_gpio.o(i.GPIO_SetBits)
    HardFault_Handler                        0x080014cd   Thumb Code     4  stm32f10x_it.o(i.HardFault_Handler)
    LED_GPIO_Config                          0x080014d1   Thumb Code    46  led.o(i.LED_GPIO_Config)
    MemManage_Handler                        0x08001505   Thumb Code     4  stm32f10x_it.o(i.MemManage_Handler)
    NMI_Handler                              0x08001509   Thumb Code     2  stm32f10x_it.o(i.NMI_Handler)
    NVIC_Init                                0x0800150d   Thumb Code   100  misc.o(i.NVIC_Init)
    PendSV_Handler                           0x0800157d   Thumb Code     2  stm32f10x_it.o(i.PendSV_Handler)
    RCC_APB1PeriphClockCmd                   0x08001581   Thumb Code    26  stm32f10x_rcc.o(i.RCC_APB1PeriphClockCmd)
    RCC_APB1PeriphResetCmd                   0x080015a1   Thumb Code    26  stm32f10x_rcc.o(i.RCC_APB1PeriphResetCmd)
    RCC_APB2PeriphClockCmd                   0x080015c1   Thumb Code    26  stm32f10x_rcc.o(i.RCC_APB2PeriphClockCmd)
    RCC_GetClocksFreq                        0x080015e1   Thumb Code   192  stm32f10x_rcc.o(i.RCC_GetClocksFreq)
    SVC_Handler                              0x080016b5   Thumb Code     2  stm32f10x_it.o(i.SVC_Handler)
    SysTick_Handler                          0x080017a5   Thumb Code     2  stm32f10x_it.o(i.SysTick_Handler)
    SystemInit                               0x080017a9   Thumb Code    68  system_stm32f10x_1.o(i.SystemInit)
    USART1_Config                            0x080017f9   Thumb Code   114  usart1.o(i.USART1_Config)
    USART_Cmd                                0x08001875   Thumb Code    24  stm32f10x_usart.o(i.USART_Cmd)
    USART_Init                               0x0800188d   Thumb Code   150  stm32f10x_usart.o(i.USART_Init)
    USART_SendData                           0x08001929   Thumb Code     8  stm32f10x_usart.o(i.USART_SendData)
    USB_LP_CAN1_RX0_IRQHandler               0x08001931   Thumb Code   104  stm32f10x_it.o(i.USB_LP_CAN1_RX0_IRQHandler)
    USER_CAN_Init                            0x080019a1   Thumb Code    12  can.o(i.USER_CAN_Init)
    USER_CAN_Test                            0x080019ad   Thumb Code    68  can.o(i.USER_CAN_Test)
    UsageFault_Handler                       0x080019f9   Thumb Code     4  stm32f10x_it.o(i.UsageFault_Handler)
    fputc                                    0x080019fd   Thumb Code    32  usart1.o(i.fputc)
    main                                     0x08001a21   Thumb Code    42  main.o(i.main)
    __stdin_name                             0x08001aa4   Data           4  sys_io.o(.constdata)
    __stdout_name                            0x08001aa8   Data           4  sys_io.o(.constdata)
    __stderr_name                            0x08001aac   Data           4  sys_io.o(.constdata)
    Region$$Table$$Base                      0x08001ab0   Number         0  anon$$obj.o(Region$$Table)
    Region$$Table$$Limit                     0x08001ad0   Number         0  anon$$obj.o(Region$$Table)
    ret                                      0x20000000   Data           4  can.o(.data)
    TestRx                                   0x20000004   Data           1  can.o(.data)
    __aeabi_stdin                            0x2000001c   Data           4  stdio_streams.o(.data)
    __aeabi_stdout                           0x20000020   Data           4  stdio_streams.o(.data)
    __aeabi_stderr                           0x20000024   Data           4  stdio_streams.o(.data)
    __stdin                                  0x20000028   Data          84  stdio_streams.o(.bss)
    __stdout                                 0x2000007c   Data          84  stdio_streams.o(.bss)
    __stderr                                 0x200000d0   Data          84  stdio_streams.o(.bss)
    __libspace_start                         0x20000124   Data          96  libspace.o(.bss)
    __temporary_stack_top$libspace           0x20000184   Data           0  libspace.o(.bss)



==============================================================================

Memory Map of the image

  Image Entry point : 0x080000ed

  Load Region LR_IROM1 (Base: 0x08000000, Size: 0x00001af8, Max: 0x00010000, ABSOLUTE)

    Execution Region ER_IROM1 (Base: 0x08000000, Size: 0x00001ad0, Max: 0x00010000, ABSOLUTE)

    Base Addr    Size         Type   Attr      Idx    E Section Name        Object

    0x08000000   0x000000ec   Data   RO          873    RESET               startup_stm32f10x_md.o
    0x080000ec   0x00000008   Code   RO          914  * !!!main             c_w.l(__main.o)
    0x080000f4   0x00000034   Code   RO         1233    !!!scatter          c_w.l(__scatter.o)
    0x08000128   0x0000001a   Code   RO         1235    !!handler_copy      c_w.l(__scatter_copy.o)
    0x08000142   0x00000002   PAD
    0x08000144   0x0000001c   Code   RO         1237    !!handler_zi        c_w.l(__scatter_zi.o)
    0x08000160   0x00000002   Code   RO         1041    .ARM.Collect$$libinit$$00000000  c_w.l(libinit.o)
    0x08000162   0x00000000   Code   RO         1043    .ARM.Collect$$libinit$$00000002  c_w.l(libinit2.o)
    0x08000162   0x00000000   Code   RO         1045    .ARM.Collect$$libinit$$00000004  c_w.l(libinit2.o)
    0x08000162   0x00000008   Code   RO         1046    .ARM.Collect$$libinit$$00000005  c_w.l(libinit2.o)
    0x0800016a   0x00000000   Code   RO         1048    .ARM.Collect$$libinit$$0000000A  c_w.l(libinit2.o)
    0x0800016a   0x00000000   Code   RO         1050    .ARM.Collect$$libinit$$0000000C  c_w.l(libinit2.o)
    0x0800016a   0x00000000   Code   RO         1052    .ARM.Collect$$libinit$$0000000E  c_w.l(libinit2.o)
    0x0800016a   0x00000000   Code   RO         1055    .ARM.Collect$$libinit$$00000011  c_w.l(libinit2.o)
    0x0800016a   0x00000000   Code   RO         1057    .ARM.Collect$$libinit$$00000013  c_w.l(libinit2.o)
    0x0800016a   0x00000000   Code   RO         1059    .ARM.Collect$$libinit$$00000015  c_w.l(libinit2.o)
    0x0800016a   0x00000000   Code   RO         1061    .ARM.Collect$$libinit$$00000017  c_w.l(libinit2.o)
    0x0800016a   0x00000000   Code   RO         1063    .ARM.Collect$$libinit$$00000019  c_w.l(libinit2.o)
    0x0800016a   0x00000000   Code   RO         1065    .ARM.Collect$$libinit$$0000001B  c_w.l(libinit2.o)
    0x0800016a   0x00000000   Code   RO         1067    .ARM.Collect$$libinit$$0000001D  c_w.l(libinit2.o)
    0x0800016a   0x00000000   Code   RO         1069    .ARM.Collect$$libinit$$0000001F  c_w.l(libinit2.o)
    0x0800016a   0x00000000   Code   RO         1071    .ARM.Collect$$libinit$$00000021  c_w.l(libinit2.o)
    0x0800016a   0x00000000   Code   RO         1073    .ARM.Collect$$libinit$$00000023  c_w.l(libinit2.o)
    0x0800016a   0x00000004   Code   RO         1074    .ARM.Collect$$libinit$$00000024  c_w.l(libinit2.o)
    0x0800016e   0x00000000   Code   RO         1075    .ARM.Collect$$libinit$$00000025  c_w.l(libinit2.o)
    0x0800016e   0x00000000   Code   RO         1079    .ARM.Collect$$libinit$$0000002C  c_w.l(libinit2.o)
    0x0800016e   0x00000000   Code   RO         1081    .ARM.Collect$$libinit$$0000002E  c_w.l(libinit2.o)
    0x0800016e   0x00000000   Code   RO         1083    .ARM.Collect$$libinit$$00000030  c_w.l(libinit2.o)
    0x0800016e   0x00000000   Code   RO         1085    .ARM.Collect$$libinit$$00000032  c_w.l(libinit2.o)
    0x0800016e   0x00000002   Code   RO         1086    .ARM.Collect$$libinit$$00000033  c_w.l(libinit2.o)
    0x08000170   0x00000002   Code   RO         1212    .ARM.Collect$$libshutdown$$00000000  c_w.l(libshutdown.o)
    0x08000172   0x00000004   Code   RO         1088    .ARM.Collect$$libshutdown$$00000002  c_w.l(libshutdown2.o)
    0x08000176   0x00000000   Code   RO         1089    .ARM.Collect$$libshutdown$$00000003  c_w.l(libshutdown2.o)
    0x08000176   0x00000000   Code   RO         1092    .ARM.Collect$$libshutdown$$00000006  c_w.l(libshutdown2.o)
    0x08000176   0x00000000   Code   RO         1095    .ARM.Collect$$libshutdown$$00000009  c_w.l(libshutdown2.o)
    0x08000176   0x00000000   Code   RO         1097    .ARM.Collect$$libshutdown$$0000000B  c_w.l(libshutdown2.o)
    0x08000176   0x00000000   Code   RO         1100    .ARM.Collect$$libshutdown$$0000000E  c_w.l(libshutdown2.o)
    0x08000176   0x00000002   Code   RO         1101    .ARM.Collect$$libshutdown$$0000000F  c_w.l(libshutdown2.o)
    0x08000178   0x00000000   Code   RO          916    .ARM.Collect$$rtentry$$00000000  c_w.l(__rtentry.o)
    0x08000178   0x00000000   Code   RO          926    .ARM.Collect$$rtentry$$00000002  c_w.l(__rtentry2.o)
    0x08000178   0x00000006   Code   RO          938    .ARM.Collect$$rtentry$$00000004  c_w.l(__rtentry4.o)
    0x0800017e   0x00000000   Code   RO          928    .ARM.Collect$$rtentry$$00000009  c_w.l(__rtentry2.o)
    0x0800017e   0x00000004   Code   RO          929    .ARM.Collect$$rtentry$$0000000A  c_w.l(__rtentry2.o)
    0x08000182   0x00000000   Code   RO          931    .ARM.Collect$$rtentry$$0000000C  c_w.l(__rtentry2.o)
    0x08000182   0x00000008   Code   RO          932    .ARM.Collect$$rtentry$$0000000D  c_w.l(__rtentry2.o)
    0x0800018a   0x00000002   Code   RO         1108    .ARM.Collect$$rtexit$$00000000  c_w.l(rtexit.o)
    0x0800018c   0x00000000   Code   RO         1158    .ARM.Collect$$rtexit$$00000002  c_w.l(rtexit2.o)
    0x0800018c   0x00000004   Code   RO         1159    .ARM.Collect$$rtexit$$00000003  c_w.l(rtexit2.o)
    0x08000190   0x00000006   Code   RO         1160    .ARM.Collect$$rtexit$$00000004  c_w.l(rtexit2.o)
    0x08000196   0x00000002   PAD
    0x08000198   0x00000000   Code   RO         1164    .emb_text           c_w.l(maybetermalloc1.o)
    0x08000198   0x00000040   Code   RO          874    .text               startup_stm32f10x_md.o
    0x080001d8   0x00000018   Code   RO          910    .text               c_w.l(noretval__2printf.o)
    0x080001f0   0x00000006   Code   RO          912    .text               c_w.l(heapauxi.o)
    0x080001f6   0x00000002   PAD
    0x080001f8   0x00000024   Code   RO          917    .text               c_w.l(_printf_char_file.o)
    0x0800021c   0x00000030   Code   RO          940    .text               c_w.l(_printf_char_common.o)
    0x0800024c   0x00000008   Code   RO          942    .text               c_w.l(ferror.o)
    0x08000254   0x00000138   Code   RO          944    .text               c_w.l(initio.o)
    0x0800038c   0x00000066   Code   RO          950    .text               c_w.l(sys_io.o)
    0x080003f2   0x0000004a   Code   RO          957    .text               c_w.l(sys_stackheap_outer.o)
    0x0800043c   0x0000004e   Code   RO          961    .text               c_w.l(h1_free.o)
    0x0800048a   0x00000028   Code   RO         1015    .text               c_w.l(__printf_nopercent.o)
    0x080004b2   0x00000046   Code   RO         1017    .text               c_w.l(setvbuf.o)
    0x080004f8   0x000000ec   Code   RO         1020    .text               c_w.l(fopen.o)
    0x080005e4   0x0000004c   Code   RO         1022    .text               c_w.l(fclose.o)
    0x08000630   0x0000000c   Code   RO         1028    .text               c_w.l(exit.o)
    0x0800063c   0x0000000e   Code   RO         1030    .text               c_w.l(defsig_rtred_outer.o)
    0x0800064a   0x0000004e   Code   RO         1034    .text               c_w.l(rt_memclr_w.o)
    0x08000698   0x00000008   Code   RO         1102    .text               c_w.l(libspace.o)
    0x080006a0   0x00000002   Code   RO         1105    .text               c_w.l(use_no_semi.o)
    0x080006a2   0x00000000   Code   RO         1107    .text               c_w.l(indicate_semi.o)
    0x080006a2   0x00000002   PAD
    0x080006a4   0x00000008   Code   RO         1115    .text               c_w.l(rt_heap_descriptor_intlibspace.o)
    0x080006ac   0x00000004   Code   RO         1117    .text               c_w.l(hguard.o)
    0x080006b0   0x0000008a   Code   RO         1119    .text               c_w.l(init_alloc.o)
    0x0800073a   0x0000005e   Code   RO         1125    .text               c_w.l(h1_alloc.o)
    0x08000798   0x000000f8   Code   RO         1139    .text               c_w.l(fseek.o)
    0x08000890   0x000000f0   Code   RO         1141    .text               c_w.l(stdio.o)
    0x08000980   0x0000000a   Code   RO         1143    .text               c_w.l(defsig_exit.o)
    0x0800098a   0x00000002   PAD
    0x0800098c   0x00000034   Code   RO         1145    .text               c_w.l(defsig_rtred_inner.o)
    0x080009c0   0x0000003e   Code   RO         1147    .text               c_w.l(strlen.o)
    0x080009fe   0x00000002   PAD
    0x08000a00   0x0000000c   Code   RO         1155    .text               c_w.l(sys_exit.o)
    0x08000a0c   0x0000000e   Code   RO         1166    .text               c_w.l(h1_init.o)
    0x08000a1a   0x00000034   Code   RO         1168    .text               c_w.l(h1_extend.o)
    0x08000a4e   0x00000042   Code   RO         1174    .text               c_w.l(ftell.o)
    0x08000a90   0x00000032   Code   RO         1178    .text               c_w.l(defsig_general.o)
    0x08000ac2   0x0000000e   Code   RO         1180    .text               c_w.l(defsig_rtmem_outer.o)
    0x08000ad0   0x0000000e   Code   RO         1193    .text               c_w.l(sys_wrch.o)
    0x08000ade   0x00000002   PAD
    0x08000ae0   0x00000008   Code   RO         1200    .text               c_w.l(rt_errno_addr_intlibspace.o)
    0x08000ae8   0x00000050   Code   RO         1206    .text               c_w.l(defsig_rtmem_inner.o)
    0x08000b38   0x00000004   Code   RO          159    i.BusFault_Handler  stm32f10x_it.o
    0x08000b3c   0x00000028   Code   RO          745    i.CAN_DeInit        stm32f10x_can.o
    0x08000b64   0x0000000e   Code   RO          746    i.CAN_FIFORelease   stm32f10x_can.o
    0x08000b72   0x00000002   PAD
    0x08000b74   0x00000108   Code   RO          747    i.CAN_FilterInit    stm32f10x_can.o
    0x08000c7c   0x00000050   Code   RO           59    i.CAN_GPIO_Config   can.o
    0x08000ccc   0x00000012   Code   RO          750    i.CAN_ITConfig      stm32f10x_can.o
    0x08000cde   0x00000118   Code   RO          751    i.CAN_Init          stm32f10x_can.o
    0x08000df6   0x00000002   PAD
    0x08000df8   0x00000108   Code   RO           60    i.CAN_Interrupt     can.o
    0x08000f00   0x0000001e   Code   RO          752    i.CAN_MessagePending  stm32f10x_can.o
    0x08000f1e   0x00000020   Code   RO           61    i.CAN_NVIC_Configuration  can.o
    0x08000f3e   0x00000002   PAD
    0x08000f40   0x0000013c   Code   RO           62    i.CAN_Polling       can.o
    0x0800107c   0x000000ea   Code   RO          753    i.CAN_Receive       stm32f10x_can.o
    0x08001166   0x00000020   Code   RO          755    i.CAN_StructInit    stm32f10x_can.o
    0x08001186   0x00000126   Code   RO          756    i.CAN_Transmit      stm32f10x_can.o
    0x080012ac   0x0000008e   Code   RO          757    i.CAN_TransmitStatus  stm32f10x_can.o
    0x0800133a   0x00000002   Code   RO          160    i.DebugMon_Handler  stm32f10x_it.o
    0x0800133c   0x00000116   Code   RO          270    i.GPIO_Init         stm32f10x_gpio.o
    0x08001452   0x00000002   PAD
    0x08001454   0x00000070   Code   RO          272    i.GPIO_PinRemapConfig  stm32f10x_gpio.o
    0x080014c4   0x00000004   Code   RO          277    i.GPIO_ResetBits    stm32f10x_gpio.o
    0x080014c8   0x00000004   Code   RO          278    i.GPIO_SetBits      stm32f10x_gpio.o
    0x080014cc   0x00000004   Code   RO          161    i.HardFault_Handler  stm32f10x_it.o
    0x080014d0   0x00000034   Code   RO          108    i.LED_GPIO_Config   led.o
    0x08001504   0x00000004   Code   RO          162    i.MemManage_Handler  stm32f10x_it.o
    0x08001508   0x00000002   Code   RO          163    i.NMI_Handler       stm32f10x_it.o
    0x0800150a   0x00000002   PAD
    0x0800150c   0x00000070   Code   RO          229    i.NVIC_Init         misc.o
    0x0800157c   0x00000002   Code   RO          164    i.PendSV_Handler    stm32f10x_it.o
    0x0800157e   0x00000002   PAD
    0x08001580   0x00000020   Code   RO          543    i.RCC_APB1PeriphClockCmd  stm32f10x_rcc.o
    0x080015a0   0x00000020   Code   RO          544    i.RCC_APB1PeriphResetCmd  stm32f10x_rcc.o
    0x080015c0   0x00000020   Code   RO          545    i.RCC_APB2PeriphClockCmd  stm32f10x_rcc.o
    0x080015e0   0x000000d4   Code   RO          553    i.RCC_GetClocksFreq  stm32f10x_rcc.o
    0x080016b4   0x00000002   Code   RO          165    i.SVC_Handler       stm32f10x_it.o
    0x080016b6   0x00000008   Code   RO          878    i.SetSysClock       system_stm32f10x_1.o
    0x080016be   0x00000002   PAD
    0x080016c0   0x000000e4   Code   RO          879    i.SetSysClockTo72   system_stm32f10x_1.o
    0x080017a4   0x00000002   Code   RO          166    i.SysTick_Handler   stm32f10x_it.o
    0x080017a6   0x00000002   PAD
    0x080017a8   0x00000050   Code   RO          880    i.SystemInit        system_stm32f10x_1.o
    0x080017f8   0x0000007c   Code   RO          120    i.USART1_Config     usart1.o
    0x08001874   0x00000018   Code   RO          377    i.USART_Cmd         stm32f10x_usart.o
    0x0800188c   0x0000009c   Code   RO          384    i.USART_Init        stm32f10x_usart.o
    0x08001928   0x00000008   Code   RO          392    i.USART_SendData    stm32f10x_usart.o
    0x08001930   0x00000070   Code   RO          167    i.USB_LP_CAN1_RX0_IRQHandler  stm32f10x_it.o
    0x080019a0   0x0000000c   Code   RO           63    i.USER_CAN_Init     can.o
    0x080019ac   0x0000004c   Code   RO           64    i.USER_CAN_Test     can.o
    0x080019f8   0x00000004   Code   RO          168    i.UsageFault_Handler  stm32f10x_it.o
    0x080019fc   0x00000024   Code   RO          122    i.fputc             usart1.o
    0x08001a20   0x00000084   Code   RO            1    i.main              main.o
    0x08001aa4   0x00000004   Data   RO          951    .constdata          c_w.l(sys_io.o)
    0x08001aa8   0x00000004   Data   RO          952    .constdata          c_w.l(sys_io.o)
    0x08001aac   0x00000004   Data   RO          953    .constdata          c_w.l(sys_io.o)
    0x08001ab0   0x00000020   Data   RO         1231    Region$$Table       anon$$obj.o


    Execution Region RW_IRAM1 (Base: 0x20000000, Size: 0x00000788, Max: 0x00005000, ABSOLUTE)

    Base Addr    Size         Type   Attr      Idx    E Section Name        Object

    0x20000000   0x00000005   Data   RW           65    .data               can.o
    0x20000005   0x00000014   Data   RW          573    .data               stm32f10x_rcc.o
    0x20000019   0x00000003   PAD
    0x2000001c   0x00000004   Data   RW          922    .data               c_w.l(stdio_streams.o)
    0x20000020   0x00000004   Data   RW          923    .data               c_w.l(stdio_streams.o)
    0x20000024   0x00000004   Data   RW          924    .data               c_w.l(stdio_streams.o)
    0x20000028   0x00000054   Zero   RW          919    .bss                c_w.l(stdio_streams.o)
    0x2000007c   0x00000054   Zero   RW          920    .bss                c_w.l(stdio_streams.o)
    0x200000d0   0x00000054   Zero   RW          921    .bss                c_w.l(stdio_streams.o)
    0x20000124   0x00000060   Zero   RW         1103    .bss                c_w.l(libspace.o)
    0x20000184   0x00000004   PAD
    0x20000188   0x00000200   Zero   RW          872    HEAP                startup_stm32f10x_md.o
    0x20000388   0x00000400   Zero   RW          871    STACK               startup_stm32f10x_md.o


==============================================================================

Image component sizes


      Code (inc. data)   RO Data    RW Data    ZI Data      Debug   Object Name

       780         28          0          5          0       3907   can.o
         0          0          0          0          0         32   core_cm3.o
        52          6          0          0          0        458   led.o
       132         90          0          0          0     231903   main.o
       112         12          0          0          0        904   misc.o
        64         26        236          0       1536        808   startup_stm32f10x_md.o
      1348         10          0          0          0       7474   stm32f10x_can.o
       398          6          0          0          0       3314   stm32f10x_gpio.o
       138          8          0          0          0       4123   stm32f10x_it.o
       308         38          0         20          0       4715   stm32f10x_rcc.o
       188          6          0          0          0       3030   stm32f10x_usart.o
       316         20          0          0          0       1849   system_stm32f10x_1.o
       160         14          0          0          0       2844   usart1.o

    ----------------------------------------------------------------------
      4012        264        268         28       1536     265361   Object Totals
         0          0         32          0          0          0   (incl. Generated)
        16          0          0          3          0          0   (incl. Padding)

    ----------------------------------------------------------------------

      Code (inc. data)   RO Data    RW Data    ZI Data      Debug   Library Member Name

         8          0          0          0          0         68   __main.o
        40          0          0          0          0         84   __printf_nopercent.o
         0          0          0          0          0          0   __rtentry.o
        12          0          0          0          0          0   __rtentry2.o
         6          0          0          0          0          0   __rtentry4.o
        52          8          0          0          0          0   __scatter.o
        26          0          0          0          0          0   __scatter_copy.o
        28          0          0          0          0          0   __scatter_zi.o
        48          6          0          0          0         96   _printf_char_common.o
        36          4          0          0          0         80   _printf_char_file.o
        10          0          0          0          0         68   defsig_exit.o
        50          0          0          0          0         88   defsig_general.o
        80         58          0          0          0         76   defsig_rtmem_inner.o
        14          0          0          0          0         80   defsig_rtmem_outer.o
        52         38          0          0          0         76   defsig_rtred_inner.o
        14          0          0          0          0         80   defsig_rtred_outer.o
        12          0          0          0          0         72   exit.o
        76          0          0          0          0         88   fclose.o
         8          0          0          0          0         68   ferror.o
       236          4          0          0          0        128   fopen.o
       248          6          0          0          0         84   fseek.o
        66          0          0          0          0         76   ftell.o
        94          0          0          0          0         80   h1_alloc.o
        52          0          0          0          0         68   h1_extend.o
        78          0          0          0          0         80   h1_free.o
        14          0          0          0          0         84   h1_init.o
         6          0          0          0          0        152   heapauxi.o
         4          0          0          0          0        136   hguard.o
         0          0          0          0          0          0   indicate_semi.o
       138          0          0          0          0        168   init_alloc.o
       312         46          0          0          0        112   initio.o
         2          0          0          0          0          0   libinit.o
        14          0          0          0          0          0   libinit2.o
         2          0          0          0          0          0   libshutdown.o
         6          0          0          0          0          0   libshutdown2.o
         8          4          0          0         96         68   libspace.o
         0          0          0          0          0          0   maybetermalloc1.o
        24          4          0          0          0         84   noretval__2printf.o
         8          4          0          0          0         68   rt_errno_addr_intlibspace.o
         8          4          0          0          0         68   rt_heap_descriptor_intlibspace.o
        78          0          0          0          0         80   rt_memclr_w.o
         2          0          0          0          0          0   rtexit.o
        10          0          0          0          0          0   rtexit2.o
        70          0          0          0          0         80   setvbuf.o
       240          6          0          0          0        156   stdio.o
         0          0          0         12        252          0   stdio_streams.o
        62          0          0          0          0         76   strlen.o
        12          4          0          0          0         68   sys_exit.o
       102          0         12          0          0        240   sys_io.o
        74          0          0          0          0         80   sys_stackheap_outer.o
        14          0          0          0          0         76   sys_wrch.o
         2          0          0          0          0         68   use_no_semi.o

    ----------------------------------------------------------------------
      2572        196         12         12        352       3404   Library Totals
        14          0          0          0          4          0   (incl. Padding)

    ----------------------------------------------------------------------

      Code (inc. data)   RO Data    RW Data    ZI Data      Debug   Library Name

      2558        196         12         12        348       3404   c_w.l

    ----------------------------------------------------------------------
      2572        196         12         12        352       3404   Library Totals

    ----------------------------------------------------------------------

==============================================================================


      Code (inc. data)   RO Data    RW Data    ZI Data      Debug   

      6584        460        280         40       1888     264861   Grand Totals
      6584        460        280         40       1888     264861   ELF Image Totals
      6584        460        280         40          0          0   ROM Totals

==============================================================================

    Total RO  Size (Code + RO Data)                 6864 (   6.70kB)
    Total RW  Size (RW Data + ZI Data)              1928 (   1.88kB)
    Total ROM Size (Code + RO Data + RW Data)       6904 (   6.74kB)

==============================================================================

