Component: ARM Compiler 5.05 update 1 (build 106) Tool: armlink [4d0efa]

==============================================================================

Section Cross References

    main.o(i.Get_ChipID) refers to main.o(.bss) for temp
    main.o(i.IAP_Write_App_Bin) refers to stm_flash.o(i.STMFLASH_Write) for STMFLASH_Write
    main.o(i.IAP_Write_App_Bin) refers to main.o(.bss) for ulBuf_Flash_App
    main.o(i.TIM2_IRQHandler) refers to stm32f10x_tim.o(i.TIM_GetITStatus) for TIM_GetITStatus
    main.o(i.TIM2_IRQHandler) refers to main.o(i.uart_sendB1) for uart_sendB1
    main.o(i.TIM2_IRQHandler) refers to stm32f10x_gpio.o(i.GPIO_SetBits) for GPIO_SetBits
    main.o(i.TIM2_IRQHandler) refers to bsp_spi_nrf.o(i.Delay) for Delay
    main.o(i.TIM2_IRQHandler) refers to stm32f10x_gpio.o(i.GPIO_ResetBits) for GPIO_ResetBits
    main.o(i.TIM2_IRQHandler) refers to stm32f10x_tim.o(i.TIM_ClearITPendingBit) for TIM_ClearITPendingBit
    main.o(i.TIM2_IRQHandler) refers to main.o(.data) for remote_sendflag1
    main.o(i.USART2_IRQHandler) refers to stm32f10x_usart.o(i.USART_GetITStatus) for USART_GetITStatus
    main.o(i.USART2_IRQHandler) refers to stm32f10x_usart.o(i.USART_ReceiveData) for USART_ReceiveData
    main.o(i.USART2_IRQHandler) refers to main.o(i.uart_sendB1) for uart_sendB1
    main.o(i.USART2_IRQHandler) refers to main.o(i.IAP_Write_App_Bin) for IAP_Write_App_Bin
    main.o(i.USART2_IRQHandler) refers to bsp_spi_nrf.o(i.Delay) for Delay
    main.o(i.USART2_IRQHandler) refers to main.o(i.init_jlb) for init_jlb
    main.o(i.USART2_IRQHandler) refers to search.o(i.send_moni) for send_moni
    main.o(i.USART2_IRQHandler) refers to search.o(i.fac_to_server) for fac_to_server
    main.o(i.USART2_IRQHandler) refers to main.o(.data) for init
    main.o(i.USART2_IRQHandler) refers to main.o(.bss) for head
    main.o(i.blink) refers to stm32f10x_gpio.o(i.GPIO_ResetBits) for GPIO_ResetBits
    main.o(i.blink) refers to stm32f10x_gpio.o(i.GPIO_SetBits) for GPIO_SetBits
    main.o(i.blink) refers to main.o(.data) for ledcount
    main.o(i.handle_can) refers to search.o(i.search_can) for search_can
    main.o(i.handle_can) refers to search.o(i.send_to_server) for send_to_server
    main.o(i.handle_can) refers to main.o(.bss) for cache
    main.o(i.handle_can) refers to main.o(.data) for remote_sendflag1
    main.o(i.init_jlb) refers to search.o(i.init_2) for init_2
    main.o(i.init_jlb) refers to search.o(i.init_3) for init_3
    main.o(i.init_jlb) refers to search.o(i.init_4) for init_4
    main.o(i.init_jlb) refers to search.o(i.init_5) for init_5
    main.o(i.init_jlb) refers to search.o(i.init_6) for init_6
    main.o(i.init_jlb) refers to search.o(i.init_7) for init_7
    main.o(i.init_jlb) refers to search.o(i.init_8) for init_8
    main.o(i.main) refers to memseta.o(.text) for __aeabi_memclr4
    main.o(i.main) refers to main.o(i.Get_ChipID) for Get_ChipID
    main.o(i.main) refers to main.o(i.softinit) for softinit
    main.o(i.main) refers to stm_flash.o(i.STMFLASH_Read) for STMFLASH_Read
    main.o(i.main) refers to main.o(i.init_jlb) for init_jlb
    main.o(i.main) refers to search.o(i.send_moni) for send_moni
    main.o(i.main) refers to bsp_spi_nrf.o(i.Delay) for Delay
    main.o(i.main) refers to search.o(i.send_to_server) for send_to_server
    main.o(i.main) refers to judge.o(i.Judge) for Judge
    main.o(i.main) refers to main.o(i.test) for test
    main.o(i.main) refers to main.o(i.blink) for blink
    main.o(i.main) refers to main.o(i.handle_can) for handle_can
    main.o(i.main) refers to main.o(.data) for init
    main.o(i.main) refers to main.o(.bss) for rdata
    main.o(i.main) refers to stm32f10x_it.o(.data) for send_len
    main.o(i.softinit) refers to system_stm32f10x.o(i.SystemInit) for SystemInit
    main.o(i.softinit) refers to led.o(i.LED_GPIO_Config) for LED_GPIO_Config
    main.o(i.softinit) refers to stm32f10x_gpio.o(i.GPIO_ResetBits) for GPIO_ResetBits
    main.o(i.softinit) refers to bsp_spi_nrf.o(i.Delay) for Delay
    main.o(i.softinit) refers to bsp_spi_nrf.o(i.SPI_NRF_Init1) for SPI_NRF_Init1
    main.o(i.softinit) refers to bsp_spi_nrf.o(i.NRF_Check) for NRF_Check
    main.o(i.softinit) refers to stm32f10x_gpio.o(i.GPIO_SetBits) for GPIO_SetBits
    main.o(i.softinit) refers to bsp_spi_nrf.o(i.NRF_TX_Mode) for NRF_TX_Mode
    main.o(i.softinit) refers to bsp_usart1.o(i.USARTx_Config) for USARTx_Config
    main.o(i.softinit) refers to bsp_usart1.o(i.USART1x_Config) for USART1x_Config
    main.o(i.softinit) refers to bsp_usart3.o(i.USARTx_Config3) for USARTx_Config3
    main.o(i.softinit) refers to can_1.o(i.USER_CAN_Init) for USER_CAN_Init
    main.o(i.softinit) refers to can_1.o(i.USER_CAN_Test) for USER_CAN_Test
    main.o(i.softinit) refers to bsp_timbase.o(i.TIMx_Configuration) for TIMx_Configuration
    main.o(i.softinit) refers to bsp_timbase.o(i.TIMx_NVIC_Configuration) for TIMx_NVIC_Configuration
[...]
    stm32f10x_flash.o(i.FLASH_ReadOutProtection) refers to stm32f10x_flash.o(i.FLASH_WaitForLastOperation) for FLASH_WaitForLastOperation
    stm32f10x_flash.o(i.FLASH_UserOptionByteConfig) refers to stm32f10x_flash.o(i.FLASH_WaitForLastOperation) for FLASH_WaitForLastOperation
    stm32f10x_flash.o(i.FLASH_WaitForLastOperation) refers to stm32f10x_flash.o(i.FLASH_GetStatus) for FLASH_GetStatus
    stm32f10x_flash.o(i.FLASH_WaitForLastOperation) refers to stm32f10x_flash.o(i.delay) for delay
    startup_stm32f10x_md.o(RESET) refers to startup_stm32f10x_md.o(STACK) for __initial_sp
    startup_stm32f10x_md.o(RESET) refers to startup_stm32f10x_md.o(.text) for Reset_Handler
    startup_stm32f10x_md.o(RESET) refers to stm32f10x_it.o(i.NMI_Handler) for NMI_Handler
    startup_stm32f10x_md.o(RESET) refers to stm32f10x_it.o(i.HardFault_Handler) for HardFault_Handler
    startup_stm32f10x_md.o(RESET) refers to stm32f10x_it.o(i.MemManage_Handler) for MemManage_Handler
    startup_stm32f10x_md.o(RESET) refers to stm32f10x_it.o(i.BusFault_Handler) for BusFault_Handler
    startup_stm32f10x_md.o(RESET) refers to stm32f10x_it.o(i.UsageFault_Handler) for UsageFault_Handler
    startup_stm32f10x_md.o(RESET) refers to stm32f10x_it.o(i.SVC_Handler) for SVC_Handler
    startup_stm32f10x_md.o(RESET) refers to stm32f10x_it.o(i.DebugMon_Handler) for DebugMon_Handler
    startup_stm32f10x_md.o(RESET) refers to stm32f10x_it.o(i.PendSV_Handler) for PendSV_Handler
    startup_stm32f10x_md.o(RESET) refers to stm32f10x_it.o(i.SysTick_Handler) for SysTick_Handler
    startup_stm32f10x_md.o(RESET) refers to stm32f10x_it.o(i.USB_LP_CAN1_RX0_IRQHandler) for USB_LP_CAN1_RX0_IRQHandler
    startup_stm32f10x_md.o(RESET) refers to main.o(i.TIM2_IRQHandler) for TIM2_IRQHandler
    startup_stm32f10x_md.o(RESET) refers to stm32f10x_it.o(i.USART1_IRQHandler) for USART1_IRQHandler
    startup_stm32f10x_md.o(RESET) refers to main.o(i.USART2_IRQHandler) for USART2_IRQHandler
    startup_stm32f10x_md.o(RESET) refers to stm32f10x_it.o(i.USART3_IRQHandler) for USART3_IRQHandler
    startup_stm32f10x_md.o(.text) refers to system_stm32f10x.o(i.SystemInit) for SystemInit
    startup_stm32f10x_md.o(.text) refers to entry.o(.ARM.Collect$$$$00000000) for __main
    system_stm32f10x.o(i.SetSysClock) refers to system_stm32f10x.o(i.SetSysClockTo72) for SetSysClockTo72
    system_stm32f10x.o(i.SystemCoreClockUpdate) refers to system_stm32f10x.o(.data) for SystemCoreClock
    system_stm32f10x.o(i.SystemInit) refers to system_stm32f10x.o(i.SetSysClock) for SetSysClock
    entry.o(.ARM.Collect$$$$00000000) refers (Special) to entry10a.o(.ARM.Collect$$$$0000000D) for __rt_final_cpp
    entry.o(.ARM.Collect$$$$00000000) refers (Special) to entry11a.o(.ARM.Collect$$$$0000000F) for __rt_final_exit
    entry.o(.ARM.Collect$$$$00000000) refers (Special) to entry7b.o(.ARM.Collect$$$$00000008) for _main_clock
    entry.o(.ARM.Collect$$$$00000000) refers (Special) to entry8b.o(.ARM.Collect$$$$0000000A) for _main_cpp_init
    entry.o(.ARM.Collect$$$$00000000) refers (Special) to entry9a.o(.ARM.Collect$$$$0000000B) for _main_init
    entry.o(.ARM.Collect$$$$00000000) refers (Special) to entry5.o(.ARM.Collect$$$$00000004) for _main_scatterload
    entry.o(.ARM.Collect$$$$00000000) refers (Special) to entry2.o(.ARM.Collect$$$$00000001) for _main_stk
    entry2.o(.ARM.Collect$$$$00000001) refers to entry2.o(.ARM.Collect$$$$00002712) for __lit__00000000
    entry2.o(.ARM.Collect$$$$00002712) refers to startup_stm32f10x_md.o(STACK) for __initial_sp
    entry2.o(__vectab_stack_and_reset_area) refers to startup_stm32f10x_md.o(STACK) for __initial_sp
    entry2.o(__vectab_stack_and_reset_area) refers to entry.o(.ARM.Collect$$$$00000000) for __main
    entry5.o(.ARM.Collect$$$$00000004) refers to init.o(.text) for __scatterload
    entry9a.o(.ARM.Collect$$$$0000000B) refers to main.o(i.main) for main
    entry9b.o(.ARM.Collect$$$$0000000C) refers to main.o(i.main) for main
    init.o(.text) refers to entry5.o(.ARM.Collect$$$$00000004) for __main_after_scatterload


==============================================================================

Removing Unused input sections from the image.

    Removing main.o(.rev16_text), (4 bytes).
    Removing main.o(.revsh_text), (4 bytes).
    Removing main.o(.rrx_text), (6 bytes).
    Removing main.o(i.Change), (100 bytes).
    Removing can_1.o(.rev16_text), (4 bytes).
    Removing can_1.o(.revsh_text), (4 bytes).
    Removing can_1.o(.rrx_text), (6 bytes).
    Removing can_1.o(i.CAN_Polling), (320 bytes).
    Removing led.o(.rev16_text), (4 bytes).
    Removing led.o(.revsh_text), (4 bytes).
    Removing led.o(.rrx_text), (6 bytes).
    Removing stm32f10x_it.o(.rev16_text), (4 bytes).
    Removing stm32f10x_it.o(.revsh_text), (4 bytes).
    Removing stm32f10x_it.o(.rrx_text), (6 bytes).
    Removing bsp_spi_nrf.o(.rev16_text), (4 bytes).
    Removing bsp_spi_nrf.o(.revsh_text), (4 bytes).
    Removing bsp_spi_nrf.o(.rrx_text), (6 bytes).
    Removing bsp_spi_nrf.o(i.NRF_RX_Mode), (104 bytes).
    Removing bsp_spi_nrf.o(i.NRF_Rx_Dat), (120 bytes).
    Removing bsp_spi_nrf.o(i.SPI_NRF_Init), (144 bytes).
    Removing bsp_spi_nrf.o(i.init_NRF24L01), (132 bytes).
    Removing bsp_spi_nrf.o(.bss), (49 bytes).
    Removing bsp_usart1.o(.rev16_text), (4 bytes).
    Removing bsp_usart1.o(.revsh_text), (4 bytes).
    Removing bsp_usart1.o(.rrx_text), (6 bytes).
    Removing bsp_usart1.o(i.Usart_SendString), (32 bytes).
    Removing bsp_usart1.o(i.fgetc), (32 bytes).
    Removing bsp_usart1.o(i.fputc), (36 bytes).
    Removing bsp_timbase.o(.rev16_text), (4 bytes).
    Removing bsp_timbase.o(.revsh_text), (4 bytes).
    Removing bsp_timbase.o(.rrx_text), (6 bytes).
    Removing judge.o(i.cut), (68 bytes).
    Removing judge.o(i.rx12), (276 bytes).
    Removing search.o(.rev16_text), (4 bytes).
    Removing search.o(.revsh_text), (4 bytes).
    Removing search.o(.rrx_text), (6 bytes).
    Removing search.o(i.show_str), (32 bytes).
    Removing search.o(.constdata), (8 bytes).
    Removing bsp_usart3.o(.rev16_text), (4 bytes).
    Removing bsp_usart3.o(.revsh_text), (4 bytes).
    Removing bsp_usart3.o(.rrx_text), (6 bytes).
    Removing stm_flash.o(.rev16_text), (4 bytes).
    Removing stm_flash.o(.revsh_text), (4 bytes).
    Removing stm_flash.o(.rrx_text), (6 bytes).
    Removing stm_flash.o(i.Test_Write), (16 bytes).
    Removing misc.o(.rev16_text), (4 bytes).
    Removing misc.o(.revsh_text), (4 bytes).
    Removing misc.o(.rrx_text), (6 bytes).
    Removing misc.o(i.NVIC_SetVectorTable), (20 bytes).
    Removing misc.o(i.NVIC_SystemLPConfig), (32 bytes).
    Removing misc.o(i.SysTick_CLKSourceConfig), (40 bytes).
    Removing stm32f10x_tim.o(.rev16_text), (4 bytes).
    Removing stm32f10x_tim.o(.revsh_text), (4 bytes).
    Removing stm32f10x_tim.o(.rrx_text), (6 bytes).
    Removing stm32f10x_tim.o(i.TI1_Config), (128 bytes).
    Removing stm32f10x_tim.o(i.TI2_Config), (152 bytes).
    Removing stm32f10x_tim.o(i.TI3_Config), (144 bytes).
    Removing stm32f10x_tim.o(i.TI4_Config), (152 bytes).
    Removing stm32f10x_tim.o(i.TIM_ARRPreloadConfig), (24 bytes).
    Removing stm32f10x_tim.o(i.TIM_BDTRConfig), (32 bytes).
    Removing stm32f10x_tim.o(i.TIM_BDTRStructInit), (18 bytes).
    Removing stm32f10x_tim.o(i.TIM_CCPreloadControl), (24 bytes).
    Removing stm32f10x_tim.o(i.TIM_CCxCmd), (30 bytes).
    Removing stm32f10x_tim.o(i.TIM_CCxNCmd), (30 bytes).
    Removing stm32f10x_tim.o(i.TIM_ClearOC1Ref), (18 bytes).
    Removing stm32f10x_tim.o(i.TIM_ClearOC2Ref), (24 bytes).
    Removing stm32f10x_tim.o(i.TIM_ClearOC3Ref), (18 bytes).
    Removing stm32f10x_tim.o(i.TIM_ClearOC4Ref), (24 bytes).
    Removing stm32f10x_tim.o(i.TIM_CounterModeConfig), (18 bytes).
    Removing stm32f10x_tim.o(i.TIM_CtrlPWMOutputs), (30 bytes).
    Removing stm32f10x_tim.o(i.TIM_DMACmd), (18 bytes).
    Removing stm32f10x_tim.o(i.TIM_DMAConfig), (10 bytes).
    Removing stm32f10x_tim.o(i.TIM_DeInit), (224 bytes).
    Removing stm32f10x_tim.o(i.TIM_ETRClockMode1Config), (54 bytes).
    Removing stm32f10x_tim.o(i.TIM_ETRClockMode2Config), (32 bytes).
    Removing stm32f10x_tim.o(i.TIM_ETRConfig), (28 bytes).
    Removing stm32f10x_tim.o(i.TIM_EncoderInterfaceConfig), (66 bytes).
    Removing stm32f10x_tim.o(i.TIM_ForcedOC1Config), (18 bytes).
    Removing stm32f10x_tim.o(i.TIM_ForcedOC2Config), (26 bytes).
    Removing stm32f10x_tim.o(i.TIM_ForcedOC3Config), (18 bytes).
    Removing stm32f10x_tim.o(i.TIM_ForcedOC4Config), (26 bytes).
    Removing stm32f10x_tim.o(i.TIM_GenerateEvent), (4 bytes).
    Removing stm32f10x_tim.o(i.TIM_GetCapture1), (6 bytes).
    Removing stm32f10x_tim.o(i.TIM_GetCapture2), (6 bytes).
    Removing stm32f10x_tim.o(i.TIM_GetCapture3), (6 bytes).
    Removing stm32f10x_tim.o(i.TIM_GetCapture4), (8 bytes).
    Removing stm32f10x_tim.o(i.TIM_GetCounter), (6 bytes).
    Removing stm32f10x_tim.o(i.TIM_GetFlagStatus), (18 bytes).
    Removing stm32f10x_tim.o(i.TIM_GetPrescaler), (6 bytes).
    Removing stm32f10x_tim.o(i.TIM_ICInit), (172 bytes).
    Removing stm32f10x_tim.o(i.TIM_ICStructInit), (18 bytes).
    Removing stm32f10x_tim.o(i.TIM_ITRxExternalClockConfig), (24 bytes).
    Removing stm32f10x_tim.o(i.TIM_InternalClockConfig), (12 bytes).
    Removing stm32f10x_tim.o(i.TIM_OC1FastConfig), (18 bytes).
    Removing stm32f10x_tim.o(i.TIM_OC1Init), (152 bytes).
    Removing stm32f10x_tim.o(i.TIM_OC1NPolarityConfig), (18 bytes).
    Removing stm32f10x_tim.o(i.TIM_OC1PolarityConfig), (18 bytes).
    Removing stm32f10x_tim.o(i.TIM_OC1PreloadConfig), (18 bytes).
    Removing stm32f10x_tim.o(i.TIM_OC2FastConfig), (26 bytes).
    Removing stm32f10x_tim.o(i.TIM_OC2Init), (164 bytes).
    Removing stm32f10x_tim.o(i.TIM_OC2NPolarityConfig), (26 bytes).
    Removing stm32f10x_tim.o(i.TIM_OC2PolarityConfig), (26 bytes).
    Removing stm32f10x_tim.o(i.TIM_OC2PreloadConfig), (26 bytes).
    Removing stm32f10x_tim.o(i.TIM_OC3FastConfig), (18 bytes).
    Removing stm32f10x_tim.o(i.TIM_OC3Init), (160 bytes).
    Removing stm32f10x_tim.o(i.TIM_OC3NPolarityConfig), (26 bytes).
    Removing stm32f10x_tim.o(i.TIM_OC3PolarityConfig), (26 bytes).
    Removing stm32f10x_tim.o(i.TIM_OC3PreloadConfig), (18 bytes).
    Removing stm32f10x_tim.o(i.TIM_OC4FastConfig), (26 bytes).
    Removing stm32f10x_tim.o(i.TIM_OC4Init), (124 bytes).
    Removing stm32f10x_tim.o(i.TIM_OC4PolarityConfig), (26 bytes).
    Removing stm32f10x_tim.o(i.TIM_OC4PreloadConfig), (26 bytes).
    Removing stm32f10x_tim.o(i.TIM_OCStructInit), (20 bytes).
    Removing stm32f10x_tim.o(i.TIM_PWMIConfig), (124 bytes).
    Removing stm32f10x_tim.o(i.TIM_PrescalerConfig), (6 bytes).
    Removing stm32f10x_tim.o(i.TIM_SelectCCDMA), (24 bytes).
    Removing stm32f10x_tim.o(i.TIM_SelectCOM), (24 bytes).
    Removing stm32f10x_tim.o(i.TIM_SelectHallSensor), (24 bytes).
    Removing stm32f10x_tim.o(i.TIM_SelectInputTrigger), (18 bytes).
    Removing stm32f10x_tim.o(i.TIM_SelectMasterSlaveMode), (18 bytes).
    Removing stm32f10x_tim.o(i.TIM_SelectOCxM), (82 bytes).
    Removing stm32f10x_tim.o(i.TIM_SelectOnePulseMode), (18 bytes).
    Removing stm32f10x_tim.o(i.TIM_SelectOutputTrigger), (18 bytes).
    Removing stm32f10x_tim.o(i.TIM_SelectSlaveMode), (18 bytes).
    Removing stm32f10x_tim.o(i.TIM_SetAutoreload), (4 bytes).
    Removing stm32f10x_tim.o(i.TIM_SetClockDivision), (18 bytes).
    Removing stm32f10x_tim.o(i.TIM_SetCompare1), (4 bytes).
    Removing stm32f10x_tim.o(i.TIM_SetCompare2), (4 bytes).
    Removing stm32f10x_tim.o(i.TIM_SetCompare3), (4 bytes).
    Removing stm32f10x_tim.o(i.TIM_SetCompare4), (6 bytes).
    Removing stm32f10x_tim.o(i.TIM_SetCounter), (4 bytes).
    Removing stm32f10x_tim.o(i.TIM_SetIC1Prescaler), (18 bytes).
    Removing stm32f10x_tim.o(i.TIM_SetIC2Prescaler), (26 bytes).
    Removing stm32f10x_tim.o(i.TIM_SetIC3Prescaler), (18 bytes).
    Removing stm32f10x_tim.o(i.TIM_SetIC4Prescaler), (26 bytes).
    Removing stm32f10x_tim.o(i.TIM_TIxExternalClockConfig), (62 bytes).
    Removing stm32f10x_tim.o(i.TIM_TimeBaseStructInit), (18 bytes).
    Removing stm32f10x_tim.o(i.TIM_UpdateDisableConfig), (24 bytes).
    Removing stm32f10x_tim.o(i.TIM_UpdateRequestConfig), (24 bytes).
    Removing stm32f10x_can.o(.rev16_text), (4 bytes).
    Removing stm32f10x_can.o(.revsh_text), (4 bytes).
    Removing stm32f10x_can.o(.rrx_text), (6 bytes).
    Removing stm32f10x_can.o(i.CAN_CancelTransmit), (48 bytes).
    Removing stm32f10x_can.o(i.CAN_ClearFlag), (8 bytes).
    Removing stm32f10x_can.o(i.CAN_ClearITPendingBit), (166 bytes).
    Removing stm32f10x_can.o(i.CAN_DBGFreeze), (22 bytes).
    Removing stm32f10x_can.o(i.CAN_GetFlagStatus), (18 bytes).
    Removing stm32f10x_can.o(i.CAN_GetITStatus), (238 bytes).
    Removing stm32f10x_can.o(i.CAN_MessagePending), (30 bytes).
    Removing stm32f10x_can.o(i.CAN_Sleep), (30 bytes).
    Removing stm32f10x_can.o(i.CAN_TransmitStatus), (142 bytes).
    Removing stm32f10x_can.o(i.CAN_WakeUp), (48 bytes).
    Removing stm32f10x_can.o(i.CheckITStatus), (18 bytes).
    Removing stm32f10x_rcc.o(.rev16_text), (4 bytes).
    Removing stm32f10x_rcc.o(.revsh_text), (4 bytes).
    Removing stm32f10x_rcc.o(.rrx_text), (6 bytes).
    Removing stm32f10x_rcc.o(i.RCC_ADCCLKConfig), (24 bytes).
    Removing stm32f10x_rcc.o(i.RCC_AHBPeriphClockCmd), (32 bytes).
    Removing stm32f10x_rcc.o(i.RCC_APB2PeriphResetCmd), (32 bytes).
    Removing stm32f10x_rcc.o(i.RCC_AdjustHSICalibrationValue), (24 bytes).
    Removing stm32f10x_rcc.o(i.RCC_BackupResetCmd), (12 bytes).
    Removing stm32f10x_rcc.o(i.RCC_ClearFlag), (20 bytes).
    Removing stm32f10x_rcc.o(i.RCC_ClearITPendingBit), (12 bytes).
    Removing stm32f10x_rcc.o(i.RCC_ClockSecuritySystemCmd), (12 bytes).
    Removing stm32f10x_rcc.o(i.RCC_DeInit), (76 bytes).
    Removing stm32f10x_rcc.o(i.RCC_GetFlagStatus), (60 bytes).
    Removing stm32f10x_rcc.o(i.RCC_GetITStatus), (24 bytes).
    Removing stm32f10x_rcc.o(i.RCC_GetSYSCLKSource), (16 bytes).
    Removing stm32f10x_rcc.o(i.RCC_HCLKConfig), (24 bytes).
    Removing stm32f10x_rcc.o(i.RCC_HSEConfig), (76 bytes).
    Removing stm32f10x_rcc.o(i.RCC_HSICmd), (12 bytes).
    Removing stm32f10x_rcc.o(i.RCC_ITConfig), (32 bytes).
    Removing stm32f10x_rcc.o(i.RCC_LSEConfig), (52 bytes).
    Removing stm32f10x_rcc.o(i.RCC_LSICmd), (12 bytes).
    Removing stm32f10x_rcc.o(i.RCC_MCOConfig), (12 bytes).
    Removing stm32f10x_rcc.o(i.RCC_PCLK1Config), (24 bytes).
    Removing stm32f10x_rcc.o(i.RCC_PCLK2Config), (24 bytes).
    Removing stm32f10x_rcc.o(i.RCC_PLLCmd), (12 bytes).
    Removing stm32f10x_rcc.o(i.RCC_PLLConfig), (28 bytes).
    Removing stm32f10x_rcc.o(i.RCC_RTCCLKCmd), (12 bytes).
    Removing stm32f10x_rcc.o(i.RCC_RTCCLKConfig), (16 bytes).
    Removing stm32f10x_rcc.o(i.RCC_SYSCLKConfig), (24 bytes).
    Removing stm32f10x_rcc.o(i.RCC_USBCLKConfig), (12 bytes).
    Removing stm32f10x_rcc.o(i.RCC_WaitForHSEStartUp), (56 bytes).
    Removing stm32f10x_gpio.o(.rev16_text), (4 bytes).
    Removing stm32f10x_gpio.o(.revsh_text), (4 bytes).
    Removing stm32f10x_gpio.o(.rrx_text), (6 bytes).
    Removing stm32f10x_gpio.o(i.GPIO_AFIODeInit), (20 bytes).
    Removing stm32f10x_gpio.o(i.GPIO_DeInit), (196 bytes).
    Removing stm32f10x_gpio.o(i.GPIO_EXTILineConfig), (64 bytes).
    Removing stm32f10x_gpio.o(i.GPIO_EventOutputCmd), (12 bytes).
    Removing stm32f10x_gpio.o(i.GPIO_EventOutputConfig), (32 bytes).
    Removing stm32f10x_gpio.o(i.GPIO_PinLockConfig), (18 bytes).
    Removing stm32f10x_gpio.o(i.GPIO_ReadInputData), (8 bytes).
    Removing stm32f10x_gpio.o(i.GPIO_ReadOutputData), (8 bytes).
    Removing stm32f10x_gpio.o(i.GPIO_ReadOutputDataBit), (18 bytes).
    Removing stm32f10x_gpio.o(i.GPIO_StructInit), (16 bytes).
    Removing stm32f10x_gpio.o(i.GPIO_Write), (4 bytes).
    Removing stm32f10x_gpio.o(i.GPIO_WriteBit), (10 bytes).
    Removing stm32f10x_usart.o(.rev16_text), (4 bytes).
    Removing stm32f10x_usart.o(.revsh_text), (4 bytes).
    Removing stm32f10x_usart.o(.rrx_text), (6 bytes).
    Removing stm32f10x_usart.o(i.USART_ClearITPendingBit), (20 bytes).
    Removing stm32f10x_usart.o(i.USART_ClockInit), (34 bytes).
    Removing stm32f10x_usart.o(i.USART_ClockStructInit), (12 bytes).
    Removing stm32f10x_usart.o(i.USART_DMACmd), (18 bytes).
    Removing stm32f10x_usart.o(i.USART_DeInit), (156 bytes).
    Removing stm32f10x_usart.o(i.USART_HalfDuplexCmd), (24 bytes).
    Removing stm32f10x_usart.o(i.USART_IrDACmd), (24 bytes).
    Removing stm32f10x_usart.o(i.USART_IrDAConfig), (18 bytes).
    Removing stm32f10x_usart.o(i.USART_LINBreakDetectLengthConfig), (18 bytes).
    Removing stm32f10x_usart.o(i.USART_LINCmd), (24 bytes).
    Removing stm32f10x_usart.o(i.USART_ReceiverWakeUpCmd), (24 bytes).
    Removing stm32f10x_usart.o(i.USART_SendBreak), (10 bytes).
    Removing stm32f10x_usart.o(i.USART_SetAddress), (18 bytes).
    Removing stm32f10x_usart.o(i.USART_SetGuardTime), (16 bytes).
    Removing stm32f10x_usart.o(i.USART_SetPrescaler), (16 bytes).
    Removing stm32f10x_usart.o(i.USART_SmartCardCmd), (24 bytes).
    Removing stm32f10x_usart.o(i.USART_SmartCardNACKCmd), (24 bytes).
    Removing stm32f10x_usart.o(i.USART_StructInit), (24 bytes).
    Removing stm32f10x_usart.o(i.USART_WakeUpConfig), (18 bytes).
    Removing stm32f10x_spi.o(.rev16_text), (4 bytes).
    Removing stm32f10x_spi.o(.revsh_text), (4 bytes).
    Removing stm32f10x_spi.o(.rrx_text), (6 bytes).
    Removing stm32f10x_spi.o(i.I2S_Cmd), (24 bytes).
    Removing stm32f10x_spi.o(i.I2S_Init), (210 bytes).
    Removing stm32f10x_spi.o(i.I2S_StructInit), (20 bytes).
    Removing stm32f10x_spi.o(i.SPI_BiDirectionalLineConfig), (28 bytes).
    Removing stm32f10x_spi.o(i.SPI_CalculateCRC), (24 bytes).
    Removing stm32f10x_spi.o(i.SPI_Cmd), (24 bytes).
    Removing stm32f10x_spi.o(i.SPI_DataSizeConfig), (18 bytes).
    Removing stm32f10x_spi.o(i.SPI_GetCRC), (16 bytes).
    Removing stm32f10x_spi.o(i.SPI_GetCRCPolynomial), (6 bytes).
    Removing stm32f10x_spi.o(i.SPI_I2S_ClearFlag), (6 bytes).
    Removing stm32f10x_spi.o(i.SPI_I2S_ClearITPendingBit), (20 bytes).
    Removing stm32f10x_spi.o(i.SPI_I2S_DMACmd), (18 bytes).
    Removing stm32f10x_spi.o(i.SPI_I2S_DeInit), (92 bytes).
    Removing stm32f10x_spi.o(i.SPI_I2S_GetFlagStatus), (18 bytes).
    Removing stm32f10x_spi.o(i.SPI_I2S_GetITStatus), (52 bytes).
    Removing stm32f10x_spi.o(i.SPI_I2S_ITConfig), (32 bytes).
    Removing stm32f10x_spi.o(i.SPI_I2S_ReceiveData), (6 bytes).
    Removing stm32f10x_spi.o(i.SPI_I2S_SendData), (4 bytes).
    Removing stm32f10x_spi.o(i.SPI_Init), (60 bytes).
    Removing stm32f10x_spi.o(i.SPI_NSSInternalSoftwareConfig), (30 bytes).
    Removing stm32f10x_spi.o(i.SPI_SSOutputCmd), (24 bytes).
    Removing stm32f10x_spi.o(i.SPI_StructInit), (24 bytes).
    Removing stm32f10x_spi.o(i.SPI_TransmitCRC), (10 bytes).
    Removing stm32f10x_iwdg.o(.rev16_text), (4 bytes).
    Removing stm32f10x_iwdg.o(.revsh_text), (4 bytes).
    Removing stm32f10x_iwdg.o(.rrx_text), (6 bytes).
    Removing stm32f10x_iwdg.o(i.IWDG_Enable), (16 bytes).
    Removing stm32f10x_iwdg.o(i.IWDG_GetFlagStatus), (24 bytes).
    Removing stm32f10x_iwdg.o(i.IWDG_ReloadCounter), (16 bytes).
    Removing stm32f10x_iwdg.o(i.IWDG_SetPrescaler), (12 bytes).
    Removing stm32f10x_iwdg.o(i.IWDG_SetReload), (12 bytes).
    Removing stm32f10x_iwdg.o(i.IWDG_WriteAccessCmd), (12 bytes).
    Removing stm32f10x_rtc.o(.rev16_text), (4 bytes).
    Removing stm32f10x_rtc.o(.revsh_text), (4 bytes).
    Removing stm32f10x_rtc.o(.rrx_text), (6 bytes).
    Removing stm32f10x_rtc.o(i.RTC_ClearFlag), (16 bytes).
    Removing stm32f10x_rtc.o(i.RTC_ClearITPendingBit), (16 bytes).
    Removing stm32f10x_rtc.o(i.RTC_EnterConfigMode), (20 bytes).
    Removing stm32f10x_rtc.o(i.RTC_ExitConfigMode), (20 bytes).
    Removing stm32f10x_rtc.o(i.RTC_GetCounter), (20 bytes).
    Removing stm32f10x_rtc.o(i.RTC_GetDivider), (24 bytes).
    Removing stm32f10x_rtc.o(i.RTC_GetFlagStatus), (24 bytes).
    Removing stm32f10x_rtc.o(i.RTC_GetITStatus), (36 bytes).
    Removing stm32f10x_rtc.o(i.RTC_ITConfig), (32 bytes).
    Removing stm32f10x_rtc.o(i.RTC_SetAlarm), (28 bytes).
    Removing stm32f10x_rtc.o(i.RTC_SetCounter), (28 bytes).
    Removing stm32f10x_rtc.o(i.RTC_SetPrescaler), (32 bytes).
    Removing stm32f10x_rtc.o(i.RTC_WaitForLastTask), (20 bytes).
    Removing stm32f10x_rtc.o(i.RTC_WaitForSynchro), (36 bytes).
    Removing stm32f10x_flash.o(.rev16_text), (4 bytes).
    Removing stm32f10x_flash.o(.revsh_text), (4 bytes).
    Removing stm32f10x_flash.o(.rrx_text), (6 bytes).
    Removing stm32f10x_flash.o(i.FLASH_ClearFlag), (12 bytes).
    Removing stm32f10x_flash.o(i.FLASH_EnableWriteProtection), (196 bytes).
    Removing stm32f10x_flash.o(i.FLASH_EraseAllPages), (76 bytes).
    Removing stm32f10x_flash.o(i.FLASH_EraseOptionBytes), (160 bytes).
    Removing stm32f10x_flash.o(i.FLASH_GetFlagStatus), (48 bytes).
    Removing stm32f10x_flash.o(i.FLASH_GetPrefetchBufferStatus), (24 bytes).
    Removing stm32f10x_flash.o(i.FLASH_GetReadOutProtectionStatus), (24 bytes).
    Removing stm32f10x_flash.o(i.FLASH_GetUserOptionByte), (12 bytes).
    Removing stm32f10x_flash.o(i.FLASH_GetWriteProtectionOptionByte), (12 bytes).
    Removing stm32f10x_flash.o(i.FLASH_HalfCycleAccessCmd), (28 bytes).
    Removing stm32f10x_flash.o(i.FLASH_ITConfig), (32 bytes).
    Removing stm32f10x_flash.o(i.FLASH_PrefetchBufferCmd), (28 bytes).
    Removing stm32f10x_flash.o(i.FLASH_ProgramOptionByteData), (84 bytes).
    Removing stm32f10x_flash.o(i.FLASH_ProgramWord), (104 bytes).
    Removing stm32f10x_flash.o(i.FLASH_ReadOutProtection), (172 bytes).
    Removing stm32f10x_flash.o(i.FLASH_SetLatency), (24 bytes).
    Removing stm32f10x_flash.o(i.FLASH_UserOptionByteConfig), (108 bytes).
    Removing startup_stm32f10x_md.o(HEAP), (512 bytes).
    Removing system_stm32f10x.o(.rev16_text), (4 bytes).
    Removing system_stm32f10x.o(.revsh_text), (4 bytes).
    Removing system_stm32f10x.o(.rrx_text), (6 bytes).
    Removing system_stm32f10x.o(i.SystemCoreClockUpdate), (164 bytes).
    Removing system_stm32f10x.o(.data), (20 bytes).

299 unused section(s) (total 10641 bytes) removed from the image.

==============================================================================

Image Symbol Table

    Local Symbols

    Symbol Name                              Value     Ov Type        Size  Object(Section)

    ../clib/../cmprslib/zerorunl2.c          0x00000000   Number         0  __dczerorl2.o ABSOLUTE
    ../clib/microlib/init/entry.s            0x00000000   Number         0  entry11b.o ABSOLUTE
    ../clib/microlib/init/entry.s            0x00000000   Number         0  entry10a.o ABSOLUTE
    ../clib/microlib/init/entry.s            0x00000000   Number         0  entry7b.o ABSOLUTE
    ../clib/microlib/init/entry.s            0x00000000   Number         0  entry7a.o ABSOLUTE
    ../clib/microlib/init/entry.s            0x00000000   Number         0  entry.o ABSOLUTE
    ../clib/microlib/init/entry.s            0x00000000   Number         0  entry5.o ABSOLUTE
    ../clib/microlib/init/entry.s            0x00000000   Number         0  entry2.o ABSOLUTE
    ../clib/microlib/init/entry.s            0x00000000   Number         0  entry8a.o ABSOLUTE
    ../clib/microlib/init/entry.s            0x00000000   Number         0  entry11a.o ABSOLUTE
    ../clib/microlib/init/entry.s            0x00000000   Number         0  entry10b.o ABSOLUTE
    ../clib/microlib/init/entry.s            0x00000000   Number         0  entry9b.o ABSOLUTE
    ../clib/microlib/init/entry.s            0x00000000   Number         0  entry9a.o ABSOLUTE
    ../clib/microlib/init/entry.s            0x00000000   Number         0  entry8b.o ABSOLUTE
    ../clib/microlib/string/memset.c         0x00000000   Number         0  memseta.o ABSOLUTE
    FWlib\\src\\misc.c                       0x00000000   Number         0  misc.o ABSOLUTE
    FWlib\\src\\stm32f10x_can.c              0x00000000   Number         0  stm32f10x_can.o ABSOLUTE
    FWlib\\src\\stm32f10x_flash.c            0x00000000   Number         0  stm32f10x_flash.o ABSOLUTE
    FWlib\\src\\stm32f10x_gpio.c             0x00000000   Number         0  stm32f10x_gpio.o ABSOLUTE
    FWlib\\src\\stm32f10x_iwdg.c             0x00000000   Number         0  stm32f10x_iwdg.o ABSOLUTE
    FWlib\\src\\stm32f10x_rcc.c              0x00000000   Number         0  stm32f10x_rcc.o ABSOLUTE
    FWlib\\src\\stm32f10x_rtc.c              0x00000000   Number         0  stm32f10x_rtc.o ABSOLUTE
    FWlib\\src\\stm32f10x_spi.c              0x00000000   Number         0  stm32f10x_spi.o ABSOLUTE
    FWlib\\src\\stm32f10x_tim.c              0x00000000   Number         0  stm32f10x_tim.o ABSOLUTE
    FWlib\\src\\stm32f10x_usart.c            0x00000000   Number         0  stm32f10x_usart.o ABSOLUTE
    FWlib\src\misc.c                         0x00000000   Number         0  misc.o ABSOLUTE
    FWlib\src\stm32f10x_can.c                0x00000000   Number         0  stm32f10x_can.o ABSOLUTE
    FWlib\src\stm32f10x_flash.c              0x00000000   Number         0  stm32f10x_flash.o ABSOLUTE
    FWlib\src\stm32f10x_gpio.c               0x00000000   Number         0  stm32f10x_gpio.o ABSOLUTE
    FWlib\src\stm32f10x_iwdg.c               0x00000000   Number         0  stm32f10x_iwdg.o ABSOLUTE
    FWlib\src\stm32f10x_rcc.c                0x00000000   Number         0  stm32f10x_rcc.o ABSOLUTE
    FWlib\src\stm32f10x_rtc.c                0x00000000   Number         0  stm32f10x_rtc.o ABSOLUTE
    FWlib\src\stm32f10x_spi.c                0x00000000   Number         0  stm32f10x_spi.o ABSOLUTE
    FWlib\src\stm32f10x_tim.c                0x00000000   Number         0  stm32f10x_tim.o ABSOLUTE
    FWlib\src\stm32f10x_usart.c              0x00000000   Number         0  stm32f10x_usart.o ABSOLUTE
    RTE\Device\STM32F103C8\startup_stm32f10x_md.s 0x00000000   Number         0  startup_stm32f10x_md.o ABSOLUTE
    RTE\Device\STM32F103C8\system_stm32f10x.c 0x00000000   Number         0  system_stm32f10x.o ABSOLUTE
    RTE\\Device\\STM32F103C8\\system_stm32f10x.c 0x00000000   Number         0  system_stm32f10x.o ABSOLUTE
    USER\\bsp_TiMbase.c                      0x00000000   Number         0  bsp_timbase.o ABSOLUTE
    USER\\bsp_spi_nrf.c                      0x00000000   Number         0  bsp_spi_nrf.o ABSOLUTE
    USER\\bsp_usart1.c                       0x00000000   Number         0  bsp_usart1.o ABSOLUTE
    USER\\bsp_usart3.c                       0x00000000   Number         0  bsp_usart3.o ABSOLUTE
    USER\\can.c                              0x00000000   Number         0  can_1.o ABSOLUTE
    USER\\led.c                              0x00000000   Number         0  led.o ABSOLUTE
    USER\\search.c                           0x00000000   Number         0  search.o ABSOLUTE
    USER\\stm32f10x_it.c                     0x00000000   Number         0  stm32f10x_it.o ABSOLUTE
    USER\\stm_flash.c                        0x00000000   Number         0  stm_flash.o ABSOLUTE
    USER\bsp_TiMbase.c                       0x00000000   Number         0  bsp_timbase.o ABSOLUTE
    USER\bsp_spi_nrf.c                       0x00000000   Number         0  bsp_spi_nrf.o ABSOLUTE
    USER\bsp_usart1.c                        0x00000000   Number         0  bsp_usart1.o ABSOLUTE
    USER\bsp_usart3.c                        0x00000000   Number         0  bsp_usart3.o ABSOLUTE
    USER\can.c                               0x00000000   Number         0  can_1.o ABSOLUTE
    USER\judge.c                             0x00000000   Number         0  judge.o ABSOLUTE
    USER\led.c                               0x00000000   Number         0  led.o ABSOLUTE
    USER\search.c                            0x00000000   Number         0  search.o ABSOLUTE
    USER\stm32f10x_it.c                      0x00000000   Number         0  stm32f10x_it.o ABSOLUTE
    USER\stm_flash.c                         0x00000000   Number         0  stm_flash.o ABSOLUTE
    dc.s                                     0x00000000   Number         0  dc.o ABSOLUTE
    handlers.s                               0x00000000   Number         0  handlers.o ABSOLUTE
    init.s                                   0x00000000   Number         0  init.o ABSOLUTE
    main.c                                   0x00000000   Number         0  main.o ABSOLUTE
    main.c                                   0x00000000   Number         0  main.o ABSOLUTE
    RESET                                    0x08010000   Section      236  startup_stm32f10x_md.o(RESET)
    .ARM.Collect$$$$00000000                 0x080100ec   Section        0  entry.o(.ARM.Collect$$$$00000000)
    .ARM.Collect$$$$00000001                 0x080100ec   Section        4  entry2.o(.ARM.Collect$$$$00000001)
    .ARM.Collect$$$$00000004                 0x080100f0   Section        4  entry5.o(.ARM.Collect$$$$00000004)
    .ARM.Collect$$$$00000008                 0x080100f4   Section        0  entry7b.o(.ARM.Collect$$$$00000008)
    .ARM.Collect$$$$0000000A                 0x080100f4   Section        0  entry8b.o(.ARM.Collect$$$$0000000A)
    .ARM.Collect$$$$0000000B                 0x080100f4   Section        8  entry9a.o(.ARM.Collect$$$$0000000B)
    .ARM.Collect$$$$0000000D                 0x080100fc   Section        0  entry10a.o(.ARM.Collect$$$$0000000D)
    .ARM.Collect$$$$0000000F                 0x080100fc   Section        0  entry11a.o(.ARM.Collect$$$$0000000F)
    .ARM.Collect$$$$00002712                 0x080100fc   Section        4  entry2.o(.ARM.Collect$$$$00002712)
    __lit__00000000                          0x080100fc   Data           4  entry2.o(.ARM.Collect$$$$00002712)
    .text                                    0x08010100   Section       36  startup_stm32f10x_md.o(.text)
    .text                                    0x08010124   Section        0  memseta.o(.text)
    .text                                    0x08010148   Section       36  init.o(.text)
    .text                                    0x0801016c   Section        0  __dczerorl2.o(.text)
    i.BusFault_Handler                       0x080101c2   Section        0  stm32f10x_it.o(i.BusFault_Handler)
    i.CAN_DeInit                             0x080101c8   Section        0  stm32f10x_can.o(i.CAN_DeInit)
    i.CAN_FIFORelease                        0x080101f0   Section        0  stm32f10x_can.o(i.CAN_FIFORelease)
    i.CAN_FilterInit                         0x08010200   Section        0  stm32f10x_can.o(i.CAN_FilterInit)
    i.CAN_GPIO_Config                        0x08010308   Section        0  can_1.o(i.CAN_GPIO_Config)
    CAN_GPIO_Config                          0x08010309   Thumb Code    86  can_1.o(i.CAN_GPIO_Config)
    i.CAN_ITConfig                           0x08010364   Section        0  stm32f10x_can.o(i.CAN_ITConfig)
    i.CAN_Init                               0x08010376   Section        0  stm32f10x_can.o(i.CAN_Init)
    i.CAN_Interrupt                          0x08010490   Section        0  can_1.o(i.CAN_Interrupt)
    i.CAN_NVIC_Configuration                 0x08010570   Section        0  can_1.o(i.CAN_NVIC_Configuration)
    CAN_NVIC_Configuration                   0x08010571   Thumb Code    30  can_1.o(i.CAN_NVIC_Configuration)
    i.CAN_Receive                            0x0801058e   Section        0  stm32f10x_can.o(i.CAN_Receive)
    i.CAN_StructInit                         0x08010678   Section        0  stm32f10x_can.o(i.CAN_StructInit)
    i.CAN_Transmit                           0x08010698   Section        0  stm32f10x_can.o(i.CAN_Transmit)
    i.CRC1                                   0x080107be   Section        0  stm32f10x_it.o(i.CRC1)
    i.DebugMon_Handler                       0x0801082c   Section        0  stm32f10x_it.o(i.DebugMon_Handler)
    i.Delay                                  0x0801082e   Section        0  bsp_spi_nrf.o(i.Delay)
    i.FLASH_ErasePage                        0x08010840   Section        0  stm32f10x_flash.o(i.FLASH_ErasePage)
    i.FLASH_GetStatus                        0x08010890   Section        0  stm32f10x_flash.o(i.FLASH_GetStatus)
    i.FLASH_Lock                             0x080108c4   Section        0  stm32f10x_flash.o(i.FLASH_Lock)
    i.FLASH_ProgramHalfWord                  0x080108d8   Section        0  stm32f10x_flash.o(i.FLASH_ProgramHalfWord)
    i.FLASH_Unlock                           0x0801091c   Section        0  stm32f10x_flash.o(i.FLASH_Unlock)
    i.FLASH_WaitForLastOperation             0x08010934   Section        0  stm32f10x_flash.o(i.FLASH_WaitForLastOperation)
    i.GPIO_Init                              0x0801095e   Section        0  stm32f10x_gpio.o(i.GPIO_Init)
    i.GPIO_PinRemapConfig                    0x08010a74   Section        0  stm32f10x_gpio.o(i.GPIO_PinRemapConfig)
    i.GPIO_ReadInputDataBit                  0x08010ae4   Section        0  stm32f10x_gpio.o(i.GPIO_ReadInputDataBit)
    i.GPIO_ResetBits                         0x08010af6   Section        0  stm32f10x_gpio.o(i.GPIO_ResetBits)
    i.GPIO_SetBits                           0x08010afa   Section        0  stm32f10x_gpio.o(i.GPIO_SetBits)
    i.Get_ChipID                             0x08010b00   Section        0  main.o(i.Get_ChipID)
    i.HardFault_Handler                      0x08010b58   Section        0  stm32f10x_it.o(i.HardFault_Handler)
    i.IAP_Write_App_Bin                      0x08010b5c   Section        0  main.o(i.IAP_Write_App_Bin)
    i.Judge                                  0x08010bbc   Section        0  judge.o(i.Judge)
    i.LED_GPIO_Config                        0x08010c50   Section        0  led.o(i.LED_GPIO_Config)
    i.MemManage_Handler                      0x08010cc8   Section        0  stm32f10x_it.o(i.MemManage_Handler)
    i.NMI_Handler                            0x08010ccc   Section        0  stm32f10x_it.o(i.NMI_Handler)
    i.NRF_Check                              0x08010cd0   Section        0  bsp_spi_nrf.o(i.NRF_Check)
    i.NRF_TX_Mode                            0x08010d1c   Section        0  bsp_spi_nrf.o(i.NRF_TX_Mode)
    i.NRF_Tx_Dat                             0x08010d98   Section        0  bsp_spi_nrf.o(i.NRF_Tx_Dat)
    i.NVIC1_Configuration                    0x08010dfc   Section        0  bsp_usart1.o(i.NVIC1_Configuration)
    NVIC1_Configuration                      0x08010dfd   Thumb Code    38  bsp_usart1.o(i.NVIC1_Configuration)
    i.NVIC_Configuration                     0x08010e22   Section        0  bsp_usart1.o(i.NVIC_Configuration)
    NVIC_Configuration                       0x08010e23   Thumb Code    40  bsp_usart1.o(i.NVIC_Configuration)
    i.NVIC_Configuration                     0x08010e4a   Section        0  bsp_usart3.o(i.NVIC_Configuration)
    NVIC_Configuration                       0x08010e4b   Thumb Code    38  bsp_usart3.o(i.NVIC_Configuration)
    i.NVIC_Init                              0x08010e70   Section        0  misc.o(i.NVIC_Init)
    i.NVIC_PriorityGroupConfig               0x08010ee0   Section        0  misc.o(i.NVIC_PriorityGroupConfig)
    i.PendSV_Handler                         0x08010ef4   Section        0  stm32f10x_it.o(i.PendSV_Handler)
    i.Quest_len_int                          0x08010ef6   Section        0  judge.o(i.Quest_len_int)
    i.RCC_APB1PeriphClockCmd                 0x08010f14   Section        0  stm32f10x_rcc.o(i.RCC_APB1PeriphClockCmd)
    i.RCC_APB1PeriphResetCmd                 0x08010f34   Section        0  stm32f10x_rcc.o(i.RCC_APB1PeriphResetCmd)
    i.RCC_APB2PeriphClockCmd                 0x08010f54   Section        0  stm32f10x_rcc.o(i.RCC_APB2PeriphClockCmd)
    i.RCC_GetClocksFreq                      0x08010f74   Section        0  stm32f10x_rcc.o(i.RCC_GetClocksFreq)
    i.SPI_NRF_Init1                          0x08011048   Section        0  bsp_spi_nrf.o(i.SPI_NRF_Init1)
    i.SPI_NRF_RW                             0x080110cc   Section        0  bsp_spi_nrf.o(i.SPI_NRF_RW)
    i.SPI_NRF_ReadBuf                        0x080110d8   Section        0  bsp_spi_nrf.o(i.SPI_NRF_ReadBuf)
    i.SPI_NRF_ReadReg                        0x08011120   Section        0  bsp_spi_nrf.o(i.SPI_NRF_ReadReg)
    i.SPI_NRF_WriteBuf                       0x08011154   Section        0  bsp_spi_nrf.o(i.SPI_NRF_WriteBuf)
    i.SPI_NRF_WriteReg                       0x0801119c   Section        0  bsp_spi_nrf.o(i.SPI_NRF_WriteReg)
    i.SPI_SendByte                           0x080111d0   Section        0  bsp_spi_nrf.o(i.SPI_SendByte)
    i.STMFLASH_Read                          0x08011234   Section        0  stm_flash.o(i.STMFLASH_Read)
    i.STMFLASH_ReadHalfWord                  0x08011256   Section        0  stm_flash.o(i.STMFLASH_ReadHalfWord)
    i.STMFLASH_Write                         0x0801125c   Section        0  stm_flash.o(i.STMFLASH_Write)
    i.STMFLASH_Write_NoCheck                 0x08011344   Section        0  stm_flash.o(i.STMFLASH_Write_NoCheck)
    i.SVC_Handler                            0x0801136a   Section        0  stm32f10x_it.o(i.SVC_Handler)
    i.SetSysClock                            0x0801136c   Section        0  system_stm32f10x.o(i.SetSysClock)
    SetSysClock                              0x0801136d   Thumb Code     8  system_stm32f10x.o(i.SetSysClock)
    i.SetSysClockTo72                        0x08011374   Section        0  system_stm32f10x.o(i.SetSysClockTo72)
    SetSysClockTo72                          0x08011375   Thumb Code   216  system_stm32f10x.o(i.SetSysClockTo72)
    i.SysTick_Handler                        0x08011454   Section        0  stm32f10x_it.o(i.SysTick_Handler)
    i.SystemInit                             0x08011458   Section        0  system_stm32f10x.o(i.SystemInit)
    i.TIM2_IRQHandler                        0x080114c0   Section        0  main.o(i.TIM2_IRQHandler)
    i.TIM_ClearFlag                          0x08011648   Section        0  stm32f10x_tim.o(i.TIM_ClearFlag)
    i.TIM_ClearITPendingBit                  0x0801164e   Section        0  stm32f10x_tim.o(i.TIM_ClearITPendingBit)
    i.TIM_Cmd                                0x08011654   Section        0  stm32f10x_tim.o(i.TIM_Cmd)
    i.TIM_GetITStatus                        0x0801166c   Section        0  stm32f10x_tim.o(i.TIM_GetITStatus)
    i.TIM_ITConfig                           0x0801168e   Section        0  stm32f10x_tim.o(i.TIM_ITConfig)
    i.TIM_TimeBaseInit                       0x080116a0   Section        0  stm32f10x_tim.o(i.TIM_TimeBaseInit)
    i.TIMx_Configuration                     0x08011744   Section        0  bsp_timbase.o(i.TIMx_Configuration)
    i.TIMx_NVIC_Configuration                0x08011790   Section        0  bsp_timbase.o(i.TIMx_NVIC_Configuration)
    i.USART1_IRQHandler                      0x080117bc   Section        0  stm32f10x_it.o(i.USART1_IRQHandler)
    i.USART1x_Config                         0x080117e0   Section        0  bsp_usart1.o(i.USART1x_Config)
    i.USART2_IRQHandler                      0x0801186c   Section        0  main.o(i.USART2_IRQHandler)
    i.USART3_IRQHandler                      0x08011b74   Section        0  stm32f10x_it.o(i.USART3_IRQHandler)
    i.USART_ClearFlag                        0x08011b98   Section        0  stm32f10x_usart.o(i.USART_ClearFlag)
    i.USART_Cmd                              0x08011b9e   Section        0  stm32f10x_usart.o(i.USART_Cmd)
    i.USART_GetFlagStatus                    0x08011bb6   Section        0  stm32f10x_usart.o(i.USART_GetFlagStatus)
    i.USART_GetITStatus                      0x08011bc8   Section        0  stm32f10x_usart.o(i.USART_GetITStatus)
    i.USART_ITConfig                         0x08011c14   Section        0  stm32f10x_usart.o(i.USART_ITConfig)
    i.USART_Init                             0x08011c54   Section        0  stm32f10x_usart.o(i.USART_Init)
    i.USART_ReceiveData                      0x08011cf0   Section        0  stm32f10x_usart.o(i.USART_ReceiveData)
    i.USART_SendData                         0x08011cfa   Section        0  stm32f10x_usart.o(i.USART_SendData)
    i.USARTx_Config                          0x08011d04   Section        0  bsp_usart1.o(i.USARTx_Config)
    i.USARTx_Config3                         0x08011d94   Section        0  bsp_usart3.o(i.USARTx_Config3)
    i.USB_LP_CAN1_RX0_IRQHandler             0x08011e2c   Section        0  stm32f10x_it.o(i.USB_LP_CAN1_RX0_IRQHandler)
    i.USER_CAN_Init                          0x08011f24   Section        0  can_1.o(i.USER_CAN_Init)
    i.USER_CAN_Test                          0x08011f30   Section        0  can_1.o(i.USER_CAN_Test)
    i.UsageFault_Handler                     0x08011f7c   Section        0  stm32f10x_it.o(i.UsageFault_Handler)
    i.Usart_SendByte                         0x08011f80   Section        0  bsp_usart1.o(i.Usart_SendByte)
    i.__scatterload_copy                     0x08011f9e   Section       14  handlers.o(i.__scatterload_copy)
    i.__scatterload_null                     0x08011fac   Section        2  handlers.o(i.__scatterload_null)
    i.__scatterload_zeroinit                 0x08011fae   Section       14  handlers.o(i.__scatterload_zeroinit)
    i._delay_ms                              0x08011fbc   Section        0  search.o(i._delay_ms)
    i.add                                    0x08011fd0   Section        0  judge.o(i.add)
    i.blink                                  0x080122a0   Section        0  main.o(i.blink)
    i.board_num                              0x080122dc   Section        0  search.o(i.board_num)
    i.cache_clear                            0x080122e0   Section        0  search.o(i.cache_clear)
    i.cache_plus                             0x08012340   Section        0  search.o(i.cache_plus)
    i.delay                                  0x08012394   Section        0  stm32f10x_flash.o(i.delay)
    delay                                    0x08012395   Thumb Code    26  stm32f10x_flash.o(i.delay)
    i.fac_to_server                          0x080123b0   Section        0  search.o(i.fac_to_server)
    i.find                                   0x080123c0   Section        0  judge.o(i.find)
    i.get_len_can                            0x080123ec   Section        0  search.o(i.get_len_can)
    i.get_len_dat3                           0x080123f4   Section        0  search.o(i.get_len_dat3)
    i.handle_can                             0x0801241c   Section        0  main.o(i.handle_can)
    i.handle_data                            0x08012494   Section        0  stm32f10x_it.o(i.handle_data)
    i.init_2                                 0x08012728   Section        0  search.o(i.init_2)
    i.init_3                                 0x08012788   Section        0  search.o(i.init_3)
    i.init_4                                 0x080127e4   Section        0  search.o(i.init_4)
    i.init_5                                 0x0801282c   Section        0  search.o(i.init_5)
    i.init_6                                 0x08012898   Section        0  search.o(i.init_6)
    i.init_7                                 0x080128fc   Section        0  search.o(i.init_7)
    i.init_8                                 0x08012968   Section        0  search.o(i.init_8)
    i.init_jlb                               0x080129d4   Section        0  main.o(i.init_jlb)
    i.main                                   0x080129f4   Section        0  main.o(i.main)
    i.read_dat0                              0x08012ad4   Section        0  search.o(i.read_dat0)
    i.read_dat2                              0x08012afc   Section        0  search.o(i.read_dat2)
    i.read_flash                             0x08012b24   Section        0  search.o(i.read_flash)
    i.read_prog                              0x08012c00   Section        0  search.o(i.read_prog)
    i.search                                 0x08012c54   Section        0  search.o(i.search)
    i.searchL                                0x08012ce4   Section        0  search.o(i.searchL)
    i.search_can                             0x08012f6c   Section        0  search.o(i.search_can)
    i.search_single                          0x08013020   Section        0  search.o(i.search_single)
    i.search_single_can                      0x080132b8   Section        0  search.o(i.search_single_can)
    i.send_m_xinhao                          0x08013328   Section        0  search.o(i.send_m_xinhao)
    i.send_moni                              0x08013460   Section        0  search.o(i.send_moni)
    i.send_to_server                         0x080135d4   Section        0  search.o(i.send_to_server)
    i.set_num                                0x08013600   Section        0  search.o(i.set_num)
    i.set_num_pt                             0x08013654   Section        0  search.o(i.set_num_pt)
    i.softinit                               0x08013678   Section        0  main.o(i.softinit)
    i.test                                   0x080136f0   Section        0  main.o(i.test)
    i.uart_sendB1                            0x0801372c   Section        0  main.o(i.uart_sendB1)
    .constdata                               0x08013740   Section        8  judge.o(.constdata)
    .data                                    0x20000000   Section     1309  main.o(.data)
    .data                                    0x20000520   Section        5  can_1.o(.data)
    .data                                    0x20000528   Section       28  stm32f10x_it.o(.data)
    .data                                    0x20000544   Section       10  bsp_spi_nrf.o(.data)
    .data                                    0x20000550   Section        9  judge.o(.data)
    .data                                    0x2000055a   Section       16  search.o(.data)
    .data                                    0x2000056a   Section       20  stm32f10x_rcc.o(.data)
    APBAHBPrescTable                         0x2000056a   Data          16  stm32f10x_rcc.o(.data)
    ADCPrescTable                            0x2000057a   Data           4  stm32f10x_rcc.o(.data)
    .bss                                     0x20000580   Section     3808  main.o(.bss)
    ulBuf_Flash_App                          0x20000c60   Data        2048  main.o(.bss)
    .bss                                     0x20001460   Section      370  stm32f10x_it.o(.bss)
    .bss                                     0x200015d2   Section      370  judge.o(.bss)
    .bss                                     0x20001744   Section     4872  search.o(.bss)
    .bss                                     0x20002a4c   Section     1024  stm_flash.o(.bss)
    STMFLASH_BUF                             0x20002a4c   Data        1024  stm_flash.o(.bss)
    STACK                                    0x20002e50   Section     4096  startup_stm32f10x_md.o(STACK)

    Global Symbols

    Symbol Name                              Value     Ov Type        Size  Object(Section)

    BuildAttributes$$THM_ISAv4$P$D$K$B$S$PE$A:L22UL41UL21$X:L11$S22US41US21$IEEE1$IW$USESV6$~STKCKD$USESV7$~SHL$OSPACE$EBA8$MICROLIB$REQ8$PRES8$EABIv2 0x00000000   Number         0  anon$$obj.o ABSOLUTE
    __ARM_use_no_argv                        0x00000000   Number         0  main.o ABSOLUTE
    __cpp_initialize__aeabi_                  - Undefined Weak Reference
    __cxa_finalize                            - Undefined Weak Reference
    _clock_init                               - Undefined Weak Reference
    _microlib_exit                            - Undefined Weak Reference
    __Vectors_Size                           0x000000ec   Number         0  startup_stm32f10x_md.o ABSOLUTE
    __Vectors                                0x08010000   Data           4  startup_stm32f10x_md.o(RESET)
    __Vectors_End                            0x080100ec   Data           0  startup_stm32f10x_md.o(RESET)
    __main                                   0x080100ed   Thumb Code     0  entry.o(.ARM.Collect$$$$00000000)
    _main_stk                                0x080100ed   Thumb Code     0  entry2.o(.ARM.Collect$$$$00000001)
    _main_scatterload                        0x080100f1   Thumb Code     0  entry5.o(.ARM.Collect$$$$00000004)
    __main_after_scatterload                 0x080100f5   Thumb Code     0  entry5.o(.ARM.Collect$$$$00000004)
    _main_clock                              0x080100f5   Thumb Code     0  entry7b.o(.ARM.Collect$$$$00000008)
    _main_cpp_init                           0x080100f5   Thumb Code     0  entry8b.o(.ARM.Collect$$$$0000000A)
    _main_init                               0x080100f5   Thumb Code     0  entry9a.o(.ARM.Collect$$$$0000000B)
    __rt_final_cpp                           0x080100fd   Thumb Code     0  entry10a.o(.ARM.Collect$$$$0000000D)
    __rt_final_exit                          0x080100fd   Thumb Code     0  entry11a.o(.ARM.Collect$$$$0000000F)
    Reset_Handler                            0x08010101   Thumb Code     8  startup_stm32f10x_md.o(.text)
    ADC1_2_IRQHandler                        0x0801011b   Thumb Code     0  startup_stm32f10x_md.o(.text)
    CAN1_RX1_IRQHandler                      0x0801011b   Thumb Code     0  startup_stm32f10x_md.o(.text)
    CAN1_SCE_IRQHandler                      0x0801011b   Thumb Code     0  startup_stm32f10x_md.o(.text)
    DMA1_Channel1_IRQHandler                 0x0801011b   Thumb Code     0  startup_stm32f10x_md.o(.text)
    DMA1_Channel2_IRQHandler                 0x0801011b   Thumb Code     0  startup_stm32f10x_md.o(.text)
    DMA1_Channel3_IRQHandler                 0x0801011b   Thumb Code     0  startup_stm32f10x_md.o(.text)
    DMA1_Channel4_IRQHandler                 0x0801011b   Thumb Code     0  startup_stm32f10x_md.o(.text)
    DMA1_Channel5_IRQHandler                 0x0801011b   Thumb Code     0  startup_stm32f10x_md.o(.text)
    DMA1_Channel6_IRQHandler                 0x0801011b   Thumb Code     0  startup_stm32f10x_md.o(.text)
    DMA1_Channel7_IRQHandler                 0x0801011b   Thumb Code     0  startup_stm32f10x_md.o(.text)
    EXTI0_IRQHandler                         0x0801011b   Thumb Code     0  startup_stm32f10x_md.o(.text)
    EXTI15_10_IRQHandler                     0x0801011b   Thumb Code     0  startup_stm32f10x_md.o(.text)
    EXTI1_IRQHandler                         0x0801011b   Thumb Code     0  startup_stm32f10x_md.o(.text)
    EXTI2_IRQHandler                         0x0801011b   Thumb Code     0  startup_stm32f10x_md.o(.text)
    EXTI3_IRQHandler                         0x0801011b   Thumb Code     0  startup_stm32f10x_md.o(.text)
    EXTI4_IRQHandler                         0x0801011b   Thumb Code     0  startup_stm32f10x_md.o(.text)
    EXTI9_5_IRQHandler                       0x0801011b   Thumb Code     0  startup_stm32f10x_md.o(.text)
    FLASH_IRQHandler                         0x0801011b   Thumb Code     0  startup_stm32f10x_md.o(.text)
    I2C1_ER_IRQHandler                       0x0801011b   Thumb Code     0  startup_stm32f10x_md.o(.text)
    I2C1_EV_IRQHandler                       0x0801011b   Thumb Code     0  startup_stm32f10x_md.o(.text)
    I2C2_ER_IRQHandler                       0x0801011b   Thumb Code     0  startup_stm32f10x_md.o(.text)
    I2C2_EV_IRQHandler                       0x0801011b   Thumb Code     0  startup_stm32f10x_md.o(.text)
    PVD_IRQHandler                           0x0801011b   Thumb Code     0  startup_stm32f10x_md.o(.text)
    RCC_IRQHandler                           0x0801011b   Thumb Code     0  startup_stm32f10x_md.o(.text)
    RTCAlarm_IRQHandler                      0x0801011b   Thumb Code     0  startup_stm32f10x_md.o(.text)
    RTC_IRQHandler                           0x0801011b   Thumb Code     0  startup_stm32f10x_md.o(.text)
    SPI1_IRQHandler                          0x0801011b   Thumb Code     0  startup_stm32f10x_md.o(.text)
    SPI2_IRQHandler                          0x0801011b   Thumb Code     0  startup_stm32f10x_md.o(.text)
    TAMPER_IRQHandler                        0x0801011b   Thumb Code     0  startup_stm32f10x_md.o(.text)
    TIM1_BRK_IRQHandler                      0x0801011b   Thumb Code     0  startup_stm32f10x_md.o(.text)
    TIM1_CC_IRQHandler                       0x0801011b   Thumb Code     0  startup_stm32f10x_md.o(.text)
    TIM1_TRG_COM_IRQHandler                  0x0801011b   Thumb Code     0  startup_stm32f10x_md.o(.text)
    TIM1_UP_IRQHandler                       0x0801011b   Thumb Code     0  startup_stm32f10x_md.o(.text)
    TIM3_IRQHandler                          0x0801011b   Thumb Code     0  startup_stm32f10x_md.o(.text)
    TIM4_IRQHandler                          0x0801011b   Thumb Code     0  startup_stm32f10x_md.o(.text)
    USBWakeUp_IRQHandler                     0x0801011b   Thumb Code     0  startup_stm32f10x_md.o(.text)
    USB_HP_CAN1_TX_IRQHandler                0x0801011b   Thumb Code     0  startup_stm32f10x_md.o(.text)
    WWDG_IRQHandler                          0x0801011b   Thumb Code     0  startup_stm32f10x_md.o(.text)
    __aeabi_memset                           0x08010125   Thumb Code    14  memseta.o(.text)
    __aeabi_memset4                          0x08010125   Thumb Code     0  memseta.o(.text)
    __aeabi_memset8                          0x08010125   Thumb Code     0  memseta.o(.text)
    __aeabi_memclr                           0x08010133   Thumb Code     4  memseta.o(.text)
    __aeabi_memclr4                          0x08010133   Thumb Code     0  memseta.o(.text)
    __aeabi_memclr8                          0x08010133   Thumb Code     0  memseta.o(.text)
    _memset$wrapper                          0x08010137   Thumb Code    18  memseta.o(.text)
    __scatterload                            0x08010149   Thumb Code    28  init.o(.text)
    __scatterload_rt2                        0x08010149   Thumb Code     0  init.o(.text)
    __decompress                             0x0801016d   Thumb Code     0  __dczerorl2.o(.text)
    __decompress1                            0x0801016d   Thumb Code    86  __dczerorl2.o(.text)
    BusFault_Handler                         0x080101c3   Thumb Code     4  stm32f10x_it.o(i.BusFault_Handler)
    CAN_DeInit                               0x080101c9   Thumb Code    36  stm32f10x_can.o(i.CAN_DeInit)
    CAN_FIFORelease                          0x080101f1   Thumb Code    14  stm32f10x_can.o(i.CAN_FIFORelease)
    CAN_FilterInit                           0x08010201   Thumb Code   258  stm32f10x_can.o(i.CAN_FilterInit)
    CAN_ITConfig                             0x08010365   Thumb Code    18  stm32f10x_can.o(i.CAN_ITConfig)
    CAN_Init                                 0x08010377   Thumb Code   280  stm32f10x_can.o(i.CAN_Init)
    CAN_Interrupt                            0x08010491   Thumb Code   214  can_1.o(i.CAN_Interrupt)
    CAN_Receive                              0x0801058f   Thumb Code   234  stm32f10x_can.o(i.CAN_Receive)
    CAN_StructInit                           0x08010679   Thumb Code    32  stm32f10x_can.o(i.CAN_StructInit)
    CAN_Transmit                             0x08010699   Thumb Code   294  stm32f10x_can.o(i.CAN_Transmit)
    CRC1                                     0x080107bf   Thumb Code   110  stm32f10x_it.o(i.CRC1)
    DebugMon_Handler                         0x0801082d   Thumb Code     2  stm32f10x_it.o(i.DebugMon_Handler)
    Delay                                    0x0801082f   Thumb Code    18  bsp_spi_nrf.o(i.Delay)
    FLASH_ErasePage                          0x08010841   Thumb Code    76  stm32f10x_flash.o(i.FLASH_ErasePage)
    FLASH_GetStatus                          0x08010891   Thumb Code    48  stm32f10x_flash.o(i.FLASH_GetStatus)
    FLASH_Lock                               0x080108c5   Thumb Code    14  stm32f10x_flash.o(i.FLASH_Lock)
    FLASH_ProgramHalfWord                    0x080108d9   Thumb Code    64  stm32f10x_flash.o(i.FLASH_ProgramHalfWord)
    FLASH_Unlock                             0x0801091d   Thumb Code    12  stm32f10x_flash.o(i.FLASH_Unlock)
    FLASH_WaitForLastOperation               0x08010935   Thumb Code    42  stm32f10x_flash.o(i.FLASH_WaitForLastOperation)
    GPIO_Init                                0x0801095f   Thumb Code   278  stm32f10x_gpio.o(i.GPIO_Init)
    GPIO_PinRemapConfig                      0x08010a75   Thumb Code   106  stm32f10x_gpio.o(i.GPIO_PinRemapConfig)
    GPIO_ReadInputDataBit                    0x08010ae5   Thumb Code    18  stm32f10x_gpio.o(i.GPIO_ReadInputDataBit)
    GPIO_ResetBits                           0x08010af7   Thumb Code     4  stm32f10x_gpio.o(i.GPIO_ResetBits)
    GPIO_SetBits                             0x08010afb   Thumb Code     4  stm32f10x_gpio.o(i.GPIO_SetBits)
    Get_ChipID                               0x08010b01   Thumb Code    78  main.o(i.Get_ChipID)
    HardFault_Handler                        0x08010b59   Thumb Code     4  stm32f10x_it.o(i.HardFault_Handler)
    IAP_Write_App_Bin                        0x08010b5d   Thumb Code    90  main.o(i.IAP_Write_App_Bin)
    Judge                                    0x08010bbd   Thumb Code   126  judge.o(i.Judge)
    LED_GPIO_Config                          0x08010c51   Thumb Code   108  led.o(i.LED_GPIO_Config)
    MemManage_Handler                        0x08010cc9   Thumb Code     4  stm32f10x_it.o(i.MemManage_Handler)
    NMI_Handler                              0x08010ccd   Thumb Code     2  stm32f10x_it.o(i.NMI_Handler)
    NRF_Check                                0x08010cd1   Thumb Code    68  bsp_spi_nrf.o(i.NRF_Check)
    NRF_TX_Mode                              0x08010d1d   Thumb Code   112  bsp_spi_nrf.o(i.NRF_TX_Mode)
    NRF_Tx_Dat                               0x08010d99   Thumb Code    92  bsp_spi_nrf.o(i.NRF_Tx_Dat)
    NVIC_Init                                0x08010e71   Thumb Code   100  misc.o(i.NVIC_Init)
    NVIC_PriorityGroupConfig                 0x08010ee1   Thumb Code    10  misc.o(i.NVIC_PriorityGroupConfig)
    PendSV_Handler                           0x08010ef5   Thumb Code     2  stm32f10x_it.o(i.PendSV_Handler)
    Quest_len_int                            0x08010ef7   Thumb Code    30  judge.o(i.Quest_len_int)
    RCC_APB1PeriphClockCmd                   0x08010f15   Thumb Code    26  stm32f10x_rcc.o(i.RCC_APB1PeriphClockCmd)
    RCC_APB1PeriphResetCmd                   0x08010f35   Thumb Code    26  stm32f10x_rcc.o(i.RCC_APB1PeriphResetCmd)
    RCC_APB2PeriphClockCmd                   0x08010f55   Thumb Code    26  stm32f10x_rcc.o(i.RCC_APB2PeriphClockCmd)
    RCC_GetClocksFreq                        0x08010f75   Thumb Code   192  stm32f10x_rcc.o(i.RCC_GetClocksFreq)
    SPI_NRF_Init1                            0x08011049   Thumb Code   124  bsp_spi_nrf.o(i.SPI_NRF_Init1)
    SPI_NRF_RW                               0x080110cd   Thumb Code    12  bsp_spi_nrf.o(i.SPI_NRF_RW)
    SPI_NRF_ReadBuf                          0x080110d9   Thumb Code    68  bsp_spi_nrf.o(i.SPI_NRF_ReadBuf)
    SPI_NRF_ReadReg                          0x08011121   Thumb Code    46  bsp_spi_nrf.o(i.SPI_NRF_ReadReg)
    SPI_NRF_WriteBuf                         0x08011155   Thumb Code    68  bsp_spi_nrf.o(i.SPI_NRF_WriteBuf)
    SPI_NRF_WriteReg                         0x0801119d   Thumb Code    48  bsp_spi_nrf.o(i.SPI_NRF_WriteReg)
    SPI_SendByte                             0x080111d1   Thumb Code    96  bsp_spi_nrf.o(i.SPI_SendByte)
    STMFLASH_Read                            0x08011235   Thumb Code    34  stm_flash.o(i.STMFLASH_Read)
    STMFLASH_ReadHalfWord                    0x08011257   Thumb Code     6  stm_flash.o(i.STMFLASH_ReadHalfWord)
    STMFLASH_Write                           0x0801125d   Thumb Code   222  stm_flash.o(i.STMFLASH_Write)
    STMFLASH_Write_NoCheck                   0x08011345   Thumb Code    38  stm_flash.o(i.STMFLASH_Write_NoCheck)
    SVC_Handler                              0x0801136b   Thumb Code     2  stm32f10x_it.o(i.SVC_Handler)
    SysTick_Handler                          0x08011455   Thumb Code     2  stm32f10x_it.o(i.SysTick_Handler)
    SystemInit                               0x08011459   Thumb Code    82  system_stm32f10x.o(i.SystemInit)
    TIM2_IRQHandler                          0x080114c1   Thumb Code   346  main.o(i.TIM2_IRQHandler)
    TIM_ClearFlag                            0x08011649   Thumb Code     6  stm32f10x_tim.o(i.TIM_ClearFlag)
    TIM_ClearITPendingBit                    0x0801164f   Thumb Code     6  stm32f10x_tim.o(i.TIM_ClearITPendingBit)
    TIM_Cmd                                  0x08011655   Thumb Code    24  stm32f10x_tim.o(i.TIM_Cmd)
    TIM_GetITStatus                          0x0801166d   Thumb Code    34  stm32f10x_tim.o(i.TIM_GetITStatus)
    TIM_ITConfig                             0x0801168f   Thumb Code    18  stm32f10x_tim.o(i.TIM_ITConfig)
    TIM_TimeBaseInit                         0x080116a1   Thumb Code   122  stm32f10x_tim.o(i.TIM_TimeBaseInit)
    TIMx_Configuration                       0x08011745   Thumb Code    76  bsp_timbase.o(i.TIMx_Configuration)
    TIMx_NVIC_Configuration                  0x08011791   Thumb Code    42  bsp_timbase.o(i.TIMx_NVIC_Configuration)
    USART1_IRQHandler                        0x080117bd   Thumb Code    32  stm32f10x_it.o(i.USART1_IRQHandler)
    USART1x_Config                           0x080117e1   Thumb Code   132  bsp_usart1.o(i.USART1x_Config)
    USART2_IRQHandler                        0x0801186d   Thumb Code   716  main.o(i.USART2_IRQHandler)
    USART3_IRQHandler                        0x08011b75   Thumb Code    32  stm32f10x_it.o(i.USART3_IRQHandler)
    USART_ClearFlag                          0x08011b99   Thumb Code     6  stm32f10x_usart.o(i.USART_ClearFlag)
    USART_Cmd                                0x08011b9f   Thumb Code    24  stm32f10x_usart.o(i.USART_Cmd)
    USART_GetFlagStatus                      0x08011bb7   Thumb Code    18  stm32f10x_usart.o(i.USART_GetFlagStatus)
    USART_GetITStatus                        0x08011bc9   Thumb Code    76  stm32f10x_usart.o(i.USART_GetITStatus)
    USART_ITConfig                           0x08011c15   Thumb Code    64  stm32f10x_usart.o(i.USART_ITConfig)
    USART_Init                               0x08011c55   Thumb Code   150  stm32f10x_usart.o(i.USART_Init)
    USART_ReceiveData                        0x08011cf1   Thumb Code    10  stm32f10x_usart.o(i.USART_ReceiveData)
    USART_SendData                           0x08011cfb   Thumb Code     8  stm32f10x_usart.o(i.USART_SendData)
    USARTx_Config                            0x08011d05   Thumb Code   136  bsp_usart1.o(i.USARTx_Config)
    USARTx_Config3                           0x08011d95   Thumb Code   144  bsp_usart3.o(i.USARTx_Config3)
    USB_LP_CAN1_RX0_IRQHandler               0x08011e2d   Thumb Code   232  stm32f10x_it.o(i.USB_LP_CAN1_RX0_IRQHandler)
    USER_CAN_Init                            0x08011f25   Thumb Code    12  can_1.o(i.USER_CAN_Init)
    USER_CAN_Test                            0x08011f31   Thumb Code    68  can_1.o(i.USER_CAN_Test)
    UsageFault_Handler                       0x08011f7d   Thumb Code     4  stm32f10x_it.o(i.UsageFault_Handler)
    Usart_SendByte                           0x08011f81   Thumb Code    30  bsp_usart1.o(i.Usart_SendByte)
    __scatterload_copy                       0x08011f9f   Thumb Code    14  handlers.o(i.__scatterload_copy)
    __scatterload_null                       0x08011fad   Thumb Code     2  handlers.o(i.__scatterload_null)
    __scatterload_zeroinit                   0x08011faf   Thumb Code    14  handlers.o(i.__scatterload_zeroinit)
    _delay_ms                                0x08011fbd   Thumb Code    18  search.o(i._delay_ms)
    add                                      0x08011fd1   Thumb Code   706  judge.o(i.add)
    blink                                    0x080122a1   Thumb Code    50  main.o(i.blink)
    board_num                                0x080122dd   Thumb Code     2  search.o(i.board_num)
    cache_clear                              0x080122e1   Thumb Code    90  search.o(i.cache_clear)
    cache_plus                               0x08012341   Thumb Code    74  search.o(i.cache_plus)
    fac_to_server                            0x080123b1   Thumb Code    12  search.o(i.fac_to_server)
    find                                     0x080123c1   Thumb Code    44  judge.o(i.find)
    get_len_can                              0x080123ed   Thumb Code     6  search.o(i.get_len_can)
    get_len_dat3                             0x080123f5   Thumb Code    36  search.o(i.get_len_dat3)
    handle_can                               0x0801241d   Thumb Code   112  main.o(i.handle_can)
    handle_data                              0x08012495   Thumb Code   620  stm32f10x_it.o(i.handle_data)
    init_2                                   0x08012729   Thumb Code    92  search.o(i.init_2)
    init_3                                   0x08012789   Thumb Code    88  search.o(i.init_3)
    init_4                                   0x080127e5   Thumb Code    68  search.o(i.init_4)
    init_5                                   0x0801282d   Thumb Code   102  search.o(i.init_5)
    init_6                                   0x08012899   Thumb Code    94  search.o(i.init_6)
    init_7                                   0x080128fd   Thumb Code   102  search.o(i.init_7)
    init_8                                   0x08012969   Thumb Code   102  search.o(i.init_8)
    init_jlb                                 0x080129d5   Thumb Code    32  main.o(i.init_jlb)
    main                                     0x080129f5   Thumb Code   192  main.o(i.main)
    read_dat0                                0x08012ad5   Thumb Code    40  search.o(i.read_dat0)
    read_dat2                                0x08012afd   Thumb Code    40  search.o(i.read_dat2)
    read_flash                               0x08012b25   Thumb Code   212  search.o(i.read_flash)
    read_prog                                0x08012c01   Thumb Code    78  search.o(i.read_prog)
    search                                   0x08012c55   Thumb Code   138  search.o(i.search)
    searchL                                  0x08012ce5   Thumb Code   634  search.o(i.searchL)
    search_can                               0x08012f6d   Thumb Code   176  search.o(i.search_can)
    search_single                            0x08013021   Thumb Code   626  search.o(i.search_single)
    search_single_can                        0x080132b9   Thumb Code   108  search.o(i.search_single_can)
    send_m_xinhao                            0x08013329   Thumb Code   296  search.o(i.send_m_xinhao)
    send_moni                                0x08013461   Thumb Code   346  search.o(i.send_moni)
    send_to_server                           0x080135d5   Thumb Code    44  search.o(i.send_to_server)
    set_num                                  0x08013601   Thumb Code    78  search.o(i.set_num)
    set_num_pt                               0x08013655   Thumb Code    36  search.o(i.set_num_pt)
    softinit                                 0x08013679   Thumb Code   108  main.o(i.softinit)
    test                                     0x080136f1   Thumb Code    56  main.o(i.test)
    uart_sendB1                              0x0801372d   Thumb Code    14  main.o(i.uart_sendB1)
    start1                                   0x08013740   Data           2  judge.o(.constdata)
    last1                                    0x08013742   Data           2  judge.o(.constdata)
    start12                                  0x08013744   Data           2  judge.o(.constdata)
    last12                                   0x08013746   Data           2  judge.o(.constdata)
    Region$$Table$$Base                      0x08013748   Number         0  anon$$obj.o(Region$$Table)
    Region$$Table$$Limit                     0x08013768   Number         0  anon$$obj.o(Region$$Table)
    status                                   0x20000000   Data           1  main.o(.data)
    i                                        0x20000001   Data           1  main.o(.data)
    j                                        0x20000002   Data           1  main.o(.data)
    txbuf                                    0x20000003   Data          32  main.o(.data)
    timeflag                                 0x20000024   Data           2  main.o(.data)
    init                                     0x20000026   Data        1216  main.o(.data)
    signalflag                               0x200004e6   Data           2  main.o(.data)
    remote_sendflag2                         0x200004e8   Data           1  main.o(.data)
    remote_sendflag1                         0x200004e9   Data           1  main.o(.data)
    m_freedelay                              0x200004ea   Data           2  main.o(.data)
    can_flag                                 0x200004ec   Data           2  main.o(.data)
    mainflag                                 0x200004ee   Data           2  main.o(.data)
    ledcount                                 0x200004f0   Data           2  main.o(.data)
    mainchar                                 0x200004f2   Data          30  main.o(.data)
    head_count                               0x20000510   Data           1  main.o(.data)
    temp_receflag                            0x20000511   Data           1  main.o(.data)
    time4                                    0x20000512   Data           2  main.o(.data)
    time2                                    0x20000514   Data           2  main.o(.data)
    reflag                                   0x20000516   Data           2  main.o(.data)
    temp_no                                  0x20000518   Data           2  main.o(.data)
    temp_num                                 0x2000051a   Data           2  main.o(.data)
    endflag                                  0x2000051c   Data           1  main.o(.data)
    ret                                      0x20000520   Data           4  can_1.o(.data)
    TestRx                                   0x20000524   Data           1  can_1.o(.data)
    count1                                   0x20000528   Data           2  stm32f10x_it.o(.data)
    m_save                                   0x2000052c   Data           4  stm32f10x_it.o(.data)
    m_crc                                    0x20000530   Data           4  stm32f10x_it.o(.data)
    send_len                                 0x20000534   Data           4  stm32f10x_it.o(.data)
    count_oyx                                0x20000538   Data           2  stm32f10x_it.o(.data)
    rxflag                                   0x2000053a   Data           2  stm32f10x_it.o(.data)
    succflag                                 0x2000053c   Data           2  stm32f10x_it.o(.data)
    count                                    0x2000053e   Data           2  stm32f10x_it.o(.data)
    resetflag                                0x20000540   Data           2  stm32f10x_it.o(.data)
    flag_oyx                                 0x20000542   Data           2  stm32f10x_it.o(.data)
    TX_ADDRESS                               0x20000544   Data           5  bsp_spi_nrf.o(.data)
    RX_ADDRESS                               0x20000549   Data           5  bsp_spi_nrf.o(.data)
    Cdata1                                   0x20000550   Data           4  judge.o(.data)
    Cdata2                                   0x20000554   Data           4  judge.o(.data)
    flag_12                                  0x20000558   Data           1  judge.o(.data)
    flag_8                                   0x2000055a   Data           1  search.o(.data)
    flag_9                                   0x2000055b   Data           1  search.o(.data)
    flag1                                    0x2000055c   Data           2  search.o(.data)
    test_count                               0x2000055e   Data           1  search.o(.data)
    testnum                                  0x20000560   Data           2  search.o(.data)
    result                                   0x20000562   Data           1  search.o(.data)
    result1                                  0x20000563   Data           1  search.o(.data)
    result2                                  0x20000564   Data           1  search.o(.data)
    bonum                                    0x20000565   Data           1  search.o(.data)
    point                                    0x20000566   Data           2  search.o(.data)
    uart_count                               0x20000568   Data           1  search.o(.data)
    uart_can                                 0x20000569   Data           1  search.o(.data)
    rxbuf                                    0x20000580   Data          32  main.o(.bss)
    cache                                    0x200005a0   Data         330  main.o(.bss)
    cache1                                   0x200006ea   Data         330  main.o(.bss)
    rdatacache                               0x20000834   Data          21  main.o(.bss)
    rdata                                    0x20000849   Data         370  main.o(.bss)
    rdata3                                   0x200009bc   Data         600  main.o(.bss)
    rxbuffer                                 0x20000c14   Data          32  main.o(.bss)
    temp                                     0x20000c34   Data          24  main.o(.bss)
    head                                     0x20000c4c   Data          20  main.o(.bss)
    rdatatemp                                0x20001460   Data         370  stm32f10x_it.o(.bss)
    rdata1                                   0x200015d2   Data         370  judge.o(.bss)
    dat5                                     0x20001744   Data        2400  search.o(.bss)
    dat4                                     0x200020a4   Data         800  search.o(.bss)
    dat3                                     0x200023c4   Data         400  search.o(.bss)
    conditon                                 0x20002554   Data         400  search.o(.bss)
    factor                                   0x200026e4   Data          72  search.o(.bss)
    s                                        0x2000272c   Data         120  search.o(.bss)
    conditon_can                             0x200027a4   Data         480  search.o(.bss)
    err                                      0x20002984   Data         200  search.o(.bss)
    __initial_sp                             0x20003e50   Data           0  startup_stm32f10x_md.o(STACK)



==============================================================================

Memory Map of the image

  Image Entry point : 0x080100ed

  Load Region LR_IROM1 (Base: 0x08010000, Size: 0x00003ce8, Max: 0x00010000, ABSOLUTE, COMPRESSED[0x000037b8])

    Execution Region ER_IROM1 (Base: 0x08010000, Size: 0x00003768, Max: 0x00010000, ABSOLUTE)

    Base Addr    Size         Type   Attr      Idx    E Section Name        Object

    0x08010000   0x000000ec   Data   RO         2667    RESET               startup_stm32f10x_md.o
    0x080100ec   0x00000000   Code   RO         2718  * .ARM.Collect$$$$00000000  mc_w.l(entry.o)
    0x080100ec   0x00000004   Code   RO         2723    .ARM.Collect$$$$00000001  mc_w.l(entry2.o)
    0x080100f0   0x00000004   Code   RO         2726    .ARM.Collect$$$$00000004  mc_w.l(entry5.o)
    0x080100f4   0x00000000   Code   RO         2728    .ARM.Collect$$$$00000008  mc_w.l(entry7b.o)
    0x080100f4   0x00000000   Code   RO         2730    .ARM.Collect$$$$0000000A  mc_w.l(entry8b.o)
    0x080100f4   0x00000008   Code   RO         2731    .ARM.Collect$$$$0000000B  mc_w.l(entry9a.o)
    0x080100fc   0x00000000   Code   RO         2733    .ARM.Collect$$$$0000000D  mc_w.l(entry10a.o)
    0x080100fc   0x00000000   Code   RO         2735    .ARM.Collect$$$$0000000F  mc_w.l(entry11a.o)
    0x080100fc   0x00000004   Code   RO         2724    .ARM.Collect$$$$00002712  mc_w.l(entry2.o)
    0x08010100   0x00000024   Code   RO         2668    .text               startup_stm32f10x_md.o
    0x08010124   0x00000024   Code   RO         2721    .text               mc_w.l(memseta.o)
    0x08010148   0x00000024   Code   RO         2737    .text               mc_w.l(init.o)
    0x0801016c   0x00000056   Code   RO         2747    .text               mc_w.l(__dczerorl2.o)
    0x080101c2   0x00000004   Code   RO          272    i.BusFault_Handler  stm32f10x_it.o
    0x080101c6   0x00000002   PAD
    0x080101c8   0x00000028   Code   RO         1553    i.CAN_DeInit        stm32f10x_can.o
    0x080101f0   0x0000000e   Code   RO         1554    i.CAN_FIFORelease   stm32f10x_can.o
    0x080101fe   0x00000002   PAD
    0x08010200   0x00000108   Code   RO         1555    i.CAN_FilterInit    stm32f10x_can.o
    0x08010308   0x0000005c   Code   RO          183    i.CAN_GPIO_Config   can_1.o
    0x08010364   0x00000012   Code   RO         1558    i.CAN_ITConfig      stm32f10x_can.o
    0x08010376   0x00000118   Code   RO         1559    i.CAN_Init          stm32f10x_can.o
    0x0801048e   0x00000002   PAD
    0x08010490   0x000000e0   Code   RO          184    i.CAN_Interrupt     can_1.o
    0x08010570   0x0000001e   Code   RO          185    i.CAN_NVIC_Configuration  can_1.o
    0x0801058e   0x000000ea   Code   RO         1561    i.CAN_Receive       stm32f10x_can.o
    0x08010678   0x00000020   Code   RO         1563    i.CAN_StructInit    stm32f10x_can.o
    0x08010698   0x00000126   Code   RO         1564    i.CAN_Transmit      stm32f10x_can.o
    0x080107be   0x0000006e   Code   RO          273    i.CRC1              stm32f10x_it.o
    0x0801082c   0x00000002   Code   RO          274    i.DebugMon_Handler  stm32f10x_it.o
    0x0801082e   0x00000012   Code   RO          388    i.Delay             bsp_spi_nrf.o
    0x08010840   0x00000050   Code   RO         2511    i.FLASH_ErasePage   stm32f10x_flash.o
    0x08010890   0x00000034   Code   RO         2515    i.FLASH_GetStatus   stm32f10x_flash.o
    0x080108c4   0x00000014   Code   RO         2520    i.FLASH_Lock        stm32f10x_flash.o
    0x080108d8   0x00000044   Code   RO         2522    i.FLASH_ProgramHalfWord  stm32f10x_flash.o
    0x0801091c   0x00000018   Code   RO         2527    i.FLASH_Unlock      stm32f10x_flash.o
    0x08010934   0x0000002a   Code   RO         2529    i.FLASH_WaitForLastOperation  stm32f10x_flash.o
    0x0801095e   0x00000116   Code   RO         1897    i.GPIO_Init         stm32f10x_gpio.o
    0x08010a74   0x00000070   Code   RO         1899    i.GPIO_PinRemapConfig  stm32f10x_gpio.o
    0x08010ae4   0x00000012   Code   RO         1901    i.GPIO_ReadInputDataBit  stm32f10x_gpio.o
    0x08010af6   0x00000004   Code   RO         1904    i.GPIO_ResetBits    stm32f10x_gpio.o
    0x08010afa   0x00000004   Code   RO         1905    i.GPIO_SetBits      stm32f10x_gpio.o
    0x08010afe   0x00000002   PAD
    0x08010b00   0x00000058   Code   RO            5    i.Get_ChipID        main.o
    0x08010b58   0x00000004   Code   RO          275    i.HardFault_Handler  stm32f10x_it.o
    0x08010b5c   0x00000060   Code   RO            6    i.IAP_Write_App_Bin  main.o
    0x08010bbc   0x00000094   Code   RO          597    i.Judge             judge.o
    0x08010c50   0x00000078   Code   RO          248    i.LED_GPIO_Config   led.o
    0x08010cc8   0x00000004   Code   RO          276    i.MemManage_Handler  stm32f10x_it.o
    0x08010ccc   0x00000002   Code   RO          277    i.NMI_Handler       stm32f10x_it.o
    0x08010cce   0x00000002   PAD
    0x08010cd0   0x0000004c   Code   RO          389    i.NRF_Check         bsp_spi_nrf.o
    0x08010d1c   0x0000007c   Code   RO          392    i.NRF_TX_Mode       bsp_spi_nrf.o
    0x08010d98   0x00000064   Code   RO          393    i.NRF_Tx_Dat        bsp_spi_nrf.o
    0x08010dfc   0x00000026   Code   RO          503    i.NVIC1_Configuration  bsp_usart1.o
    0x08010e22   0x00000028   Code   RO          504    i.NVIC_Configuration  bsp_usart1.o
    0x08010e4a   0x00000026   Code   RO          849    i.NVIC_Configuration  bsp_usart3.o
    0x08010e70   0x00000070   Code   RO          941    i.NVIC_Init         misc.o
    0x08010ee0   0x00000014   Code   RO          942    i.NVIC_PriorityGroupConfig  misc.o
    0x08010ef4   0x00000002   Code   RO          278    i.PendSV_Handler    stm32f10x_it.o
    0x08010ef6   0x0000001e   Code   RO          598    i.Quest_len_int     judge.o
    0x08010f14   0x00000020   Code   RO         1682    i.RCC_APB1PeriphClockCmd  stm32f10x_rcc.o
    0x08010f34   0x00000020   Code   RO         1683    i.RCC_APB1PeriphResetCmd  stm32f10x_rcc.o
    0x08010f54   0x00000020   Code   RO         1684    i.RCC_APB2PeriphClockCmd  stm32f10x_rcc.o
    0x08010f74   0x000000d4   Code   RO         1692    i.RCC_GetClocksFreq  stm32f10x_rcc.o
    0x08011048   0x00000084   Code   RO          395    i.SPI_NRF_Init1     bsp_spi_nrf.o
    0x080110cc   0x0000000c   Code   RO          396    i.SPI_NRF_RW        bsp_spi_nrf.o
    0x080110d8   0x00000048   Code   RO          397    i.SPI_NRF_ReadBuf   bsp_spi_nrf.o
    0x08011120   0x00000034   Code   RO          398    i.SPI_NRF_ReadReg   bsp_spi_nrf.o
    0x08011154   0x00000048   Code   RO          399    i.SPI_NRF_WriteBuf  bsp_spi_nrf.o
    0x0801119c   0x00000034   Code   RO          400    i.SPI_NRF_WriteReg  bsp_spi_nrf.o
    0x080111d0   0x00000064   Code   RO          401    i.SPI_SendByte      bsp_spi_nrf.o
    0x08011234   0x00000022   Code   RO          888    i.STMFLASH_Read     stm_flash.o
    0x08011256   0x00000006   Code   RO          889    i.STMFLASH_ReadHalfWord  stm_flash.o
    0x0801125c   0x000000e8   Code   RO          890    i.STMFLASH_Write    stm_flash.o
    0x08011344   0x00000026   Code   RO          891    i.STMFLASH_Write_NoCheck  stm_flash.o
    0x0801136a   0x00000002   Code   RO          279    i.SVC_Handler       stm32f10x_it.o
    0x0801136c   0x00000008   Code   RO         2675    i.SetSysClock       system_stm32f10x.o
    0x08011374   0x000000e0   Code   RO         2676    i.SetSysClockTo72   system_stm32f10x.o
    0x08011454   0x00000002   Code   RO          280    i.SysTick_Handler   stm32f10x_it.o
    0x08011456   0x00000002   PAD
    0x08011458   0x00000068   Code   RO         2678    i.SystemInit        system_stm32f10x.o
    0x080114c0   0x00000188   Code   RO            7    i.TIM2_IRQHandler   main.o
    0x08011648   0x00000006   Code   RO          999    i.TIM_ClearFlag     stm32f10x_tim.o
    0x0801164e   0x00000006   Code   RO         1000    i.TIM_ClearITPendingBit  stm32f10x_tim.o
    0x08011654   0x00000018   Code   RO         1005    i.TIM_Cmd           stm32f10x_tim.o
    0x0801166c   0x00000022   Code   RO         1026    i.TIM_GetITStatus   stm32f10x_tim.o
    0x0801168e   0x00000012   Code   RO         1030    i.TIM_ITConfig      stm32f10x_tim.o
    0x080116a0   0x000000a4   Code   RO         1076    i.TIM_TimeBaseInit  stm32f10x_tim.o
    0x08011744   0x0000004c   Code   RO          567    i.TIMx_Configuration  bsp_timbase.o
    0x08011790   0x0000002a   Code   RO          568    i.TIMx_NVIC_Configuration  bsp_timbase.o
    0x080117ba   0x00000002   PAD
    0x080117bc   0x00000024   Code   RO          281    i.USART1_IRQHandler  stm32f10x_it.o
    0x080117e0   0x0000008c   Code   RO          505    i.USART1x_Config    bsp_usart1.o
    0x0801186c   0x00000308   Code   RO            8    i.USART2_IRQHandler  main.o
    0x08011b74   0x00000024   Code   RO          282    i.USART3_IRQHandler  stm32f10x_it.o
    0x08011b98   0x00000006   Code   RO         2012    i.USART_ClearFlag   stm32f10x_usart.o
    0x08011b9e   0x00000018   Code   RO         2016    i.USART_Cmd         stm32f10x_usart.o
    0x08011bb6   0x00000012   Code   RO         2019    i.USART_GetFlagStatus  stm32f10x_usart.o
    0x08011bc8   0x0000004c   Code   RO         2020    i.USART_GetITStatus  stm32f10x_usart.o
    0x08011c14   0x00000040   Code   RO         2022    i.USART_ITConfig    stm32f10x_usart.o
    0x08011c54   0x0000009c   Code   RO         2023    i.USART_Init        stm32f10x_usart.o
    0x08011cf0   0x0000000a   Code   RO         2028    i.USART_ReceiveData  stm32f10x_usart.o
    0x08011cfa   0x00000008   Code   RO         2031    i.USART_SendData    stm32f10x_usart.o
    0x08011d02   0x00000002   PAD
    0x08011d04   0x00000090   Code   RO          506    i.USARTx_Config     bsp_usart1.o
    0x08011d94   0x00000098   Code   RO          850    i.USARTx_Config3    bsp_usart3.o
    0x08011e2c   0x000000f8   Code   RO          283    i.USB_LP_CAN1_RX0_IRQHandler  stm32f10x_it.o
    0x08011f24   0x0000000c   Code   RO          187    i.USER_CAN_Init     can_1.o
    0x08011f30   0x0000004c   Code   RO          188    i.USER_CAN_Test     can_1.o
    0x08011f7c   0x00000004   Code   RO          284    i.UsageFault_Handler  stm32f10x_it.o
    0x08011f80   0x0000001e   Code   RO          507    i.Usart_SendByte    bsp_usart1.o
    0x08011f9e   0x0000000e   Code   RO         2741    i.__scatterload_copy  mc_w.l(handlers.o)
    0x08011fac   0x00000002   Code   RO         2742    i.__scatterload_null  mc_w.l(handlers.o)
    0x08011fae   0x0000000e   Code   RO         2743    i.__scatterload_zeroinit  mc_w.l(handlers.o)
    0x08011fbc   0x00000012   Code   RO          648    i._delay_ms         search.o
    0x08011fce   0x00000002   PAD
    0x08011fd0   0x000002d0   Code   RO          599    i.add               judge.o
    0x080122a0   0x0000003c   Code   RO            9    i.blink             main.o
    0x080122dc   0x00000002   Code   RO          649    i.board_num         search.o
    0x080122de   0x00000002   PAD
    0x080122e0   0x00000060   Code   RO          650    i.cache_clear       search.o
    0x08012340   0x00000054   Code   RO          651    i.cache_plus        search.o
    0x08012394   0x0000001a   Code   RO         2530    i.delay             stm32f10x_flash.o
    0x080123ae   0x00000002   PAD
    0x080123b0   0x00000010   Code   RO          652    i.fac_to_server     search.o
    0x080123c0   0x0000002c   Code   RO          601    i.find              judge.o
    0x080123ec   0x00000006   Code   RO          653    i.get_len_can       search.o
    0x080123f2   0x00000002   PAD
    0x080123f4   0x00000028   Code   RO          654    i.get_len_dat3      search.o
    0x0801241c   0x00000078   Code   RO           10    i.handle_can        main.o
    0x08012494   0x00000294   Code   RO          285    i.handle_data       stm32f10x_it.o
    0x08012728   0x00000060   Code   RO          655    i.init_2            search.o
    0x08012788   0x0000005c   Code   RO          656    i.init_3            search.o
    0x080127e4   0x00000048   Code   RO          657    i.init_4            search.o
    0x0801282c   0x0000006c   Code   RO          658    i.init_5            search.o
    0x08012898   0x00000064   Code   RO          659    i.init_6            search.o
    0x080128fc   0x0000006c   Code   RO          660    i.init_7            search.o
    0x08012968   0x0000006c   Code   RO          661    i.init_8            search.o
    0x080129d4   0x00000020   Code   RO           11    i.init_jlb          main.o
    0x080129f4   0x000000e0   Code   RO           12    i.main              main.o
    0x08012ad4   0x00000028   Code   RO          662    i.read_dat0         search.o
    0x08012afc   0x00000028   Code   RO          663    i.read_dat2         search.o
    0x08012b24   0x000000dc   Code   RO          664    i.read_flash        search.o
    0x08012c00   0x00000054   Code   RO          665    i.read_prog         search.o
    0x08012c54   0x00000090   Code   RO          666    i.search            search.o
    0x08012ce4   0x00000288   Code   RO          667    i.searchL           search.o
    0x08012f6c   0x000000b4   Code   RO          668    i.search_can        search.o
    0x08013020   0x00000298   Code   RO          669    i.search_single     search.o
    0x080132b8   0x00000070   Code   RO          670    i.search_single_can  search.o
    0x08013328   0x00000138   Code   RO          671    i.send_m_xinhao     search.o
    0x08013460   0x00000174   Code   RO          672    i.send_moni         search.o
    0x080135d4   0x0000002c   Code   RO          673    i.send_to_server    search.o
    0x08013600   0x00000054   Code   RO          674    i.set_num           search.o
    0x08013654   0x00000024   Code   RO          675    i.set_num_pt        search.o
    0x08013678   0x00000078   Code   RO           13    i.softinit          main.o
    0x080136f0   0x0000003c   Code   RO           14    i.test              main.o
    0x0801372c   0x00000014   Code   RO           15    i.uart_sendB1       main.o
    0x08013740   0x00000008   Data   RO          604    .constdata          judge.o
    0x08013748   0x00000020   Data   RO         2739    Region$$Table       anon$$obj.o


    Execution Region RW_IRAM1 (Base: 0x20000000, Size: 0x00003e50, Max: 0x00005000, ABSOLUTE, COMPRESSED[0x00000050])

    Base Addr    Size         Type   Attr      Idx    E Section Name        Object

    0x20000000   0x0000051d   Data   RW           17    .data               main.o
    0x2000051d   0x00000003   PAD
    0x20000520   0x00000005   Data   RW          189    .data               can_1.o
    0x20000525   0x00000003   PAD
    0x20000528   0x0000001c   Data   RW          287    .data               stm32f10x_it.o
    0x20000544   0x0000000a   Data   RW          404    .data               bsp_spi_nrf.o
    0x2000054e   0x00000002   PAD
    0x20000550   0x00000009   Data   RW          605    .data               judge.o
    0x20000559   0x00000001   PAD
    0x2000055a   0x00000010   Data   RW          679    .data               search.o
    0x2000056a   0x00000014   Data   RW         1712    .data               stm32f10x_rcc.o
    0x2000057e   0x00000002   PAD
    0x20000580   0x00000ee0   Zero   RW           16    .bss                main.o
    0x20001460   0x00000172   Zero   RW          286    .bss                stm32f10x_it.o
    0x200015d2   0x00000172   Zero   RW          603    .bss                judge.o
    0x20001744   0x00001308   Zero   RW          677    .bss                search.o
    0x20002a4c   0x00000400   Zero   RW          893    .bss                stm_flash.o
    0x20002e4c   0x00000004   PAD
    0x20002e50   0x00001000   Zero   RW         2665    STACK               startup_stm32f10x_md.o


==============================================================================

Image component sizes


      Code (inc. data)   RO Data    RW Data    ZI Data      Debug   Object Name

       810         58          0         10          0       6799   bsp_spi_nrf.o
       118          0          0          0          0        987   bsp_timbase.o
       392         16          0          0          0       2822   bsp_usart1.o
       190          8          0          0          0       1029   bsp_usart3.o
       434         24          0          5          0       2989   can_1.o
       942         36          8          9        370       4165   judge.o
       120         12          0          0          0        502   led.o
      1988        194          0       1309       3808     302400   main.o
       132         22          0          0          0       1379   misc.o
      3926        188          0         16       4872      19226   search.o
        36          8        236          0       4096        804   startup_stm32f10x_md.o
      1176         10          0          0          0       6300   stm32f10x_can.o
       312         30          0          0          0       4781   stm32f10x_flash.o
       416          6          0          0          0       3894   stm32f10x_gpio.o
      1116         64          0         28        370       8385   stm32f10x_it.o
       308         38          0         20          0       4719   stm32f10x_rcc.o
       252         42          0          0          0       3726   stm32f10x_tim.o
       362          6          0          0          0       6067   stm32f10x_usart.o
       310         10          0          0       1024       3042   stm_flash.o
       336         30          0          0          0       1957   system_stm32f10x.o

    ----------------------------------------------------------------------
     13700        802        276       1408      14544     385973   Object Totals
         0          0         32          0          0          0   (incl. Generated)
        24          0          0         11          4          0   (incl. Padding)

    ----------------------------------------------------------------------

      Code (inc. data)   RO Data    RW Data    ZI Data      Debug   Library Member Name

        86          0          0          0          0          0   __dczerorl2.o
         0          0          0          0          0          0   entry.o
         0          0          0          0          0          0   entry10a.o
         0          0          0          0          0          0   entry11a.o
         8          4          0          0          0          0   entry2.o
         4          0          0          0          0          0   entry5.o
         0          0          0          0          0          0   entry7b.o
         0          0          0          0          0          0   entry8b.o
         8          4          0          0          0          0   entry9a.o
        30          0          0          0          0          0   handlers.o
        36          8          0          0          0         68   init.o
        36          0          0          0          0        108   memseta.o

    ----------------------------------------------------------------------
       208         16          0          0          0        176   Library Totals
         0          0          0          0          0          0   (incl. Padding)

    ----------------------------------------------------------------------

      Code (inc. data)   RO Data    RW Data    ZI Data      Debug   Library Name

       208         16          0          0          0        176   mc_w.l

    ----------------------------------------------------------------------
       208         16          0          0          0        176   Library Totals

    ----------------------------------------------------------------------

==============================================================================


      Code (inc. data)   RO Data    RW Data    ZI Data      Debug   

     13908        818        276       1408      14544     379933   Grand Totals
     13908        818        276         80      14544     379933   ELF Image Totals (compressed)
     13908        818        276         80          0          0   ROM Totals

==============================================================================

    Total RO  Size (Code + RO Data)                14184 (  13.85kB)
    Total RW  Size (RW Data + ZI Data)             15952 (  15.58kB)
    Total ROM Size (Code + RO Data + RW Data)      14264 (  13.93kB)

==============================================================================

